###############################################################################
#                                                                             #
# IAR ELF Linker V6.10.1.52143/W32 for ARM              02/Nov/2021  11:38:16 #
# Copyright 2007-2010 IAR Systems AB.                                         #
#                                                                             #
#    Output file  =  C:\Users\WayZim_Dong\Desktop\IOT\×ÊÁÏ\×ÊÁÏ\BOOT\EXP_IOT_ #
#                    ETH_BOOT_PROJECT_V1_0_T20211027\Project\EWARMv5\STM3210C #
#                    -EVAL\Exe\STM3210C-EVAL.out                              #
#    Map file     =  C:\Users\WayZim_Dong\Desktop\IOT\×ÊÁÏ\×ÊÁÏ\BOOT\EXP_IOT_ #
#                    ETH_BOOT_PROJECT_V1_0_T20211027\Project\EWARMv5\STM3210C #
#                    -EVAL\List\STM3210C-EVAL.map                             #
#    Command line =  C:\Users\WayZim_Dong\Desktop\IOT\×ÊÁÏ\×ÊÁÏ\BOOT\EXP_IOT_ #
#                    ETH_BOOT_PROJECT_V1_0_T20211027\Project\EWARMv5\STM3210C #
#                    -EVAL\Obj\api_lib.o C:\Users\WayZim_Dong\Desktop\IOT\×ÊÁ #
#                    Ï\×ÊÁÏ\BOOT\EXP_IOT_ETH_BOOT_PROJECT_V1_0_T20211027\Proj #
#                    ect\EWARMv5\STM3210C-EVAL\Obj\api_msg.o                  #
#                    C:\Users\WayZim_Dong\Desktop\IOT\×ÊÁÏ\×ÊÁÏ\BOOT\EXP_IOT_ #
#                    ETH_BOOT_PROJECT_V1_0_T20211027\Project\EWARMv5\STM3210C #
#                    -EVAL\Obj\autoip.o C:\Users\WayZim_Dong\Desktop\IOT\×ÊÁÏ #
#                    \×ÊÁÏ\BOOT\EXP_IOT_ETH_BOOT_PROJECT_V1_0_T20211027\Proje #
#                    ct\EWARMv5\STM3210C-EVAL\Obj\can_bus.o                   #
#                    C:\Users\WayZim_Dong\Desktop\IOT\×ÊÁÏ\×ÊÁÏ\BOOT\EXP_IOT_ #
#                    ETH_BOOT_PROJECT_V1_0_T20211027\Project\EWARMv5\STM3210C #
#                    -EVAL\Obj\core_cm3.o C:\Users\WayZim_Dong\Desktop\IOT\×Ê #
#                    ÁÏ\×ÊÁÏ\BOOT\EXP_IOT_ETH_BOOT_PROJECT_V1_0_T20211027\Pro #
#                    ject\EWARMv5\STM3210C-EVAL\Obj\dhcp.o                    #
#                    C:\Users\WayZim_Dong\Desktop\IOT\×ÊÁÏ\×ÊÁÏ\BOOT\EXP_IOT_ #
#                    ETH_BOOT_PROJECT_V1_0_T20211027\Project\EWARMv5\STM3210C #
#                    -EVAL\Obj\err.o C:\Users\WayZim_Dong\Desktop\IOT\×ÊÁÏ\×Ê #
#                    ÁÏ\BOOT\EXP_IOT_ETH_BOOT_PROJECT_V1_0_T20211027\Project\ #
#                    EWARMv5\STM3210C-EVAL\Obj\etharp.o                       #
#                    C:\Users\WayZim_Dong\Desktop\IOT\×ÊÁÏ\×ÊÁÏ\BOOT\EXP_IOT_ #
#                    ETH_BOOT_PROJECT_V1_0_T20211027\Project\EWARMv5\STM3210C #
#                    -EVAL\Obj\ethernetif.o C:\Users\WayZim_Dong\Desktop\IOT\ #
#                    ×ÊÁÏ\×ÊÁÏ\BOOT\EXP_IOT_ETH_BOOT_PROJECT_V1_0_T20211027\P #
#                    roject\EWARMv5\STM3210C-EVAL\Obj\fun.o                   #
#                    C:\Users\WayZim_Dong\Desktop\IOT\×ÊÁÏ\×ÊÁÏ\BOOT\EXP_IOT_ #
#                    ETH_BOOT_PROJECT_V1_0_T20211027\Project\EWARMv5\STM3210C #
#                    -EVAL\Obj\icmp.o C:\Users\WayZim_Dong\Desktop\IOT\×ÊÁÏ\× #
#                    ÊÁÏ\BOOT\EXP_IOT_ETH_BOOT_PROJECT_V1_0_T20211027\Project #
#                    \EWARMv5\STM3210C-EVAL\Obj\igmp.o                        #
#                    C:\Users\WayZim_Dong\Desktop\IOT\×ÊÁÏ\×ÊÁÏ\BOOT\EXP_IOT_ #
#                    ETH_BOOT_PROJECT_V1_0_T20211027\Project\EWARMv5\STM3210C #
#                    -EVAL\Obj\inet.o C:\Users\WayZim_Dong\Desktop\IOT\×ÊÁÏ\× #
#                    ÊÁÏ\BOOT\EXP_IOT_ETH_BOOT_PROJECT_V1_0_T20211027\Project #
#                    \EWARMv5\STM3210C-EVAL\Obj\inet_chksum.o                 #
#                    C:\Users\WayZim_Dong\Desktop\IOT\×ÊÁÏ\×ÊÁÏ\BOOT\EXP_IOT_ #
#                    ETH_BOOT_PROJECT_V1_0_T20211027\Project\EWARMv5\STM3210C #
#                    -EVAL\Obj\init.o C:\Users\WayZim_Dong\Desktop\IOT\×ÊÁÏ\× #
#                    ÊÁÏ\BOOT\EXP_IOT_ETH_BOOT_PROJECT_V1_0_T20211027\Project #
#                    \EWARMv5\STM3210C-EVAL\Obj\ip.o                          #
#                    C:\Users\WayZim_Dong\Desktop\IOT\×ÊÁÏ\×ÊÁÏ\BOOT\EXP_IOT_ #
#                    ETH_BOOT_PROJECT_V1_0_T20211027\Project\EWARMv5\STM3210C #
#                    -EVAL\Obj\ip_addr.o C:\Users\WayZim_Dong\Desktop\IOT\×ÊÁ #
#                    Ï\×ÊÁÏ\BOOT\EXP_IOT_ETH_BOOT_PROJECT_V1_0_T20211027\Proj #
#                    ect\EWARMv5\STM3210C-EVAL\Obj\ip_frag.o                  #
#                    C:\Users\WayZim_Dong\Desktop\IOT\×ÊÁÏ\×ÊÁÏ\BOOT\EXP_IOT_ #
#                    ETH_BOOT_PROJECT_V1_0_T20211027\Project\EWARMv5\STM3210C #
#                    -EVAL\Obj\main.o C:\Users\WayZim_Dong\Desktop\IOT\×ÊÁÏ\× #
#                    ÊÁÏ\BOOT\EXP_IOT_ETH_BOOT_PROJECT_V1_0_T20211027\Project #
#                    \EWARMv5\STM3210C-EVAL\Obj\mem.o                         #
#                    C:\Users\WayZim_Dong\Desktop\IOT\×ÊÁÏ\×ÊÁÏ\BOOT\EXP_IOT_ #
#                    ETH_BOOT_PROJECT_V1_0_T20211027\Project\EWARMv5\STM3210C #
#                    -EVAL\Obj\memp.o C:\Users\WayZim_Dong\Desktop\IOT\×ÊÁÏ\× #
#                    ÊÁÏ\BOOT\EXP_IOT_ETH_BOOT_PROJECT_V1_0_T20211027\Project #
#                    \EWARMv5\STM3210C-EVAL\Obj\misc.o                        #
#                    C:\Users\WayZim_Dong\Desktop\IOT\×ÊÁÏ\×ÊÁÏ\BOOT\EXP_IOT_ #
#                    ETH_BOOT_PROJECT_V1_0_T20211027\Project\EWARMv5\STM3210C #
#                    -EVAL\Obj\netbuf.o C:\Users\WayZim_Dong\Desktop\IOT\×ÊÁÏ #
#                    \×ÊÁÏ\BOOT\EXP_IOT_ETH_BOOT_PROJECT_V1_0_T20211027\Proje #
#                    ct\EWARMv5\STM3210C-EVAL\Obj\netconf.o                   #
#                    C:\Users\WayZim_Dong\Desktop\IOT\×ÊÁÏ\×ÊÁÏ\BOOT\EXP_IOT_ #
#                    ETH_BOOT_PROJECT_V1_0_T20211027\Project\EWARMv5\STM3210C #
#                    -EVAL\Obj\netdb.o C:\Users\WayZim_Dong\Desktop\IOT\×ÊÁÏ\ #
#                    ×ÊÁÏ\BOOT\EXP_IOT_ETH_BOOT_PROJECT_V1_0_T20211027\Projec #
#                    t\EWARMv5\STM3210C-EVAL\Obj\netif.o                      #
#                    C:\Users\WayZim_Dong\Desktop\IOT\×ÊÁÏ\×ÊÁÏ\BOOT\EXP_IOT_ #
#                    ETH_BOOT_PROJECT_V1_0_T20211027\Project\EWARMv5\STM3210C #
#                    -EVAL\Obj\netifapi.o C:\Users\WayZim_Dong\Desktop\IOT\×Ê #
#                    ÁÏ\×ÊÁÏ\BOOT\EXP_IOT_ETH_BOOT_PROJECT_V1_0_T20211027\Pro #
#                    ject\EWARMv5\STM3210C-EVAL\Obj\pbuf.o                    #
#                    C:\Users\WayZim_Dong\Desktop\IOT\×ÊÁÏ\×ÊÁÏ\BOOT\EXP_IOT_ #
#                    ETH_BOOT_PROJECT_V1_0_T20211027\Project\EWARMv5\STM3210C #
#                    -EVAL\Obj\raw.o C:\Users\WayZim_Dong\Desktop\IOT\×ÊÁÏ\×Ê #
#                    ÁÏ\BOOT\EXP_IOT_ETH_BOOT_PROJECT_V1_0_T20211027\Project\ #
#                    EWARMv5\STM3210C-EVAL\Obj\startup_stm32f10x_cl.o         #
#                    C:\Users\WayZim_Dong\Desktop\IOT\×ÊÁÏ\×ÊÁÏ\BOOT\EXP_IOT_ #
#                    ETH_BOOT_PROJECT_V1_0_T20211027\Project\EWARMv5\STM3210C #
#                    -EVAL\Obj\stats.o C:\Users\WayZim_Dong\Desktop\IOT\×ÊÁÏ\ #
#                    ×ÊÁÏ\BOOT\EXP_IOT_ETH_BOOT_PROJECT_V1_0_T20211027\Projec #
#                    t\EWARMv5\STM3210C-EVAL\Obj\stm32_eth.o                  #
#                    C:\Users\WayZim_Dong\Desktop\IOT\×ÊÁÏ\×ÊÁÏ\BOOT\EXP_IOT_ #
#                    ETH_BOOT_PROJECT_V1_0_T20211027\Project\EWARMv5\STM3210C #
#                    -EVAL\Obj\stm32f107.o C:\Users\WayZim_Dong\Desktop\IOT\× #
#                    ÊÁÏ\×ÊÁÏ\BOOT\EXP_IOT_ETH_BOOT_PROJECT_V1_0_T20211027\Pr #
#                    oject\EWARMv5\STM3210C-EVAL\Obj\stm32f10x_adc.o          #
#                    C:\Users\WayZim_Dong\Desktop\IOT\×ÊÁÏ\×ÊÁÏ\BOOT\EXP_IOT_ #
#                    ETH_BOOT_PROJECT_V1_0_T20211027\Project\EWARMv5\STM3210C #
#                    -EVAL\Obj\stm32f10x_bkp.o C:\Users\WayZim_Dong\Desktop\I #
#                    OT\×ÊÁÏ\×ÊÁÏ\BOOT\EXP_IOT_ETH_BOOT_PROJECT_V1_0_T2021102 #
#                    7\Project\EWARMv5\STM3210C-EVAL\Obj\stm32f10x_can.o      #
#                    C:\Users\WayZim_Dong\Desktop\IOT\×ÊÁÏ\×ÊÁÏ\BOOT\EXP_IOT_ #
#                    ETH_BOOT_PROJECT_V1_0_T20211027\Project\EWARMv5\STM3210C #
#                    -EVAL\Obj\stm32f10x_dma.o C:\Users\WayZim_Dong\Desktop\I #
#                    OT\×ÊÁÏ\×ÊÁÏ\BOOT\EXP_IOT_ETH_BOOT_PROJECT_V1_0_T2021102 #
#                    7\Project\EWARMv5\STM3210C-EVAL\Obj\stm32f10x_exti.o     #
#                    C:\Users\WayZim_Dong\Desktop\IOT\×ÊÁÏ\×ÊÁÏ\BOOT\EXP_IOT_ #
#                    ETH_BOOT_PROJECT_V1_0_T20211027\Project\EWARMv5\STM3210C #
#                    -EVAL\Obj\stm32f10x_flash.o                              #
#                    C:\Users\WayZim_Dong\Desktop\IOT\×ÊÁÏ\×ÊÁÏ\BOOT\EXP_IOT_ #
#                    ETH_BOOT_PROJECT_V1_0_T20211027\Project\EWARMv5\STM3210C #
#                    -EVAL\Obj\stm32f10x_gpio.o C:\Users\WayZim_Dong\Desktop\ #
#                    IOT\×ÊÁÏ\×ÊÁÏ\BOOT\EXP_IOT_ETH_BOOT_PROJECT_V1_0_T202110 #
#                    27\Project\EWARMv5\STM3210C-EVAL\Obj\stm32f10x_i2c.o     #
#                    C:\Users\WayZim_Dong\Desktop\IOT\×ÊÁÏ\×ÊÁÏ\BOOT\EXP_IOT_ #
#                    ETH_BOOT_PROJECT_V1_0_T20211027\Project\EWARMv5\STM3210C #
#                    -EVAL\Obj\stm32f10x_it.o C:\Users\WayZim_Dong\Desktop\IO #
#                    T\×ÊÁÏ\×ÊÁÏ\BOOT\EXP_IOT_ETH_BOOT_PROJECT_V1_0_T20211027 #
#                    \Project\EWARMv5\STM3210C-EVAL\Obj\stm32f10x_pwr.o       #
#                    C:\Users\WayZim_Dong\Desktop\IOT\×ÊÁÏ\×ÊÁÏ\BOOT\EXP_IOT_ #
#                    ETH_BOOT_PROJECT_V1_0_T20211027\Project\EWARMv5\STM3210C #
#                    -EVAL\Obj\stm32f10x_rcc.o C:\Users\WayZim_Dong\Desktop\I #
#                    OT\×ÊÁÏ\×ÊÁÏ\BOOT\EXP_IOT_ETH_BOOT_PROJECT_V1_0_T2021102 #
#                    7\Project\EWARMv5\STM3210C-EVAL\Obj\stm32f10x_rtc.o      #
#                    C:\Users\WayZim_Dong\Desktop\IOT\×ÊÁÏ\×ÊÁÏ\BOOT\EXP_IOT_ #
#                    ETH_BOOT_PROJECT_V1_0_T20211027\Project\EWARMv5\STM3210C #
#                    -EVAL\Obj\stm32f10x_spi.o C:\Users\WayZim_Dong\Desktop\I #
#                    OT\×ÊÁÏ\×ÊÁÏ\BOOT\EXP_IOT_ETH_BOOT_PROJECT_V1_0_T2021102 #
#                    7\Project\EWARMv5\STM3210C-EVAL\Obj\stm32f10x_tim.o      #
#                    C:\Users\WayZim_Dong\Desktop\IOT\×ÊÁÏ\×ÊÁÏ\BOOT\EXP_IOT_ #
#                    ETH_BOOT_PROJECT_V1_0_T20211027\Project\EWARMv5\STM3210C #
#                    -EVAL\Obj\stm32f10x_usart.o                              #
#                    C:\Users\WayZim_Dong\Desktop\IOT\×ÊÁÏ\×ÊÁÏ\BOOT\EXP_IOT_ #
#                    ETH_BOOT_PROJECT_V1_0_T20211027\Project\EWARMv5\STM3210C #
#                    -EVAL\Obj\sys.o C:\Users\WayZim_Dong\Desktop\IOT\×ÊÁÏ\×Ê #
#                    ÁÏ\BOOT\EXP_IOT_ETH_BOOT_PROJECT_V1_0_T20211027\Project\ #
#                    EWARMv5\STM3210C-EVAL\Obj\system_stm32f10x.o             #
#                    C:\Users\WayZim_Dong\Desktop\IOT\×ÊÁÏ\×ÊÁÏ\BOOT\EXP_IOT_ #
#                    ETH_BOOT_PROJECT_V1_0_T20211027\Project\EWARMv5\STM3210C #
#                    -EVAL\Obj\tcp.o C:\Users\WayZim_Dong\Desktop\IOT\×ÊÁÏ\×Ê #
#                    ÁÏ\BOOT\EXP_IOT_ETH_BOOT_PROJECT_V1_0_T20211027\Project\ #
#                    EWARMv5\STM3210C-EVAL\Obj\tcp_in.o                       #
#                    C:\Users\WayZim_Dong\Desktop\IOT\×ÊÁÏ\×ÊÁÏ\BOOT\EXP_IOT_ #
#                    ETH_BOOT_PROJECT_V1_0_T20211027\Project\EWARMv5\STM3210C #
#                    -EVAL\Obj\tcp_out.o C:\Users\WayZim_Dong\Desktop\IOT\×ÊÁ #
#                    Ï\×ÊÁÏ\BOOT\EXP_IOT_ETH_BOOT_PROJECT_V1_0_T20211027\Proj #
#                    ect\EWARMv5\STM3210C-EVAL\Obj\tcpip.o                    #
#                    C:\Users\WayZim_Dong\Desktop\IOT\×ÊÁÏ\×ÊÁÏ\BOOT\EXP_IOT_ #
#                    ETH_BOOT_PROJECT_V1_0_T20211027\Project\EWARMv5\STM3210C #
#                    -EVAL\Obj\tftpserver.o C:\Users\WayZim_Dong\Desktop\IOT\ #
#                    ×ÊÁÏ\×ÊÁÏ\BOOT\EXP_IOT_ETH_BOOT_PROJECT_V1_0_T20211027\P #
#                    roject\EWARMv5\STM3210C-EVAL\Obj\tftputils.o             #
#                    C:\Users\WayZim_Dong\Desktop\IOT\×ÊÁÏ\×ÊÁÏ\BOOT\EXP_IOT_ #
#                    ETH_BOOT_PROJECT_V1_0_T20211027\Project\EWARMv5\STM3210C #
#                    -EVAL\Obj\udp.o C:\Users\WayZim_Dong\Desktop\IOT\×ÊÁÏ\×Ê #
#                    ÁÏ\BOOT\EXP_IOT_ETH_BOOT_PROJECT_V1_0_T20211027\Project\ #
#                    EWARMv5\STM3210C-EVAL\Obj\udpclient.o -o                 #
#                    C:\Users\WayZim_Dong\Desktop\IOT\×ÊÁÏ\×ÊÁÏ\BOOT\EXP_IOT_ #
#                    ETH_BOOT_PROJECT_V1_0_T20211027\Project\EWARMv5\STM3210C #
#                    -EVAL\Exe\STM3210C-EVAL.out --map                        #
#                    C:\Users\WayZim_Dong\Desktop\IOT\×ÊÁÏ\×ÊÁÏ\BOOT\EXP_IOT_ #
#                    ETH_BOOT_PROJECT_V1_0_T20211027\Project\EWARMv5\STM3210C #
#                    -EVAL\List\STM3210C-EVAL.map --config                    #
#                    C:\Users\WayZim_Dong\Desktop\IOT\×ÊÁÏ\×ÊÁÏ\BOOT\EXP_IOT_ #
#                    ETH_BOOT_PROJECT_V1_0_T20211027\Project\EWARMv5\STM32F10 #
#                    x_FLASH.icf --semihosting --entry __iar_program_start    #
#                                                                             #
#                                                                             #
###############################################################################

*******************************************************************************
*** RUNTIME MODEL ATTRIBUTES
***

CppFlavor       = *
__SystemLibrary = DLib


*******************************************************************************
*** PLACEMENT SUMMARY
***

"A1":  place at 0x08000000 { ro section .intvec };
"P1":  place in [from 0x08000000 to 0x0803ffff] { ro };
"P2":  place in [from 0x20000000 to 0x2000ffff] { rw, block CSTACK, block HEAP };

  Section             Kind        Address    Size  Object
  -------             ----        -------    ----  ------
"A1":                                       0x150
  .intvec             ro code  0x08000000   0x150  startup_stm32f10x_cl.o [1]
                             - 0x08000150   0x150

"P1":                                      0x9460
  .text               ro code  0x08000150  0x12ec  dlmalloc.o [3]
  .text               ro code  0x0800143c     0xa  abort.o [3]
  .text               ro code  0x08001446    0x2e  copy_init3.o [5]
  .text               ro code  0x08001474    0x28  xgetmemchunk.o [3]
  .text               ro code  0x0800149c    0xb4  xsyslock.o [3]
  .text               ro code  0x08001550    0x14  exit.o [6]
  .text               ro code  0x08001564     0x4  xmtx2.o [3]
  .text               ro code  0x08001568     0x8  xmtx.o [3]
  .text               ro code  0x08001570    0x30  iarttio.o [6]
  .text               ro code  0x080015a0     0x8  XShttio.o [3]
  .text               ro code  0x080015a8  0x1076  xprintffull.o [3]
  .text               ro code  0x0800261e    0x20  xmbtowc.o [3]
  .text               ro code  0x0800263e    0x22  zero_init3.o [5]
  .text               ro code  0x08002660    0x16  strchr.o [5]
  .text               ro code  0x08002676     0xa  xsprout.o [3]
  .text               ro code  0x08002680    0x58  memchr.o [5]
  .text               ro code  0x080026d8    0x36  strlen.o [5]
  .text               ro code  0x0800270e     0xa  xmbcurmax.o [3]
  .text               ro code  0x08002718    0x1a  xwctomb.o [3]
  .text               ro code  0x08002734    0x70  ABImemcpy.o [5]
  .text               ro code  0x080027a4   0x12e  I64DivMod.o [5]
  .text               ro code  0x080028d4    0x44  xdnorm.o [4]
  .text               ro code  0x08002918    0x2e  DblCmpLe.o [4]
  .text               ro code  0x08002948    0x2e  DblCmpGe.o [4]
  .text               ro code  0x08002978   0x118  xdscale.o [4]
  .text               ro code  0x08002a90    0x56  DblToI32.o [4]
  .text               ro code  0x08002ae8    0x2e  I32ToDbl.o [4]
  .text               ro code  0x08002b18   0x17e  DblSub.o [4]
  .text               ro code  0x08002c98   0x1a2  DblMul.o [4]
  .text               ro code  0x08002e3c   0x246  DblDiv.o [4]
  .text               ro code  0x08003084    0x6c  localeconv.o [3]
  .text               ro code  0x080030f0     0xe  div.o [3]
  .text               ro code  0x08003100    0x14  setlocale.o [3]
  .text               ro code  0x08003114    0x5c  xencoding_sb.o [3]
  .text               ro code  0x08003170     0x2  I64DivZer.o [5]
  .text               ro code  0x08003174    0xe6  DblAdd.o [4]
  .text               ro code  0x0800325a     0x2  xtls.o [3]
  .text               ro code  0x0800325c   0xd44  can_bus.o [1]
  .text               ro code  0x08003fa0     0xe  tftputils.o [1]
  .text               ro code  0x08003fb0   0x526  stm32f10x_can.o [1]
  .text               ro code  0x080044d8    0x34  sprintf.o [3]
  .text               ro code  0x0800450c   0x38c  udpclient.o [1]
  .text               ro code  0x08004898   0x374  main.o [1]
  .text               ro code  0x08004c0c   0x1fc  stm32f10x_flash.o [1]
  .text               ro code  0x08004e08   0x558  stm32f107.o [1]
  .text               ro code  0x08005360   0x1e8  stm32f10x_rcc.o [1]
  .text               ro code  0x08005548   0x44c  udp.o [1]
  .text               ro code  0x08005994    0x36  inet.o [1]
  .text               ro code  0x080059ca   0x576  pbuf.o [1]
  .text               ro code  0x08005f40   0x1dc  fun.o [1]
  .text               ro code  0x0800611c   0x198  stm32f10x_gpio.o [1]
  .text               ro code  0x080062b4     0x8  core_cm3.o [1]
  .text               ro code  0x080062bc    0xc8  netconf.o [1]
  .text               ro code  0x08006384   0x630  tftpserver.o [1]
  .text               ro code  0x080069b4   0x198  system_stm32f10x.o [1]
  .text               ro code  0x08006b4c   0x716  stm32_eth.o [1]
  .text               ro code  0x08007264    0x98  misc.o [1]
  .text               ro code  0x080072fc    0x54  ip_addr.o [1]
  .text               ro code  0x08007350   0x1f8  icmp.o [1]
  .text               ro code  0x08007548   0x358  ip.o [1]
  .text               ro code  0x080078a0    0xd4  memp.o [1]
  .text               ro code  0x08007974    0x14  udp.o [1]
  .text               ro code  0x08007988   0x364  mem.o [1]
  .text               ro code  0x08007cec   0x2d0  ethernetif.o [1]
  .text               ro code  0x08007fbc    0xe0  netif.o [1]
  .text               ro code  0x0800809c   0xa1c  etharp.o [1]
  .text               ro code  0x08008ab8    0x72  tftputils.o [1]
  .text               ro code  0x08008b2a    0xac  inet_chksum.o [1]
  .text               ro code  0x08008bd8   0x5d8  ip_frag.o [1]
  .text               ro code  0x080091b0    0x88  raw.o [1]
  .text               ro code  0x08009238    0x66  ABImemset.o [5]
  .text               ro code  0x080092a0    0x44  strcpy.o [5]
  .text               ro code  0x080092e4    0x88  stm32f10x_it.o [1]
  .text               ro code  0x0800936c    0x2c  data_init3.o [5]
  .iar.init_table     const    0x08009398    0x24  - Linker created -
  .text               ro code  0x080093bc    0x16  cmain.o [5]
  .text               ro code  0x080093d2     0x4  low_level_init.o [3]
  .text               ro code  0x080093d6     0x8  exit.o [3]
  .text               ro code  0x080093e0     0xe  cexit.o [5]
  .text               ro code  0x080093ee     0xc  cstartup_M.o [5]
  .text               ro code  0x080093fa     0x4  startup_stm32f10x_cl.o [1]
  .text               ro code  0x080093fe     0x4  startup_stm32f10x_cl.o [1]
  .text               ro code  0x08009402     0x4  startup_stm32f10x_cl.o [1]
  .text               ro code  0x08009406     0x4  startup_stm32f10x_cl.o [1]
  .text               ro code  0x0800940a     0x4  startup_stm32f10x_cl.o [1]
  .text               ro code  0x0800940e     0x4  startup_stm32f10x_cl.o [1]
  .text               ro code  0x08009412     0x4  startup_stm32f10x_cl.o [1]
  .text               ro code  0x08009416     0x4  startup_stm32f10x_cl.o [1]
  .text               ro code  0x0800941a     0x4  startup_stm32f10x_cl.o [1]
  .text               ro code  0x0800941e     0x4  startup_stm32f10x_cl.o [1]
  .text               ro code  0x08009422     0x4  startup_stm32f10x_cl.o [1]
  .text               ro code  0x08009426     0x4  startup_stm32f10x_cl.o [1]
  .text               ro code  0x0800942a     0x4  startup_stm32f10x_cl.o [1]
  .text               ro code  0x0800942e     0x4  startup_stm32f10x_cl.o [1]
  .text               ro code  0x08009432     0x4  startup_stm32f10x_cl.o [1]
  .text               ro code  0x08009436     0x4  startup_stm32f10x_cl.o [1]
  .text               ro code  0x0800943a     0x4  startup_stm32f10x_cl.o [1]
  .text               ro code  0x0800943e     0x4  startup_stm32f10x_cl.o [1]
  .text               ro code  0x08009442     0x4  startup_stm32f10x_cl.o [1]
  .text               ro code  0x08009446     0x4  startup_stm32f10x_cl.o [1]
  .text               ro code  0x0800944a     0x4  startup_stm32f10x_cl.o [1]
  .text               ro code  0x0800944e     0x4  startup_stm32f10x_cl.o [1]
  .text               ro code  0x08009452     0x4  startup_stm32f10x_cl.o [1]
  .text               ro code  0x08009456     0x4  startup_stm32f10x_cl.o [1]
  .text               ro code  0x0800945a     0x4  startup_stm32f10x_cl.o [1]
  .text               ro code  0x0800945e     0x4  startup_stm32f10x_cl.o [1]
  .text               ro code  0x08009462     0x4  startup_stm32f10x_cl.o [1]
  .text               ro code  0x08009466     0x4  startup_stm32f10x_cl.o [1]
  .text               ro code  0x0800946a     0x4  startup_stm32f10x_cl.o [1]
  .text               ro code  0x0800946e     0x4  startup_stm32f10x_cl.o [1]
  .text               ro code  0x08009472     0x4  startup_stm32f10x_cl.o [1]
  .text               ro code  0x08009476     0x4  startup_stm32f10x_cl.o [1]
  .text               ro code  0x0800947a     0x4  startup_stm32f10x_cl.o [1]
  .text               ro code  0x0800947e     0x4  startup_stm32f10x_cl.o [1]
  .text               ro code  0x08009482     0x4  startup_stm32f10x_cl.o [1]
  .text               ro code  0x08009486     0x4  startup_stm32f10x_cl.o [1]
  .text               ro code  0x0800948a     0x4  startup_stm32f10x_cl.o [1]
  .text               ro code  0x0800948e     0x4  startup_stm32f10x_cl.o [1]
  .text               ro code  0x08009492     0x4  startup_stm32f10x_cl.o [1]
  .text               ro code  0x08009496     0x4  startup_stm32f10x_cl.o [1]
  .text               ro code  0x0800949a     0x4  startup_stm32f10x_cl.o [1]
  .text               ro code  0x0800949e     0x4  startup_stm32f10x_cl.o [1]
  .text               ro code  0x080094a2     0x4  startup_stm32f10x_cl.o [1]
  .text               ro code  0x080094a6     0x4  startup_stm32f10x_cl.o [1]
  .text               ro code  0x080094aa     0x4  startup_stm32f10x_cl.o [1]
  .text               ro code  0x080094ae     0x4  startup_stm32f10x_cl.o [1]
  .text               ro code  0x080094b2     0x4  startup_stm32f10x_cl.o [1]
  .text               ro code  0x080094b6     0x4  startup_stm32f10x_cl.o [1]
  .text               ro code  0x080094ba     0x4  startup_stm32f10x_cl.o [1]
  .text               ro code  0x080094be     0x4  startup_stm32f10x_cl.o [1]
  .text               ro code  0x080094c2     0x4  startup_stm32f10x_cl.o [1]
  .text               ro code  0x080094c6     0x4  startup_stm32f10x_cl.o [1]
  .text               ro code  0x080094ca     0x4  startup_stm32f10x_cl.o [1]
  .text               ro code  0x080094ce     0x4  startup_stm32f10x_cl.o [1]
  .text               ro code  0x080094d2     0x4  startup_stm32f10x_cl.o [1]
  .text               ro code  0x080094d6     0x4  startup_stm32f10x_cl.o [1]
  .text               ro code  0x080094da     0x4  startup_stm32f10x_cl.o [1]
  .text               ro code  0x080094de     0x4  startup_stm32f10x_cl.o [1]
  .text               ro code  0x080094e2     0x4  startup_stm32f10x_cl.o [1]
  .text               ro code  0x080094e6     0x4  startup_stm32f10x_cl.o [1]
  .text               ro code  0x080094ea     0x4  startup_stm32f10x_cl.o [1]
  .text               ro code  0x080094ee     0x4  startup_stm32f10x_cl.o [1]
  .text               ro code  0x080094f2     0x4  startup_stm32f10x_cl.o [1]
  .text               ro code  0x080094f6     0x4  startup_stm32f10x_cl.o [1]
  .text               ro code  0x080094fa     0x4  startup_stm32f10x_cl.o [1]
  .text               ro code  0x080094fe     0x4  startup_stm32f10x_cl.o [1]
  .text               ro code  0x08009502     0x4  startup_stm32f10x_cl.o [1]
  .text               ro code  0x08009506     0x4  startup_stm32f10x_cl.o [1]
  .text               ro code  0x0800950a     0x4  startup_stm32f10x_cl.o [1]
  .text               ro code  0x0800950e     0x4  startup_stm32f10x_cl.o [1]
  .text               ro code  0x08009514     0x0  cstart_clearlocks.o [5]
  Initializer bytes   ro data  0x08009514    0x9c  <for P2 s0>
                             - 0x080095b0  0x9460

"P2", part 1 of 3:                           0x9c
  P2 s0                        0x20000000    0x9c  <Init block>
    __DLIB_PERTHREAD  inited   0x20000000    0x50  localeconv.o [3]
    .data             inited   0x20000050    0x24  tftpserver.o [1]
    .data             inited   0x20000074    0x10  stm32f10x_rcc.o [1]
    .data             inited   0x20000084     0x8  XShttio.o [3]
    .data             inited   0x2000008c     0x4  stm32f10x_rcc.o [1]
    .data             inited   0x20000090     0x4  tftpserver.o [1]
    .data             inited   0x20000094     0x2  main.o [1]
    .data             inited   0x20000096     0x2  tftpserver.o [1]
    .data             inited   0x20000098     0x1  tftpserver.o [1]
                             - 0x2000009c    0x9c

"P2", part 2 of 3:                         0xc1cc
  .bss                zero     0x2000009c  0x5014  mem.o [1]
  .bss                zero     0x200050b0  0x3e9c  memp.o [1]
  .bss                zero     0x20008f4c  0x17c0  ethernetif.o [1]
  .bss                zero     0x2000a70c   0xbe0  ethernetif.o [1]
  .bss                zero     0x2000b2ec   0x5e0  ip_frag.o [1]
  .bss                zero     0x2000b8cc   0x1d4  dlmalloc.o [3]
  .bss                zero     0x2000baa0   0x12c  can_bus.o [1]
  .bss                zero     0x2000bbcc   0x12c  can_bus.o [1]
  .bss                zero     0x2000bcf8    0xe0  udpclient.o [1]
  .bss                zero     0x2000bdd8    0xc8  etharp.o [1]
  .bss                zero     0x2000bea0    0xc8  fun.o [1]
  .bss                zero     0x2000bf68    0xc8  fun.o [1]
  __DLIB_PERTHREAD    zero     0x2000c030    0x74  setlocale.o [3]
  .bss                zero     0x2000c0a4    0x40  ethernetif.o [1]
  .bss                zero     0x2000c0e4    0x38  xsyslock.o [3]
  .bss                zero     0x2000c11c    0x30  netconf.o [1]
  .bss                zero     0x2000c14c    0x20  ethernetif.o [1]
  .bss                zero     0x2000c16c    0x18  memp.o [1]
  .bss                zero     0x2000c184    0x18  dlmalloc.o [3]
  .bss                zero     0x2000c19c    0x10  can_bus.o [1]
  .bss                zero     0x2000c1ac    0x10  fun.o [1]
  .bss                zero     0x2000c1bc     0xc  fun.o [1]
  .bss                zero     0x2000c1c8     0x8  ethernetif.o [1]
  .bss                zero     0x2000c1d0     0x8  main.o [1]
  .bss                zero     0x2000c1d8     0x4  fun.o [1]
  .bss                zero     0x2000c1dc     0x4  ip.o [1]
  .bss                zero     0x2000c1e0     0x4  ip.o [1]
  .bss                zero     0x2000c1e4     0x4  ip_frag.o [1]
  .bss                zero     0x2000c1e8     0x4  main.o [1]
  .bss                zero     0x2000c1ec     0x4  main.o [1]
  .bss                zero     0x2000c1f0     0x4  main.o [1]
  .bss                zero     0x2000c1f4     0x4  main.o [1]
  .bss                zero     0x2000c1f8     0x4  mem.o [1]
  .bss                zero     0x2000c1fc     0x4  mem.o [1]
  .bss                zero     0x2000c200     0x4  mem.o [1]
  .bss                zero     0x2000c204     0x4  netconf.o [1]
  .bss                zero     0x2000c208     0x4  netif.o [1]
  .bss                zero     0x2000c20c     0x4  netif.o [1]
  .bss                zero     0x2000c210     0x4  raw.o [1]
  .bss                zero     0x2000c214     0x4  stm32_eth.o [1]
  .bss                zero     0x2000c218     0x4  stm32_eth.o [1]
  .bss                zero     0x2000c21c     0x4  stm32f107.o [1]
  .bss                zero     0x2000c220     0x4  tftpserver.o [1]
  .bss                zero     0x2000c224     0x4  tftpserver.o [1]
  .bss                zero     0x2000c228     0x4  tftpserver.o [1]
  .bss                zero     0x2000c22c     0x4  tftpserver.o [1]
  .bss                zero     0x2000c230     0x4  udp.o [1]
  .bss                zero     0x2000c234     0x4  xgetmemchunk.o [3]
  .bss                zero     0x2000c238     0x2  can_bus.o [1]
  .bss                zero     0x2000c23a     0x2  can_bus.o [1]
  .bss                zero     0x2000c23c     0x2  can_bus.o [1]
  .bss                zero     0x2000c23e     0x2  can_bus.o [1]
  .bss                zero     0x2000c240     0x2  can_bus.o [1]
  .bss                zero     0x2000c242     0x2  can_bus.o [1]
  .bss                zero     0x2000c244     0x2  can_bus.o [1]
  .bss                zero     0x2000c246     0x2  can_bus.o [1]
  .bss                zero     0x2000c248     0x2  can_bus.o [1]
  .bss                zero     0x2000c24a     0x2  can_bus.o [1]
  .bss                zero     0x2000c24c     0x2  can_bus.o [1]
  .bss                zero     0x2000c24e     0x2  fun.o [1]
  .bss                zero     0x2000c250     0x2  ip.o [1]
  .bss                zero     0x2000c252     0x2  ip_frag.o [1]
  .bss                zero     0x2000c254     0x2  main.o [1]
  .bss                zero     0x2000c256     0x2  main.o [1]
  .bss                zero     0x2000c258     0x1  can_bus.o [1]
  .bss                zero     0x2000c259     0x1  can_bus.o [1]
  .bss                zero     0x2000c25a     0x1  can_bus.o [1]
  .bss                zero     0x2000c25b     0x1  can_bus.o [1]
  .bss                zero     0x2000c25c     0x1  can_bus.o [1]
  .bss                zero     0x2000c25d     0x1  can_bus.o [1]
  .bss                zero     0x2000c25e     0x1  can_bus.o [1]
  .bss                zero     0x2000c25f     0x1  can_bus.o [1]
  .bss                zero     0x2000c260     0x1  etharp.o [1]
  .bss                zero     0x2000c261     0x1  fun.o [1]
  .bss                zero     0x2000c262     0x1  main.o [1]
  .bss                zero     0x2000c263     0x1  mem.o [1]
  .bss                zero     0x2000c264     0x1  netif.o [1]
  .bss                zero     0x2000c265     0x1  tftpserver.o [1]
                             - 0x2000c266  0xc1ca

"P2", part 3 of 3:                         0x1100
  CSTACK                       0x2000c268  0x1000  <Block>
    CSTACK            uninit   0x2000c268  0x1000  <Block tail>
  HEAP                         0x2000d268   0x100  <Block>
    HEAP              uninit   0x2000d268   0x100  <Block tail>
                             - 0x2000d368  0x1100


*******************************************************************************
*** INIT TABLE
***

          Address     Size
          -------     ----
Zero (__iar_zero_init3)
    1 destination range, total size 0xc1ca:
          0x2000009c  0xc1ca

Copy (__iar_copy_init3)
    1 source range, total size 0x9c (101% of destination):
          0x08009514    0x9c
    1 destination range, total size 0x99:
          0x20000000    0x99


*******************************************************************************
*** MODULE SUMMARY
***

    Module                  ro code  ro data  rw data
    ------                  -------  -------  -------
C:\Users\WayZim_Dong\Desktop\IOT\×ÊÁÏ\×ÊÁÏ\BOOT\EXP_IOT_ETH_BOOT_PROJECT_V1_0_T20211027\Project\EWARMv5\STM3210C-EVAL\Obj: [1]
    can_bus.o                 3 396               646
    core_cm3.o                    8
    etharp.o                  2 588               201
    ethernetif.o                720             9 224
    fun.o                       476               435
    icmp.o                      504
    inet.o                       54
    inet_chksum.o               172
    ip.o                        856                10
    ip_addr.o                    84
    ip_frag.o                 1 496             1 510
    main.o                      884        2       31
    mem.o                       868            20 513
    memp.o                      212            16 052
    misc.o                      152
    netconf.o                   200                52
    netif.o                     224                 9
    pbuf.o                    1 398
    raw.o                       136                 4
    startup_stm32f10x_cl.o      616
    stm32_eth.o               1 814                 8
    stm32f107.o               1 368                 4
    stm32f10x_can.o           1 318
    stm32f10x_flash.o           508
    stm32f10x_gpio.o            408
    stm32f10x_it.o              136
    stm32f10x_rcc.o             488       20       20
    system_stm32f10x.o          408
    tftpserver.o              1 584       43       60
    tftputils.o                 128
    udp.o                     1 120                 4
    udpclient.o                 908               224
    -------------------------------------------------
    Total:                   25 232       65   49 007

command line: [2]
    -------------------------------------------------
    Total:

dl7M_tlf.a: [3]
    XShttio.o                     8        8        8
    abort.o                      10
    div.o                        14
    dlmalloc.o                4 844               492
    exit.o                        8
    localeconv.o                108       80       80
    low_level_init.o              4
    setlocale.o                  20               116
    sprintf.o                    52
    xencoding_sb.o               92
    xgetmemchunk.o               40                 4
    xmbcurmax.o                  10
    xmbtowc.o                    32
    xmtx.o                        8
    xmtx2.o                       4
    xprintffull.o             4 214
    xsprout.o                    10
    xsyslock.o                  180                56
    xtls.o                        2
    xwctomb.o                    26
    -------------------------------------------------
    Total:                    9 686       88      756

m7M_tl.a: [4]
    DblAdd.o                    230
    DblCmpGe.o                   46
    DblCmpLe.o                   46
    DblDiv.o                    582
    DblMul.o                    418
    DblSub.o                    382
    DblToI32.o                   86
    I32ToDbl.o                   46
    xdnorm.o                     68
    xdscale.o                   280
    -------------------------------------------------
    Total:                    2 184

rt7M_tl.a: [5]
    ABImemcpy.o                 112
    ABImemset.o                 102
    I64DivMod.o                 302
    I64DivZer.o                   2
    cexit.o                      14
    cmain.o                      22
    copy_init3.o                 46
    cstart_clearlocks.o
    cstartup_M.o                 12
    data_init3.o                 44
    memchr.o                     88
    strchr.o                     22
    strcpy.o                     68
    strlen.o                     54
    zero_init3.o                 34
    -------------------------------------------------
    Total:                      922

shb_l.a: [6]
    exit.o                       20
    iarttio.o                    48
    -------------------------------------------------
    Total:                       68

    Gaps                         36                 3
    Linker created                        39    4 352
-----------------------------------------------------
    Grand Total:             38 128      192   54 118


*******************************************************************************
*** ENTRY LIST
***

Entry                      Address    Size  Type      Object
-----                      -------    ----  ----      ------
?main                   0x080093bd          Code  Gb  cmain.o [5]
ADC1_2_IRQHandler       0x08009467          Code  Wk  startup_stm32f10x_cl.o [1]
ADCPrescTable           0x2000008c     0x4  Data  Lc  stm32f10x_rcc.o [1]
APBAHBPrescTable        0x20000074    0x10  Data  Lc  stm32f10x_rcc.o [1]
ARPTimer                0x2000c204     0x4  Data  Gb  netconf.o [1]
AddSendMsgToQueue       0x08005fb3     0xe  Code  Gb  fun.o [1]
BusFault_Handler        0x080092eb     0x2  Code  Gb  stm32f10x_it.o [1]
CAN1_RX0_IRQHandler     0x0800931d    0x48  Code  Gb  stm32f10x_it.o [1]
CAN1_RX1_IRQHandler     0x08009473          Code  Wk  startup_stm32f10x_cl.o [1]
CAN1_SCE_IRQHandler     0x08009477          Code  Wk  startup_stm32f10x_cl.o [1]
CAN1_TX_IRQHandler      0x0800946b          Code  Wk  startup_stm32f10x_cl.o [1]
CAN2_RX0_IRQHandler     0x08009503          Code  Wk  startup_stm32f10x_cl.o [1]
CAN2_RX1_IRQHandler     0x08009507          Code  Wk  startup_stm32f10x_cl.o [1]
CAN2_SCE_IRQHandler     0x0800950b          Code  Wk  startup_stm32f10x_cl.o [1]
CAN2_TX_IRQHandler      0x080094ff          Code  Wk  startup_stm32f10x_cl.o [1]
CAN_ClearITPendingBit   0x08004441    0x96  Code  Gb  stm32f10x_can.o [1]
CAN_Configuration       0x08004e65    0xaa  Code  Gb  stm32f107.o [1]
CAN_DeInit              0x08003fb1    0x34  Code  Gb  stm32f10x_can.o [1]
CAN_FIFORelease         0x08004357    0x12  Code  Gb  stm32f10x_can.o [1]
CAN_FilterInit          0x080040f5    0xe2  Code  Gb  stm32f10x_can.o [1]
CAN_ITConfig            0x08004221    0x18  Code  Gb  stm32f10x_can.o [1]
CAN_Init                0x08003fe5   0x110  Code  Gb  stm32f10x_can.o [1]
CAN_Receive             0x08004369    0xd8  Code  Gb  stm32f10x_can.o [1]
CAN_StructInit          0x080041d7    0x2e  Code  Gb  stm32f10x_can.o [1]
CAN_Transmit            0x08004239   0x11e  Code  Gb  stm32f10x_can.o [1]
CSTACK$$Base            0x2000c268           --   Gb  - Linker created -
CSTACK$$Limit           0x2000d268           --   Gb  - Linker created -
DMA1_Channel1_IRQHandler
                        0x0800944b          Code  Wk  startup_stm32f10x_cl.o [1]
DMA1_Channel2_IRQHandler
                        0x0800944f          Code  Wk  startup_stm32f10x_cl.o [1]
DMA1_Channel3_IRQHandler
                        0x08009453          Code  Wk  startup_stm32f10x_cl.o [1]
DMA1_Channel4_IRQHandler
                        0x08009457          Code  Wk  startup_stm32f10x_cl.o [1]
DMA1_Channel5_IRQHandler
                        0x0800945b          Code  Wk  startup_stm32f10x_cl.o [1]
DMA1_Channel6_IRQHandler
                        0x0800945f          Code  Wk  startup_stm32f10x_cl.o [1]
DMA1_Channel7_IRQHandler
                        0x08009463          Code  Wk  startup_stm32f10x_cl.o [1]
DMA2_Channel1_IRQHandler
                        0x080094e3          Code  Wk  startup_stm32f10x_cl.o [1]
DMA2_Channel2_IRQHandler
                        0x080094e7          Code  Wk  startup_stm32f10x_cl.o [1]
DMA2_Channel3_IRQHandler
                        0x080094eb          Code  Wk  startup_stm32f10x_cl.o [1]
DMA2_Channel4_IRQHandler
                        0x080094ef          Code  Wk  startup_stm32f10x_cl.o [1]
DMA2_Channel5_IRQHandler
                        0x080094f3          Code  Wk  startup_stm32f10x_cl.o [1]
DMARxDescToGet          0x2000c218     0x4  Data  Gb  stm32_eth.o [1]
DMARxDscrTab            0x2000c0a4    0x40  Data  Gb  ethernetif.o [1]
DMATxDescToSet          0x2000c214     0x4  Data  Gb  stm32_eth.o [1]
DMATxDscrTab            0x2000c14c    0x20  Data  Gb  ethernetif.o [1]
DebugMon_Handler        0x080092f1     0x2  Code  Gb  stm32f10x_it.o [1]
Delay                   0x08004b41    0x18  Code  Gb  main.o [1]
ETH_DMAClearITPendingBit
                        0x0800714f     0x8  Code  Gb  stm32_eth.o [1]
ETH_DMAITConfig         0x080071a9    0x28  Code  Gb  stm32_eth.o [1]
ETH_DMAReceptionCmd     0x08007187    0x22  Code  Gb  stm32_eth.o [1]
ETH_DMARxDescChainInit  0x080070b9    0x4c  Code  Gb  stm32_eth.o [1]
ETH_DMARxDescReceiveITConfig
                        0x0800710d    0x1a  Code  Gb  stm32_eth.o [1]
ETH_DMATransmissionCmd  0x08007165    0x22  Code  Gb  stm32_eth.o [1]
ETH_DMATxDescChainInit  0x0800706b    0x46  Code  Gb  stm32_eth.o [1]
ETH_DMATxDescChecksumInsertionConfig
                        0x080070b1     0x8  Code  Gb  stm32_eth.o [1]
ETH_DeInit              0x08006b4d    0x18  Code  Gb  stm32_eth.o [1]
ETH_Delay               0x08007245    0x1e  Code  Lc  stm32_eth.o [1]
ETH_FlushTransmitFIFO   0x08007157     0xe  Code  Gb  stm32_eth.o [1]
ETH_GetCurrentTxBuffer  0x08007f83     0x8  Code  Gb  ethernetif.o [1]
ETH_GetDMARxDescFrameLength
                        0x08007105     0x8  Code  Gb  stm32_eth.o [1]
ETH_GetRxPktSize        0x08006ef1    0x26  Code  Gb  stm32_eth.o [1]
ETH_GetSoftwareResetStatus
                        0x08007139    0x16  Code  Gb  stm32_eth.o [1]
ETH_IRQHandler          0x080092fd    0x20  Code  Gb  stm32f10x_it.o [1]
ETH_Init                0x08006b65   0x282  Code  Gb  stm32_eth.o [1]
ETH_MACAddressConfig    0x08007041    0x2a  Code  Gb  stm32_eth.o [1]
ETH_MACReceptionCmd     0x08007017    0x2a  Code  Gb  stm32_eth.o [1]
ETH_MACTransmissionCmd  0x08006fed    0x2a  Code  Gb  stm32_eth.o [1]
ETH_ReadPHYRegister     0x08006f17    0x6a  Code  Gb  stm32_eth.o [1]
ETH_RxPkt_ChainMode     0x08007e9f    0x88  Code  Gb  ethernetif.o [1]
ETH_SoftwareReset       0x08007127    0x12  Code  Gb  stm32_eth.o [1]
ETH_Start               0x08006ed1    0x20  Code  Gb  stm32_eth.o [1]
ETH_StructInit          0x08006de7    0xea  Code  Gb  stm32_eth.o [1]
ETH_TxPkt_ChainMode     0x08007f27    0x5c  Code  Gb  ethernetif.o [1]
ETH_WKUP_IRQHandler     0x080094fb          Code  Wk  startup_stm32f10x_cl.o [1]
ETH_WritePHYRegister    0x08006f81    0x6c  Code  Gb  stm32_eth.o [1]
EXTI0_IRQHandler        0x08009437          Code  Wk  startup_stm32f10x_cl.o [1]
EXTI15_10_IRQHandler    0x080094bf          Code  Wk  startup_stm32f10x_cl.o [1]
EXTI1_IRQHandler        0x0800943b          Code  Wk  startup_stm32f10x_cl.o [1]
EXTI2_IRQHandler        0x0800943f          Code  Wk  startup_stm32f10x_cl.o [1]
EXTI3_IRQHandler        0x08009443          Code  Wk  startup_stm32f10x_cl.o [1]
EXTI4_IRQHandler        0x08009447          Code  Wk  startup_stm32f10x_cl.o [1]
EXTI9_5_IRQHandler      0x0800947b          Code  Wk  startup_stm32f10x_cl.o [1]
EraseCounter            0x2000c220     0x4  Data  Gb  tftpserver.o [1]
EthInitStatus           0x2000c21c     0x4  Data  Gb  stm32f107.o [1]
Ethernet_Configuration  0x08004f63    0x9e  Code  Gb  stm32f107.o [1]
FLASHStatus             0x20000098     0x1  Data  Gb  tftpserver.o [1]
FLASH_ClearFlag         0x08004d6d     0x8  Code  Gb  stm32f10x_flash.o [1]
FLASH_ErasePage         0x08004c35    0x64  Code  Gb  stm32f10x_flash.o [1]
FLASH_GetStatus         0x08004d75    0x2c  Code  Gb  stm32f10x_flash.o [1]
FLASH_IRQHandler        0x0800942f          Code  Wk  startup_stm32f10x_cl.o [1]
FLASH_Lock              0x08004c23    0x12  Code  Gb  stm32f10x_flash.o [1]
FLASH_PagesMask         0x0800533f    0x22  Code  Gb  stm32f107.o [1]
FLASH_ProgramHalfWord   0x08004d1f    0x4e  Code  Gb  stm32f10x_flash.o [1]
FLASH_ProgramWord       0x08004c99    0x86  Code  Gb  stm32f10x_flash.o [1]
FLASH_Unlock            0x08004c0d    0x16  Code  Gb  stm32f10x_flash.o [1]
FLASH_WaitForLastOperation
                        0x08004dbd    0x30  Code  Gb  stm32f10x_flash.o [1]
FlashDestination        0x20000090     0x4  Data  Gb  tftpserver.o [1]
GPIO_Configuration      0x08005001   0x2b0  Code  Gb  stm32f107.o [1]
GPIO_ETH_MediaInterfaceConfig
                        0x080062a3     0x6  Code  Gb  stm32f10x_gpio.o [1]
GPIO_Init               0x0800611d    0xcc  Code  Gb  stm32f10x_gpio.o [1]
GPIO_PinRemapConfig     0x08006233    0x70  Code  Gb  stm32f10x_gpio.o [1]
GPIO_ReadInputDataBit   0x080061e9    0x16  Code  Gb  stm32f10x_gpio.o [1]
GPIO_ReadOutputDataBit  0x080061ff    0x16  Code  Gb  stm32f10x_gpio.o [1]
GPIO_ResetBits          0x0800621b     0x6  Code  Gb  stm32f10x_gpio.o [1]
GPIO_SetBits            0x08006215     0x6  Code  Gb  stm32f10x_gpio.o [1]
GPIO_WriteBit           0x08006221    0x12  Code  Gb  stm32f10x_gpio.o [1]
GetSendMsgFromQueue     0x08005fc1     0xa  Code  Gb  fun.o [1]
HEAP$$Base              0x2000d268           --   Gb  - Linker created -
HEAP$$Limit             0x2000d368           --   Gb  - Linker created -
HardFault_Handler       0x080092e7     0x2  Code  Gb  stm32f10x_it.o [1]
I2C1_ER_IRQHandler      0x0800949f          Code  Wk  startup_stm32f10x_cl.o [1]
I2C1_EV_IRQHandler      0x0800949b          Code  Wk  startup_stm32f10x_cl.o [1]
I2C2_ER_IRQHandler      0x080094a7          Code  Wk  startup_stm32f10x_cl.o [1]
I2C2_EV_IRQHandler      0x080094a3          Code  Wk  startup_stm32f10x_cl.o [1]
InitSendMsgQueue        0x08005fa7     0xc  Code  Gb  fun.o [1]
JumpAddress             0x2000c1f4     0x4  Data  Gb  main.o [1]
Jump_To_Application     0x2000c1f0     0x4  Data  Gb  main.o [1]
Jump_To_User_App        0x08004a01    0x30  Code  Gb  main.o [1]
LocalTime               0x2000c1e8     0x4  Data  Gb  main.o [1]
Local_Station           0x2000c262     0x1  Data  Gb  main.o [1]
LwIP_Init               0x080062bd    0x84  Code  Gb  netconf.o [1]
LwIP_Periodic_Handle    0x0800634b    0x1e  Code  Gb  netconf.o [1]
LwIP_Pkt_Handle         0x08006341     0xa  Code  Gb  netconf.o [1]
MACaddr                 0x2000c1c8     0x8  Data  Gb  ethernetif.o [1]
MemManage_Handler       0x080092e9     0x2  Code  Gb  stm32f10x_it.o [1]
NMI_Handler             0x080092e5     0x2  Code  Gb  stm32f10x_it.o [1]
NVIC_Configuration      0x080052ed    0x52  Code  Gb  stm32f107.o [1]
NVIC_Init               0x0800726f    0x66  Code  Gb  misc.o [1]
NVIC_PriorityGroupConfig
                        0x08007265     0xa  Code  Gb  misc.o [1]
NVIC_SetPriority        0x08004e09    0x26  Code  Lc  stm32f107.o [1]
NVIC_SetVectorTable     0x080072d5     0xc  Code  Gb  misc.o [1]
NVIC_SystemReset        0x0800325d    0x1c  Code  Lc  can_bus.o [1]
NVIC_SystemReset        0x08004899    0x16  Code  Lc  main.o [1]
NbrOfPage               0x2000c224     0x4  Data  Gb  tftpserver.o [1]
OTG_FS_IRQHandler       0x0800950f          Code  Wk  startup_stm32f10x_cl.o [1]
OTG_FS_WKUP_IRQHandler  0x080094c7          Code  Wk  startup_stm32f10x_cl.o [1]
PVD_IRQHandler          0x08009423          Code  Wk  startup_stm32f10x_cl.o [1]
PageSize                0x20000096     0x2  Data  Gb  tftpserver.o [1]
PendSV_Handler          0x080092f3     0x2  Code  Gb  stm32f10x_it.o [1]
Programm_Completed_Success
                        0x2000c265     0x1  Data  Gb  tftpserver.o [1]
RCC_AHBPeriphClockCmd   0x0800546d    0x20  Code  Gb  stm32f10x_rcc.o [1]
RCC_AHBPeriphResetCmd   0x080054cd    0x20  Code  Gb  stm32f10x_rcc.o [1]
RCC_APB1PeriphClockCmd  0x080054ad    0x20  Code  Gb  stm32f10x_rcc.o [1]
RCC_APB1PeriphResetCmd  0x080054ed    0x20  Code  Gb  stm32f10x_rcc.o [1]
RCC_APB2PeriphClockCmd  0x0800548d    0x20  Code  Gb  stm32f10x_rcc.o [1]
RCC_GetClocksFreq       0x08005361   0x10c  Code  Gb  stm32f10x_rcc.o [1]
RCC_IRQHandler          0x08009433          Code  Wk  startup_stm32f10x_cl.o [1]
RCC_MCOConfig           0x0800550d     0x6  Code  Gb  stm32f10x_rcc.o [1]
RTCAlarm_IRQHandler     0x080094c3          Code  Wk  startup_stm32f10x_cl.o [1]
RTC_IRQHandler          0x0800942b          Code  Wk  startup_stm32f10x_cl.o [1]
RamSource               0x2000c228     0x4  Data  Gb  tftpserver.o [1]
Region$$Table$$Base     0x08009398           --   Gb  - Linker created -
Region$$Table$$Limit    0x080093bc           --   Gb  - Linker created -
Rx_Buff                 0x20008f4c  0x17c0  Data  Gb  ethernetif.o [1]
SPI1_IRQHandler         0x080094ab          Code  Wk  startup_stm32f10x_cl.o [1]
SPI2_IRQHandler         0x080094af          Code  Wk  startup_stm32f10x_cl.o [1]
SPI3_IRQHandler         0x080094cf          Code  Wk  startup_stm32f10x_cl.o [1]
SVC_Handler             0x080092ef     0x2  Code  Gb  stm32f10x_it.o [1]
SetSysClock             0x08006a13     0x8  Code  Lc  system_stm32f10x.o [1]
SetSysClockTo72         0x08006a1b   0x10e  Code  Lc  system_stm32f10x.o [1]
Set_MAC_Address         0x08007ced    0x30  Code  Gb  ethernetif.o [1]
SlaveApp_UpdateFlag     0x2000c25f     0x1  Data  Gb  can_bus.o [1]
SysTick_Config          0x08004e2f    0x36  Code  Lc  stm32f107.o [1]
SysTick_Handler         0x080092f5     0x8  Code  Gb  stm32f10x_it.o [1]
SystemInit              0x080069b5    0x5e  Code  Gb  system_stm32f10x.o [1]
System_Setup            0x08004f0f    0x54  Code  Gb  stm32f107.o [1]
TAMPER_IRQHandler       0x08009427          Code  Wk  startup_stm32f10x_cl.o [1]
TFTP_IAP                0x08004a73    0xce  Code  Gb  main.o [1]
TIM1_BRK_IRQHandler     0x0800947f          Code  Wk  startup_stm32f10x_cl.o [1]
TIM1_CC_IRQHandler      0x0800948b          Code  Wk  startup_stm32f10x_cl.o [1]
TIM1_TRG_COM_IRQHandler
                        0x08009487          Code  Wk  startup_stm32f10x_cl.o [1]
TIM1_UP_IRQHandler      0x08009483          Code  Wk  startup_stm32f10x_cl.o [1]
TIM2_IRQHandler         0x0800948f          Code  Wk  startup_stm32f10x_cl.o [1]
TIM3_IRQHandler         0x08009493          Code  Wk  startup_stm32f10x_cl.o [1]
TIM4_IRQHandler         0x08009497          Code  Wk  startup_stm32f10x_cl.o [1]
TIM5_IRQHandler         0x080094cb          Code  Wk  startup_stm32f10x_cl.o [1]
TIM6_IRQHandler         0x080094db          Code  Wk  startup_stm32f10x_cl.o [1]
TIM7_IRQHandler         0x080094df          Code  Wk  startup_stm32f10x_cl.o [1]
Time_Update             0x08004b59    0x3c  Code  Gb  main.o [1]
Tx_Buff                 0x2000a70c   0xbe0  Data  Gb  ethernetif.o [1]
UART4_IRQHandler        0x080094d3          Code  Wk  startup_stm32f10x_cl.o [1]
UART5_IRQHandler        0x080094d7          Code  Wk  startup_stm32f10x_cl.o [1]
UDPpcb                  0x2000c22c     0x4  Data  Gb  tftpserver.o [1]
USART1_IRQHandler       0x080094b3          Code  Wk  startup_stm32f10x_cl.o [1]
USART2_IRQHandler       0x080094b7          Code  Wk  startup_stm32f10x_cl.o [1]
USART3_IRQHandler       0x080094bb          Code  Wk  startup_stm32f10x_cl.o [1]
UsageFault_Handler      0x080092ed     0x2  Code  Gb  stm32f10x_it.o [1]
WWDG_IRQHandler         0x0800941f          Code  Wk  startup_stm32f10x_cl.o [1]
_EncodingSb_Mbtowc      0x08003131    0x30  Code  Gb  xencoding_sb.o [3]
_EncodingSb_Wctomb      0x08003115    0x1c  Code  Gb  xencoding_sb.o [3]
_GenldDefault           0x08002371   0x258  Code  Lc  xprintffull.o [3]
_IsdstStr               0x2000c034     0x4  Data  Gb  setlocale.o [3]
_LdtobDefault           0x08001f59   0x3fe  Code  Lc  xprintffull.o [3]
_LitobDefault           0x08001e3b   0x11e  Code  Lc  xprintffull.o [3]
_LocaleEncoding         0x08003101     0xe  Code  Gb  setlocale.o [3]
_LocaleReturnString     0x2000c054    0x50  Data  Lc  setlocale.o [3]
_Locale_Profile         0x2000c038    0x1c  Data  Gb  setlocale.o [3]
_Locale_lconv           0x20000000    0x50  Data  Gb  localeconv.o [3]
_Mbtowc                 0x0800261f    0x20  Code  Gb  xmbtowc.o [3]
_Printf                 0x080015a9   0x5d0  Code  Gb  xprintffull.o [3]
_PutcharsDefault        0x080025c9    0x32  Code  Lc  xprintffull.o [3]
_PutstrDefault          0x08001b79   0x2c2  Code  Lc  xprintffull.o [3]
_SProut                 0x08002677     0xa  Code  Gb  xsprout.o [3]
_TzoneStr               0x2000c030     0x4  Data  Gb  setlocale.o [3]
_Wctomb                 0x08002719    0x1a  Code  Gb  xwctomb.o [3]
__aeabi_cdcmple         0x08002919          Code  Gb  DblCmpLe.o [4]
__aeabi_cdrcmple        0x08002949          Code  Gb  DblCmpGe.o [4]
__aeabi_d2iz            0x08002a91          Code  Gb  DblToI32.o [4]
__aeabi_d2uiz           0x08002abd          Code  Gb  DblToI32.o [4]
__aeabi_dadd            0x08003175          Code  Gb  DblAdd.o [4]
__aeabi_ddiv            0x08002e3d          Code  Gb  DblDiv.o [4]
__aeabi_dmul            0x08002c99          Code  Gb  DblMul.o [4]
__aeabi_dsub            0x08002b19          Code  Gb  DblSub.o [4]
__aeabi_i2d             0x08002ae9          Code  Gb  I32ToDbl.o [4]
__aeabi_ldiv0           0x08003171          Code  Gb  I64DivZer.o [5]
__aeabi_ldivmod         0x080027a5          Code  Gb  I64DivMod.o [5]
__aeabi_memcpy          0x08002735          Code  Gb  ABImemcpy.o [5]
__aeabi_memcpy4         0x0800274f          Code  Gb  ABImemcpy.o [5]
__aeabi_memcpy8         0x0800274f          Code  Gb  ABImemcpy.o [5]
__aeabi_memset          0x08009239          Code  Gb  ABImemset.o [5]
__aeabi_ui2d            0x08002afd          Code  Gb  I32ToDbl.o [4]
__aeabi_uldivmod        0x080027b9          Code  Gb  I64DivMod.o [5]
__cexit_clearlocks      0x080093e3          Code  Gb  cexit.o [5]
__cmain                 0x080093bd          Code  Gb  cmain.o [5]
__cstart_clearlocks     0x08009515          Code  Gb  cstart_clearlocks.o [5]
__data_GetMemChunk      0x08001475    0x28  Code  Gb  xgetmemchunk.o [3]
__exit                  0x08001551    0x14  Code  Gb  exit.o [6]
__iar_Dnorm             0x080028d5    0x44  Code  Gb  xdnorm.o [4]
__iar_Dscale            0x08002979   0x118  Code  Gb  xdscale.o [4]
__iar_Locale_lconv_init
                        0x08003085    0x3a  Code  Gb  localeconv.o [3]
__iar_Locksyslock       0x080014df    0x56  Code  Gb  xsyslock.o [3]
__iar_Mbcurmax          0x0800270f     0xa  Code  Gb  xmbcurmax.o [3]
__iar_Memchr            0x08002681          Code  Gb  memchr.o [5]
__iar_Memset            0x08009239          Code  Gb  ABImemset.o [5]
__iar_Memset_word       0x08009241          Code  Gb  ABImemset.o [5]
__iar_Strchr            0x08002661          Code  Gb  strchr.o [5]
__iar_Unlocksyslock     0x08001535    0x16  Code  Gb  xsyslock.o [3]
__iar_clearlocks        0x0800149d    0x42  Code  Gb  xsyslock.o [3]
__iar_close_ttio        0x08001571    0x2e  Code  Gb  iarttio.o [6]
__iar_copy_init3        0x08001447    0x2e  Code  Gb  copy_init3.o [5]
__iar_d2uiz             0x08002ac7          Code  Gb  DblToI32.o [4]
__iar_dadd              0x08003187          Code  Gb  DblAdd.o [4]
__iar_data_init3        0x0800936d    0x2c  Code  Gb  data_init3.o [5]
__iar_dlfree            0x08000fb7   0x47e  Code  Gb  dlmalloc.o [3]
__iar_dlib_perthread_access
                        0x0800325b     0x2  Code  Gb  xtls.o [3]
__iar_dlmalloc          0x08000d67   0x250  Code  Gb  dlmalloc.o [3]
__iar_dsub              0x08002b2b          Code  Gb  DblSub.o [4]
__iar_dsubStart         0x08002b3d          Code  Gb  DblSub.o [4]
__iar_file_Mtxdst       0x08001567     0x2  Code  Gb  xmtx2.o [3]
__iar_file_Mtxinit      0x08001565     0x2  Code  Gb  xmtx2.o [3]
__iar_lookup_ttioh      0x080015a1     0x8  Code  Gb  XShttio.o [3]
__iar_program_start     0x080093ef          Code  Gb  cstartup_M.o [5]
__iar_system_Mtxdst     0x0800156b     0x2  Code  Gb  xmtx.o [3]
__iar_system_Mtxinit    0x08001569     0x2  Code  Gb  xmtx.o [3]
__iar_system_Mtxlock    0x0800156d     0x2  Code  Gb  xmtx.o [3]
__iar_system_Mtxunlock  0x0800156f     0x2  Code  Gb  xmtx.o [3]
__iar_ttio_handles      0x20000084     0x8  Data  Lc  XShttio.o [3]
__iar_ui2d              0x08002aff          Code  Gb  I32ToDbl.o [4]
__iar_zero_init3        0x0800263f    0x22  Code  Gb  zero_init3.o [5]
__low_level_init        0x080093d3     0x4  Code  Gb  low_level_init.o [3]
__set_MSP               0x080062b5     0x8  Code  Gb  core_cm3.o [1]
__vector_table          0x08000000          Data  Gb  startup_stm32f10x_cl.o [1]
_call_main              0x080093c9          Code  Gb  cmain.o [5]
_exit                   0x080093e1          Code  Gb  cexit.o [5]
_gm_                    0x2000b8cc   0x1d4  Data  Lc  dlmalloc.o [3]
_main                   0x080093cf          Code  Gb  cmain.o [5]
abort                   0x0800143d     0xa  Code  Gb  abort.o [3]
add_segment             0x080004c7   0x1f2  Code  Lc  dlmalloc.o [3]
app_flag                0x2000c256     0x2  Data  Gb  main.o [1]
arp_table               0x2000bdd8    0xc8  Data  Lc  etharp.o [1]
buf                     0x2000b2ec   0x5e0  Data  Lc  ip_frag.o [1]
canTxMsg                0x2000c19c    0x10  Data  Gb  can_bus.o [1]
can_bus_reply_process   0x08003e01    0x60  Code  Gb  can_bus.o [1]
can_bus_send_one_frame  0x080032f9    0x7a  Code  Gb  can_bus.o [1]
can_recv_buff           0x2000bbcc   0x12c  Data  Gb  can_bus.o [1]
can_recv_len            0x2000c246     0x2  Data  Gb  can_bus.o [1]
can_recv_timeout        0x08003299    0x60  Code  Gb  can_bus.o [1]
can_resend_cnt          0x2000c25a     0x1  Data  Gb  can_bus.o [1]
can_resend_delay        0x2000c240     0x2  Data  Gb  can_bus.o [1]
can_send_buff           0x2000baa0   0x12c  Data  Gb  can_bus.o [1]
can_send_flag           0x2000c25b     0x1  Data  Gb  can_bus.o [1]
can_send_frame_process  0x08003373   0x1c6  Code  Gb  can_bus.o [1]
can_send_frame_start    0x2000c25c     0x1  Data  Gb  can_bus.o [1]
can_send_len            0x2000c244     0x2  Data  Gb  can_bus.o [1]
can_send_tot            0x2000c242     0x2  Data  Gb  can_bus.o [1]
creat_udp_connect_process
                        0x0800450d    0x7e  Code  Gb  udpclient.o [1]
cur_tran_station        0x2000c258     0x1  Data  Gb  can_bus.o [1]
current_header          0x2000c1e0     0x4  Data  Lc  ip.o [1]
current_netif           0x2000c1dc     0x4  Data  Lc  ip.o [1]
delay                   0x08004ded    0x1c  Code  Lc  stm32f10x_flash.o [1]
div                     0x080030f1     0xe  Code  Gb  div.o [3]
enQueue                 0x08005f4f    0x32  Code  Gb  fun.o [1]
erase_user_app_flash    0x08003d29    0x40  Code  Gb  can_bus.o [1]
etharp_arp_input        0x08008563   0x156  Code  Gb  etharp.o [1]
etharp_cached_entry     0x2000c260     0x1  Data  Lc  etharp.o [1]
etharp_ip_input         0x0800853d    0x26  Code  Gb  etharp.o [1]
etharp_output           0x080086b9    0xc0  Code  Gb  etharp.o [1]
etharp_query            0x08008779   0x1ac  Code  Gb  etharp.o [1]
etharp_raw              0x0800892d    0xf0  Code  Lc  etharp.o [1]
etharp_request          0x08008a1d    0x28  Code  Gb  etharp.o [1]
etharp_send_ip          0x080083f9    0x40  Code  Lc  etharp.o [1]
etharp_tmr              0x080080c5    0xba  Code  Gb  etharp.o [1]
ethbroadcast            0x08008aa8     0x8  Data  Gb  etharp.o [1]
ethernet_input          0x08008a45    0x62  Code  Gb  etharp.o [1]
ethernetif_init         0x08007e63    0x3c  Code  Gb  ethernetif.o [1]
ethernetif_input        0x08007e2f    0x34  Code  Gb  ethernetif.o [1]
ethzero                 0x08008ab0     0x8  Data  Gb  etharp.o [1]
exit                    0x080093d7     0x8  Code  Gb  exit.o [3]
file_mtx                0x2000c0e8    0x20  Data  Lc  xsyslock.o [3]
file_tot_bytes          0x2000c1d8     0x4  Data  Gb  fun.o [1]
find_entry              0x0800817f   0x27a  Code  Lc  etharp.o [1]
free_etharp_q           0x0800809d    0x28  Code  Lc  etharp.o [1]
g_SegBytes              0x2000c248     0x2  Data  Gb  can_bus.o [1]
g_SegNum                0x2000c25e     0x1  Data  Gb  can_bus.o [1]
g_SegPolo               0x2000c25d     0x1  Data  Gb  can_bus.o [1]
g_download_status       0x2000c261     0x1  Data  Gb  fun.o [1]
get_ip_para_process     0x080047f7    0x5a  Code  Gb  udpclient.o [1]
host_send_boot_cmd      0x08003631    0x80  Code  Gb  can_bus.o [1]
host_send_erase_flash_cmd
                        0x080036b1    0x80  Code  Gb  can_bus.o [1]
host_send_tran_data_cmd
                        0x08003731   0x146  Code  Gb  can_bus.o [1]
host_transmit_process   0x08003877    0xd8  Code  Gb  can_bus.o [1]
htonl                   0x080059ab    0x18  Code  Gb  inet.o [1]
htons                   0x08005995     0xc  Code  Gb  inet.o [1]
icmp_dest_unreach       0x080074bf     0xe  Code  Gb  icmp.o [1]
icmp_input              0x08007351   0x16e  Code  Gb  icmp.o [1]
icmp_send_response      0x080074db    0x6e  Code  Lc  icmp.o [1]
icmp_time_exceeded      0x080074cd     0xe  Code  Gb  icmp.o [1]
inet_chksum             0x08008b75     0xe  Code  Gb  inet_chksum.o [1]
inet_chksum_pbuf        0x08008b83    0x54  Code  Gb  inet_chksum.o [1]
initQueue               0x08005f41     0xe  Code  Gb  fun.o [1]
init_mparams            0x08000151    0x34  Code  Lc  dlmalloc.o [3]
init_top                0x08000185    0x3c  Code  Lc  dlmalloc.o [3]
ip_addr_any             0x0800734c     0x4  Data  Gb  ip_addr.o [1]
ip_addr_isbroadcast     0x080072fd    0x50  Code  Gb  ip_addr.o [1]
ip_frag                 0x08009037   0x16a  Code  Gb  ip_frag.o [1]
ip_input                0x08007595   0x190  Code  Gb  ip.o [1]
ip_output               0x08007865    0x3c  Code  Gb  ip.o [1]
ip_output_if            0x08007725   0x12c  Code  Gb  ip.o [1]
ip_reass                0x08008e91   0x1a6  Code  Gb  ip_frag.o [1]
ip_reass_chain_frag_into_datagram_and_validate
                        0x08008d57   0x13a  Code  Lc  ip_frag.o [1]
ip_reass_dequeue_datagram
                        0x08008d31    0x26  Code  Lc  ip_frag.o [1]
ip_reass_enqueue_new_datagram
                        0x08008cd7    0x5a  Code  Lc  ip_frag.o [1]
ip_reass_free_complete_datagram
                        0x08008bd9    0x86  Code  Lc  ip_frag.o [1]
ip_reass_pbufcount      0x2000c252     0x2  Data  Lc  ip_frag.o [1]
ip_reass_remove_oldest_datagram
                        0x08008c5f    0x78  Code  Lc  ip_frag.o [1]
ip_route                0x08007549    0x4c  Code  Gb  ip.o [1]
lfree                   0x2000c200     0x4  Data  Lc  mem.o [1]
localeconv              0x080030bf    0x16  Code  Gb  localeconv.o [3]
low_level_init          0x08007d1d    0x8c  Code  Lc  ethernetif.o [1]
low_level_input         0x08007dd7    0x58  Code  Lc  ethernetif.o [1]
low_level_output        0x08007da9    0x2e  Code  Lc  ethernetif.o [1]
lwip_standard_chksum    0x08008b2b    0x4a  Code  Lc  inet_chksum.o [1]
mac_addr                0x2000c1d0     0x8  Data  Gb  main.o [1]
main                    0x08004a31    0x42  Code  Gb  main.o [1]
master_can_bus_frame_receive
                        0x08003539    0xf8  Code  Gb  can_bus.o [1]
mem_free                0x08007a6d    0x4a  Code  Gb  mem.o [1]
mem_init                0x08007a19    0x54  Code  Gb  mem.o [1]
mem_malloc              0x08007bb9   0x11e  Code  Gb  mem.o [1]
mem_realloc             0x08007ab7   0x102  Code  Gb  mem.o [1]
mem_sem                 0x2000c263     0x1  Data  Lc  mem.o [1]
memchr                  0x08002681          Code  Gb  memchr.o [5]
memcpy                  0x08003fa1     0xe  Code  Gb  tftputils.o [1]
memp_free               0x0800792f    0x24  Code  Gb  memp.o [1]
memp_init               0x080078a1    0x5e  Code  Gb  memp.o [1]
memp_malloc             0x080078ff    0x30  Code  Gb  memp.o [1]
memp_memory             0x200050b0  0x3e9c  Data  Lc  memp.o [1]
memp_num                0x08007968     0xc  Data  Lc  memp.o [1]
memp_sizes              0x0800795c     0xc  Data  Lc  memp.o [1]
memp_tab                0x2000c16c    0x18  Data  Lc  memp.o [1]
memset                  0x08007975    0x14  Code  Gb  udp.o [1]
mparams                 0x2000c184    0x18  Data  Lc  dlmalloc.o [3]
msgQueueBuff            0x2000bea0    0xc8  Data  Gb  fun.o [1]
msgSendQueue            0x2000c1bc     0xc  Data  Gb  fun.o [1]
mtx                     0x2000c108    0x14  Data  Lc  xsyslock.o [3]
netif                   0x2000c11c    0x30  Data  Gb  netconf.o [1]
netif_add               0x08007fbd    0x52  Code  Gb  netif.o [1]
netif_default           0x2000c20c     0x4  Data  Gb  netif.o [1]
netif_is_up             0x08008093     0xa  Code  Gb  netif.o [1]
netif_list              0x2000c208     0x4  Data  Gb  netif.o [1]
netif_set_addr          0x0800800f    0x20  Code  Gb  netif.o [1]
netif_set_default       0x08008059     0x6  Code  Gb  netif.o [1]
netif_set_gw            0x0800803d     0xe  Code  Gb  netif.o [1]
netif_set_ipaddr        0x0800802f     0xe  Code  Gb  netif.o [1]
netif_set_netmask       0x0800804b     0xe  Code  Gb  netif.o [1]
netif_set_up            0x0800806d    0x26  Code  Gb  netif.o [1]
ntohl                   0x080059c3     0x8  Code  Gb  inet.o [1]
ntohs                   0x080059a1     0xa  Code  Gb  inet.o [1]
outQueue                0x08005f81    0x26  Code  Gb  fun.o [1]
pbuf_alloc              0x080059cb   0x1ac  Code  Gb  pbuf.o [1]
pbuf_cat                0x08005d21    0x32  Code  Gb  pbuf.o [1]
pbuf_chain              0x08005d53    0x12  Code  Gb  pbuf.o [1]
pbuf_clen               0x08005d03    0x12  Code  Gb  pbuf.o [1]
pbuf_copy               0x08005d65    0xbe  Code  Gb  pbuf.o [1]
pbuf_copy_partial       0x08005e23    0x98  Code  Gb  pbuf.o [1]
pbuf_free               0x08005c8d    0x76  Code  Gb  pbuf.o [1]
pbuf_header             0x08005bf9    0x94  Code  Gb  pbuf.o [1]
pbuf_realloc            0x08005b77    0x82  Code  Gb  pbuf.o [1]
pbuf_ref                0x08005d15     0xc  Code  Gb  pbuf.o [1]
pbuf_take               0x08005ebb    0x86  Code  Gb  pbuf.o [1]
pk_cur_num              0x2000c23a     0x2  Data  Gb  can_bus.o [1]
pk_len                  0x2000c23c     0x2  Data  Gb  can_bus.o [1]
pk_tot_num              0x2000c238     0x2  Data  Gb  can_bus.o [1]
plug_holes              0x08007989    0x90  Code  Lc  mem.o [1]
prepend_alloc           0x080001c1   0x306  Code  Lc  dlmalloc.o [3]
print_msg_buff          0x2000bf68    0xc8  Data  Gb  fun.o [1]
print_msg_len           0x2000c24e     0x2  Data  Gb  fun.o [1]
process_tftp_request    0x0800675d   0x118  Code  Gb  tftpserver.o [1]
program_user_app_flash  0x08003d71    0x88  Code  Gb  can_bus.o [1]
ram                     0x2000c1f8     0x4  Data  Lc  mem.o [1]
ram_end                 0x2000c1fc     0x4  Data  Lc  mem.o [1]
ram_heap                0x2000009c  0x5014  Data  Lc  mem.o [1]
raw_input               0x080091b1    0x82  Code  Gb  raw.o [1]
raw_pcbs                0x2000c210     0x4  Data  Lc  raw.o [1]
readFlash_uint          0x080048af    0x1c  Code  Gb  main.o [1]
read_mac_addrs          0x080048cb    0x4a  Code  Gb  main.o [1]
reassdatagrams          0x2000c1e4     0x4  Data  Lc  ip_frag.o [1]
recv_callback_tftp      0x08006875    0x18  Code  Gb  tftpserver.o [1]
recv_message_from_sever
                        0x08006067    0x24  Code  Gb  fun.o [1]
recv_msg_check          0x08005fcb    0x56  Code  Gb  fun.o [1]
recv_msg_process        0x08006021    0x46  Code  Gb  fun.o [1]
reply_recv_msg          0x0800608b    0x3a  Code  Gb  fun.o [1]
rrq_recv_callback       0x08006529    0x58  Code  Gb  tftpserver.o [1]
sDLoad_Para_Data        0x2000c1ac    0x10  Data  Gb  fun.o [1]
scan_local_station      0x08004915    0xbc  Code  Gb  main.o [1]
sec_flag                0x2000c254     0x2  Data  Gb  main.o [1]
sec_process             0x080049d1    0x30  Code  Gb  main.o [1]
sec_reg                 0x20000094     0x2  Data  Gb  main.o [1]
send_message_to_sever   0x080060c5    0x38  Code  Gb  fun.o [1]
slave_can_bus_frame_receive
                        0x08003a8d   0x17a  Code  Gb  can_bus.o [1]
slave_recv_frame_check  0x0800394f    0x6c  Code  Gb  can_bus.o [1]
slave_recv_pk_num       0x2000c24c     0x2  Data  Gb  can_bus.o [1]
slave_recv_process      0x080039bb    0xd2  Code  Gb  can_bus.o [1]
slave_reply_boot_cmd    0x08003c07    0x5e  Code  Gb  can_bus.o [1]
slave_reply_cmd         0x2000c24a     0x2  Data  Gb  can_bus.o [1]
slave_reply_erase_flash_cmd
                        0x08003c65    0x5e  Code  Gb  can_bus.o [1]
slave_reply_tran_data_cmd
                        0x08003cc3    0x66  Code  Gb  can_bus.o [1]
sprintf                 0x080044d9    0x34  Code  Gb  sprintf.o [3]
strchr                  0x08002661          Code  Gb  strchr.o [5]
strcpy                  0x080092a1          Code  Gb  strcpy.o [5]
strlen                  0x080026d9          Code  Gb  strlen.o [5]
sum_check               0x08003279    0x20  Code  Gb  can_bus.o [1]
sys_alloc               0x080006b9   0x140  Code  Lc  dlmalloc.o [3]
syslock_o               0x2000c0e4     0x4  Data  Lc  xsyslock.o [3]
tcp_client_list         0x2000bcf8    0xe0  Data  Gb  udpclient.o [1]
tftp_cleanup_rd         0x080064bb    0x28  Code  Gb  tftpserver.o [1]
tftp_cleanup_wr         0x080064e3    0x28  Code  Gb  tftpserver.o [1]
tftp_construct_error_message
                        0x080063d9    0x3a  Code  Gb  tftpserver.o [1]
tftp_decode_op          0x08008ab9     0x4  Code  Gb  tftputils.o [1]
tftp_errorcode_string   0x20000050    0x24  Data  Gb  tftpserver.o [1]
tftp_extract_block      0x08008abd     0xa  Code  Gb  tftputils.o [1]
tftp_extract_filename   0x08008ac7     0xa  Code  Gb  tftputils.o [1]
tftp_is_correct_ack     0x08008b05    0x26  Code  Gb  tftputils.o [1]
tftp_process_read       0x08006581    0x66  Code  Gb  tftpserver.o [1]
tftp_process_write      0x080066f7    0x66  Code  Gb  tftpserver.o [1]
tftp_send_ack_packet    0x0800648b    0x30  Code  Gb  tftpserver.o [1]
tftp_send_data_packet   0x0800643d    0x4e  Code  Gb  tftpserver.o [1]
tftp_send_error_message
                        0x08006413    0x2a  Code  Gb  tftpserver.o [1]
tftp_send_message       0x08006385    0x54  Code  Gb  tftpserver.o [1]
tftp_send_next_block    0x0800650b    0x1e  Code  Gb  tftpserver.o [1]
tftp_set_block          0x08008aeb    0x10  Code  Gb  tftputils.o [1]
tftp_set_data_message   0x08008afb     0xa  Code  Gb  tftputils.o [1]
tftp_set_errorcode      0x08008ad9     0x8  Code  Gb  tftputils.o [1]
tftp_set_errormsg       0x08008ae1     0xa  Code  Gb  tftputils.o [1]
tftp_set_opcode         0x08008ad1     0x8  Code  Gb  tftputils.o [1]
tftpd_init              0x0800688d    0x36  Code  Gb  tftpserver.o [1]
timingdelay             0x2000c1ec     0x4  Data  Gb  main.o [1]
tmalloc_large           0x08000809   0x374  Code  Lc  dlmalloc.o [3]
tmalloc_small           0x08000b7d   0x1e4  Code  Lc  dlmalloc.o [3]
trans_flag              0x2000c259     0x1  Data  Gb  can_bus.o [1]
trans_timeout           0x2000c23e     0x2  Data  Gb  can_bus.o [1]
udp_bind                0x08005839    0x78  Code  Gb  udp.o [1]
udp_client_process      0x08004793    0x64  Code  Gb  udpclient.o [1]
udp_connect             0x080058b1    0x5a  Code  Gb  udp.o [1]
udp_disconnect          0x0800590b    0x1e  Code  Gb  udp.o [1]
udp_echoclient_connect  0x0800458b    0xd0  Code  Gb  udpclient.o [1]
udp_input               0x08005549   0x1c6  Code  Gb  udp.o [1]
udp_new                 0x08005975    0x20  Code  Gb  udp.o [1]
udp_pcbs                0x2000c230     0x4  Data  Gb  udp.o [1]
udp_receive_callback    0x0800465b    0xda  Code  Gb  udpclient.o [1]
udp_recv                0x08005929     0x6  Code  Gb  udp.o [1]
udp_remove              0x0800592f    0x3c  Code  Gb  udp.o [1]
udp_send                0x0800570f     0xc  Code  Gb  udp.o [1]
udp_send_message        0x08004851    0x36  Code  Gb  udpclient.o [1]
udp_send_process        0x08004735    0x5e  Code  Gb  udpclient.o [1]
udp_sendto              0x0800571b    0x2c  Code  Gb  udp.o [1]
udp_sendto_if           0x08005747    0xf2  Code  Gb  udp.o [1]
update_arp_entry        0x08008439   0x104  Code  Lc  etharp.o [1]
wrq_recv_callback       0x080065e7   0x110  Code  Gb  tftpserver.o [1]


[1] = C:\Users\WayZim_Dong\Desktop\IOT\×ÊÁÏ\×ÊÁÏ\BOOT\EXP_IOT_ETH_BOOT_PROJECT_V1_0_T20211027\Project\EWARMv5\STM3210C-EVAL\Obj
[2] = command line
[3] = dl7M_tlf.a
[4] = m7M_tl.a
[5] = rt7M_tl.a
[6] = shb_l.a

  38 128 bytes of readonly  code memory
     192 bytes of readonly  data memory
  54 118 bytes of readwrite data memory

Errors: none
Warnings: none
