###############################################################################
#                                                                             #
# IAR ELF Linker V6.10.1.52143/W32 for ARM              03/Nov/2021  14:34:40 #
# Copyright 2007-2010 IAR Systems AB.                                         #
#                                                                             #
#    Output file  =  C:\Users\WayZim_Dong\Desktop\IOT\资料\资料\IAP\EXP_IOT_C #
#                    TRL_PROJECT_V1_9\EXP_IOT_CTRL_PROJECT_V1_9\Project\EWARM #
#                    v5_IAP\STM3210C-EVAL\Exe\STM3210C-EVAL.out               #
#    Map file     =  C:\Users\WayZim_Dong\Desktop\IOT\资料\资料\IAP\EXP_IOT_C #
#                    TRL_PROJECT_V1_9\EXP_IOT_CTRL_PROJECT_V1_9\Project\EWARM #
#                    v5_IAP\STM3210C-EVAL\List\STM3210C-EVAL.map              #
#    Command line =  C:\Users\WayZim_Dong\Desktop\IOT\资料\资料\IAP\EXP_IOT_C #
#                    TRL_PROJECT_V1_9\EXP_IOT_CTRL_PROJECT_V1_9\Project\EWARM #
#                    v5_IAP\STM3210C-EVAL\Obj\api_lib.o                       #
#                    C:\Users\WayZim_Dong\Desktop\IOT\资料\资料\IAP\EXP_IOT_C #
#                    TRL_PROJECT_V1_9\EXP_IOT_CTRL_PROJECT_V1_9\Project\EWARM #
#                    v5_IAP\STM3210C-EVAL\Obj\api_msg.o                       #
#                    C:\Users\WayZim_Dong\Desktop\IOT\资料\资料\IAP\EXP_IOT_C #
#                    TRL_PROJECT_V1_9\EXP_IOT_CTRL_PROJECT_V1_9\Project\EWARM #
#                    v5_IAP\STM3210C-EVAL\Obj\autoip.o                        #
#                    C:\Users\WayZim_Dong\Desktop\IOT\资料\资料\IAP\EXP_IOT_C #
#                    TRL_PROJECT_V1_9\EXP_IOT_CTRL_PROJECT_V1_9\Project\EWARM #
#                    v5_IAP\STM3210C-EVAL\Obj\can_bus.o                       #
#                    C:\Users\WayZim_Dong\Desktop\IOT\资料\资料\IAP\EXP_IOT_C #
#                    TRL_PROJECT_V1_9\EXP_IOT_CTRL_PROJECT_V1_9\Project\EWARM #
#                    v5_IAP\STM3210C-EVAL\Obj\core_cm3.o                      #
#                    C:\Users\WayZim_Dong\Desktop\IOT\资料\资料\IAP\EXP_IOT_C #
#                    TRL_PROJECT_V1_9\EXP_IOT_CTRL_PROJECT_V1_9\Project\EWARM #
#                    v5_IAP\STM3210C-EVAL\Obj\dhcp.o                          #
#                    C:\Users\WayZim_Dong\Desktop\IOT\资料\资料\IAP\EXP_IOT_C #
#                    TRL_PROJECT_V1_9\EXP_IOT_CTRL_PROJECT_V1_9\Project\EWARM #
#                    v5_IAP\STM3210C-EVAL\Obj\err.o                           #
#                    C:\Users\WayZim_Dong\Desktop\IOT\资料\资料\IAP\EXP_IOT_C #
#                    TRL_PROJECT_V1_9\EXP_IOT_CTRL_PROJECT_V1_9\Project\EWARM #
#                    v5_IAP\STM3210C-EVAL\Obj\etharp.o                        #
#                    C:\Users\WayZim_Dong\Desktop\IOT\资料\资料\IAP\EXP_IOT_C #
#                    TRL_PROJECT_V1_9\EXP_IOT_CTRL_PROJECT_V1_9\Project\EWARM #
#                    v5_IAP\STM3210C-EVAL\Obj\ethernetif.o                    #
#                    C:\Users\WayZim_Dong\Desktop\IOT\资料\资料\IAP\EXP_IOT_C #
#                    TRL_PROJECT_V1_9\EXP_IOT_CTRL_PROJECT_V1_9\Project\EWARM #
#                    v5_IAP\STM3210C-EVAL\Obj\fun.o                           #
#                    C:\Users\WayZim_Dong\Desktop\IOT\资料\资料\IAP\EXP_IOT_C #
#                    TRL_PROJECT_V1_9\EXP_IOT_CTRL_PROJECT_V1_9\Project\EWARM #
#                    v5_IAP\STM3210C-EVAL\Obj\icmp.o                          #
#                    C:\Users\WayZim_Dong\Desktop\IOT\资料\资料\IAP\EXP_IOT_C #
#                    TRL_PROJECT_V1_9\EXP_IOT_CTRL_PROJECT_V1_9\Project\EWARM #
#                    v5_IAP\STM3210C-EVAL\Obj\igmp.o                          #
#                    C:\Users\WayZim_Dong\Desktop\IOT\资料\资料\IAP\EXP_IOT_C #
#                    TRL_PROJECT_V1_9\EXP_IOT_CTRL_PROJECT_V1_9\Project\EWARM #
#                    v5_IAP\STM3210C-EVAL\Obj\inet.o                          #
#                    C:\Users\WayZim_Dong\Desktop\IOT\资料\资料\IAP\EXP_IOT_C #
#                    TRL_PROJECT_V1_9\EXP_IOT_CTRL_PROJECT_V1_9\Project\EWARM #
#                    v5_IAP\STM3210C-EVAL\Obj\inet_chksum.o                   #
#                    C:\Users\WayZim_Dong\Desktop\IOT\资料\资料\IAP\EXP_IOT_C #
#                    TRL_PROJECT_V1_9\EXP_IOT_CTRL_PROJECT_V1_9\Project\EWARM #
#                    v5_IAP\STM3210C-EVAL\Obj\init.o                          #
#                    C:\Users\WayZim_Dong\Desktop\IOT\资料\资料\IAP\EXP_IOT_C #
#                    TRL_PROJECT_V1_9\EXP_IOT_CTRL_PROJECT_V1_9\Project\EWARM #
#                    v5_IAP\STM3210C-EVAL\Obj\ip.o                            #
#                    C:\Users\WayZim_Dong\Desktop\IOT\资料\资料\IAP\EXP_IOT_C #
#                    TRL_PROJECT_V1_9\EXP_IOT_CTRL_PROJECT_V1_9\Project\EWARM #
#                    v5_IAP\STM3210C-EVAL\Obj\ip_addr.o                       #
#                    C:\Users\WayZim_Dong\Desktop\IOT\资料\资料\IAP\EXP_IOT_C #
#                    TRL_PROJECT_V1_9\EXP_IOT_CTRL_PROJECT_V1_9\Project\EWARM #
#                    v5_IAP\STM3210C-EVAL\Obj\ip_frag.o                       #
#                    C:\Users\WayZim_Dong\Desktop\IOT\资料\资料\IAP\EXP_IOT_C #
#                    TRL_PROJECT_V1_9\EXP_IOT_CTRL_PROJECT_V1_9\Project\EWARM #
#                    v5_IAP\STM3210C-EVAL\Obj\logic_ctrl.o                    #
#                    C:\Users\WayZim_Dong\Desktop\IOT\资料\资料\IAP\EXP_IOT_C #
#                    TRL_PROJECT_V1_9\EXP_IOT_CTRL_PROJECT_V1_9\Project\EWARM #
#                    v5_IAP\STM3210C-EVAL\Obj\main.o                          #
#                    C:\Users\WayZim_Dong\Desktop\IOT\资料\资料\IAP\EXP_IOT_C #
#                    TRL_PROJECT_V1_9\EXP_IOT_CTRL_PROJECT_V1_9\Project\EWARM #
#                    v5_IAP\STM3210C-EVAL\Obj\mem.o                           #
#                    C:\Users\WayZim_Dong\Desktop\IOT\资料\资料\IAP\EXP_IOT_C #
#                    TRL_PROJECT_V1_9\EXP_IOT_CTRL_PROJECT_V1_9\Project\EWARM #
#                    v5_IAP\STM3210C-EVAL\Obj\memp.o                          #
#                    C:\Users\WayZim_Dong\Desktop\IOT\资料\资料\IAP\EXP_IOT_C #
#                    TRL_PROJECT_V1_9\EXP_IOT_CTRL_PROJECT_V1_9\Project\EWARM #
#                    v5_IAP\STM3210C-EVAL\Obj\misc.o                          #
#                    C:\Users\WayZim_Dong\Desktop\IOT\资料\资料\IAP\EXP_IOT_C #
#                    TRL_PROJECT_V1_9\EXP_IOT_CTRL_PROJECT_V1_9\Project\EWARM #
#                    v5_IAP\STM3210C-EVAL\Obj\modbus_rtu.o                    #
#                    C:\Users\WayZim_Dong\Desktop\IOT\资料\资料\IAP\EXP_IOT_C #
#                    TRL_PROJECT_V1_9\EXP_IOT_CTRL_PROJECT_V1_9\Project\EWARM #
#                    v5_IAP\STM3210C-EVAL\Obj\netbuf.o                        #
#                    C:\Users\WayZim_Dong\Desktop\IOT\资料\资料\IAP\EXP_IOT_C #
#                    TRL_PROJECT_V1_9\EXP_IOT_CTRL_PROJECT_V1_9\Project\EWARM #
#                    v5_IAP\STM3210C-EVAL\Obj\netconf.o                       #
#                    C:\Users\WayZim_Dong\Desktop\IOT\资料\资料\IAP\EXP_IOT_C #
#                    TRL_PROJECT_V1_9\EXP_IOT_CTRL_PROJECT_V1_9\Project\EWARM #
#                    v5_IAP\STM3210C-EVAL\Obj\netdb.o                         #
#                    C:\Users\WayZim_Dong\Desktop\IOT\资料\资料\IAP\EXP_IOT_C #
#                    TRL_PROJECT_V1_9\EXP_IOT_CTRL_PROJECT_V1_9\Project\EWARM #
#                    v5_IAP\STM3210C-EVAL\Obj\netif.o                         #
#                    C:\Users\WayZim_Dong\Desktop\IOT\资料\资料\IAP\EXP_IOT_C #
#                    TRL_PROJECT_V1_9\EXP_IOT_CTRL_PROJECT_V1_9\Project\EWARM #
#                    v5_IAP\STM3210C-EVAL\Obj\netifapi.o                      #
#                    C:\Users\WayZim_Dong\Desktop\IOT\资料\资料\IAP\EXP_IOT_C #
#                    TRL_PROJECT_V1_9\EXP_IOT_CTRL_PROJECT_V1_9\Project\EWARM #
#                    v5_IAP\STM3210C-EVAL\Obj\pbuf.o                          #
#                    C:\Users\WayZim_Dong\Desktop\IOT\资料\资料\IAP\EXP_IOT_C #
#                    TRL_PROJECT_V1_9\EXP_IOT_CTRL_PROJECT_V1_9\Project\EWARM #
#                    v5_IAP\STM3210C-EVAL\Obj\raw.o                           #
#                    C:\Users\WayZim_Dong\Desktop\IOT\资料\资料\IAP\EXP_IOT_C #
#                    TRL_PROJECT_V1_9\EXP_IOT_CTRL_PROJECT_V1_9\Project\EWARM #
#                    v5_IAP\STM3210C-EVAL\Obj\speedCtrl.o                     #
#                    C:\Users\WayZim_Dong\Desktop\IOT\资料\资料\IAP\EXP_IOT_C #
#                    TRL_PROJECT_V1_9\EXP_IOT_CTRL_PROJECT_V1_9\Project\EWARM #
#                    v5_IAP\STM3210C-EVAL\Obj\startup_stm32f10x_cl.o          #
#                    C:\Users\WayZim_Dong\Desktop\IOT\资料\资料\IAP\EXP_IOT_C #
#                    TRL_PROJECT_V1_9\EXP_IOT_CTRL_PROJECT_V1_9\Project\EWARM #
#                    v5_IAP\STM3210C-EVAL\Obj\stats.o                         #
#                    C:\Users\WayZim_Dong\Desktop\IOT\资料\资料\IAP\EXP_IOT_C #
#                    TRL_PROJECT_V1_9\EXP_IOT_CTRL_PROJECT_V1_9\Project\EWARM #
#                    v5_IAP\STM3210C-EVAL\Obj\stm32_eth.o                     #
#                    C:\Users\WayZim_Dong\Desktop\IOT\资料\资料\IAP\EXP_IOT_C #
#                    TRL_PROJECT_V1_9\EXP_IOT_CTRL_PROJECT_V1_9\Project\EWARM #
#                    v5_IAP\STM3210C-EVAL\Obj\stm32f107.o                     #
#                    C:\Users\WayZim_Dong\Desktop\IOT\资料\资料\IAP\EXP_IOT_C #
#                    TRL_PROJECT_V1_9\EXP_IOT_CTRL_PROJECT_V1_9\Project\EWARM #
#                    v5_IAP\STM3210C-EVAL\Obj\stm32f10x_adc.o                 #
#                    C:\Users\WayZim_Dong\Desktop\IOT\资料\资料\IAP\EXP_IOT_C #
#                    TRL_PROJECT_V1_9\EXP_IOT_CTRL_PROJECT_V1_9\Project\EWARM #
#                    v5_IAP\STM3210C-EVAL\Obj\stm32f10x_bkp.o                 #
#                    C:\Users\WayZim_Dong\Desktop\IOT\资料\资料\IAP\EXP_IOT_C #
#                    TRL_PROJECT_V1_9\EXP_IOT_CTRL_PROJECT_V1_9\Project\EWARM #
#                    v5_IAP\STM3210C-EVAL\Obj\stm32f10x_can.o                 #
#                    C:\Users\WayZim_Dong\Desktop\IOT\资料\资料\IAP\EXP_IOT_C #
#                    TRL_PROJECT_V1_9\EXP_IOT_CTRL_PROJECT_V1_9\Project\EWARM #
#                    v5_IAP\STM3210C-EVAL\Obj\stm32f10x_dma.o                 #
#                    C:\Users\WayZim_Dong\Desktop\IOT\资料\资料\IAP\EXP_IOT_C #
#                    TRL_PROJECT_V1_9\EXP_IOT_CTRL_PROJECT_V1_9\Project\EWARM #
#                    v5_IAP\STM3210C-EVAL\Obj\stm32f10x_exti.o                #
#                    C:\Users\WayZim_Dong\Desktop\IOT\资料\资料\IAP\EXP_IOT_C #
#                    TRL_PROJECT_V1_9\EXP_IOT_CTRL_PROJECT_V1_9\Project\EWARM #
#                    v5_IAP\STM3210C-EVAL\Obj\stm32f10x_flash.o               #
#                    C:\Users\WayZim_Dong\Desktop\IOT\资料\资料\IAP\EXP_IOT_C #
#                    TRL_PROJECT_V1_9\EXP_IOT_CTRL_PROJECT_V1_9\Project\EWARM #
#                    v5_IAP\STM3210C-EVAL\Obj\stm32f10x_gpio.o                #
#                    C:\Users\WayZim_Dong\Desktop\IOT\资料\资料\IAP\EXP_IOT_C #
#                    TRL_PROJECT_V1_9\EXP_IOT_CTRL_PROJECT_V1_9\Project\EWARM #
#                    v5_IAP\STM3210C-EVAL\Obj\stm32f10x_i2c.o                 #
#                    C:\Users\WayZim_Dong\Desktop\IOT\资料\资料\IAP\EXP_IOT_C #
#                    TRL_PROJECT_V1_9\EXP_IOT_CTRL_PROJECT_V1_9\Project\EWARM #
#                    v5_IAP\STM3210C-EVAL\Obj\stm32f10x_it.o                  #
#                    C:\Users\WayZim_Dong\Desktop\IOT\资料\资料\IAP\EXP_IOT_C #
#                    TRL_PROJECT_V1_9\EXP_IOT_CTRL_PROJECT_V1_9\Project\EWARM #
#                    v5_IAP\STM3210C-EVAL\Obj\stm32f10x_pwr.o                 #
#                    C:\Users\WayZim_Dong\Desktop\IOT\资料\资料\IAP\EXP_IOT_C #
#                    TRL_PROJECT_V1_9\EXP_IOT_CTRL_PROJECT_V1_9\Project\EWARM #
#                    v5_IAP\STM3210C-EVAL\Obj\stm32f10x_rcc.o                 #
#                    C:\Users\WayZim_Dong\Desktop\IOT\资料\资料\IAP\EXP_IOT_C #
#                    TRL_PROJECT_V1_9\EXP_IOT_CTRL_PROJECT_V1_9\Project\EWARM #
#                    v5_IAP\STM3210C-EVAL\Obj\stm32f10x_rtc.o                 #
#                    C:\Users\WayZim_Dong\Desktop\IOT\资料\资料\IAP\EXP_IOT_C #
#                    TRL_PROJECT_V1_9\EXP_IOT_CTRL_PROJECT_V1_9\Project\EWARM #
#                    v5_IAP\STM3210C-EVAL\Obj\stm32f10x_spi.o                 #
#                    C:\Users\WayZim_Dong\Desktop\IOT\资料\资料\IAP\EXP_IOT_C #
#                    TRL_PROJECT_V1_9\EXP_IOT_CTRL_PROJECT_V1_9\Project\EWARM #
#                    v5_IAP\STM3210C-EVAL\Obj\stm32f10x_tim.o                 #
#                    C:\Users\WayZim_Dong\Desktop\IOT\资料\资料\IAP\EXP_IOT_C #
#                    TRL_PROJECT_V1_9\EXP_IOT_CTRL_PROJECT_V1_9\Project\EWARM #
#                    v5_IAP\STM3210C-EVAL\Obj\stm32f10x_usart.o               #
#                    C:\Users\WayZim_Dong\Desktop\IOT\资料\资料\IAP\EXP_IOT_C #
#                    TRL_PROJECT_V1_9\EXP_IOT_CTRL_PROJECT_V1_9\Project\EWARM #
#                    v5_IAP\STM3210C-EVAL\Obj\sys.o                           #
#                    C:\Users\WayZim_Dong\Desktop\IOT\资料\资料\IAP\EXP_IOT_C #
#                    TRL_PROJECT_V1_9\EXP_IOT_CTRL_PROJECT_V1_9\Project\EWARM #
#                    v5_IAP\STM3210C-EVAL\Obj\system_stm32f10x.o              #
#                    C:\Users\WayZim_Dong\Desktop\IOT\资料\资料\IAP\EXP_IOT_C #
#                    TRL_PROJECT_V1_9\EXP_IOT_CTRL_PROJECT_V1_9\Project\EWARM #
#                    v5_IAP\STM3210C-EVAL\Obj\tcp.o                           #
#                    C:\Users\WayZim_Dong\Desktop\IOT\资料\资料\IAP\EXP_IOT_C #
#                    TRL_PROJECT_V1_9\EXP_IOT_CTRL_PROJECT_V1_9\Project\EWARM #
#                    v5_IAP\STM3210C-EVAL\Obj\tcp_in.o                        #
#                    C:\Users\WayZim_Dong\Desktop\IOT\资料\资料\IAP\EXP_IOT_C #
#                    TRL_PROJECT_V1_9\EXP_IOT_CTRL_PROJECT_V1_9\Project\EWARM #
#                    v5_IAP\STM3210C-EVAL\Obj\tcp_out.o                       #
#                    C:\Users\WayZim_Dong\Desktop\IOT\资料\资料\IAP\EXP_IOT_C #
#                    TRL_PROJECT_V1_9\EXP_IOT_CTRL_PROJECT_V1_9\Project\EWARM #
#                    v5_IAP\STM3210C-EVAL\Obj\tcpip.o                         #
#                    C:\Users\WayZim_Dong\Desktop\IOT\资料\资料\IAP\EXP_IOT_C #
#                    TRL_PROJECT_V1_9\EXP_IOT_CTRL_PROJECT_V1_9\Project\EWARM #
#                    v5_IAP\STM3210C-EVAL\Obj\udp.o                           #
#                    C:\Users\WayZim_Dong\Desktop\IOT\资料\资料\IAP\EXP_IOT_C #
#                    TRL_PROJECT_V1_9\EXP_IOT_CTRL_PROJECT_V1_9\Project\EWARM #
#                    v5_IAP\STM3210C-EVAL\Obj\udpclient.o -o                  #
#                    C:\Users\WayZim_Dong\Desktop\IOT\资料\资料\IAP\EXP_IOT_C #
#                    TRL_PROJECT_V1_9\EXP_IOT_CTRL_PROJECT_V1_9\Project\EWARM #
#                    v5_IAP\STM3210C-EVAL\Exe\STM3210C-EVAL.out --map         #
#                    C:\Users\WayZim_Dong\Desktop\IOT\资料\资料\IAP\EXP_IOT_C #
#                    TRL_PROJECT_V1_9\EXP_IOT_CTRL_PROJECT_V1_9\Project\EWARM #
#                    v5_IAP\STM3210C-EVAL\List\STM3210C-EVAL.map --config     #
#                    C:\Users\WayZim_Dong\Desktop\IOT\资料\资料\IAP\EXP_IOT_C #
#                    TRL_PROJECT_V1_9\EXP_IOT_CTRL_PROJECT_V1_9\Project\EWARM #
#                    v5_IAP\STM32F10x_FLASH.icf --semihosting --entry         #
#                    __iar_program_start                                      #
#                                                                             #
#                                                                             #
###############################################################################

*******************************************************************************
*** RUNTIME MODEL ATTRIBUTES
***

CppFlavor       = *
__SystemLibrary = DLib


*******************************************************************************
*** PLACEMENT SUMMARY
***

"A1":  place at 0x08010000 { ro section .intvec };
"P1":  place in [from 0x08010000 to 0x0803ffff] { ro };
"P2":  place in [from 0x20000000 to 0x2000ffff] { rw, block CSTACK, block HEAP };

  Section            Kind        Address    Size  Object
  -------            ----        -------    ----  ------
"A1":                                      0x150
  .intvec            ro code  0x08010000   0x150  startup_stm32f10x_cl.o [1]
                            - 0x08010150   0x150

"P1":                                     0x8228
  .text              ro code  0x08010150   0xd58  tcp_in.o [1]
  .text              ro code  0x08010ea8    0x26  inet.o [1]
  .text              ro code  0x08010ece   0x40a  pbuf.o [1]
  .text              ro code  0x080112d8    0x48  ip_addr.o [1]
  .text              ro code  0x08011320   0x6e0  tcp.o [1]
  .text              ro code  0x08011a00    0xac  memp.o [1]
  .text              ro code  0x08011aac   0x92a  tcp_out.o [1]
  .text              ro code  0x080123d6    0x22  zero_init3.o [5]
  .text              ro code  0x080123f8   0x214  mem.o [1]
  .text              ro code  0x0801260c     0xc  tcp_out.o [1]
  .text              ro code  0x08012618    0x14  udp.o [1]
  .text              ro code  0x0801262c   0x2e2  ip.o [1]
  .text              ro code  0x08012910    0x70  ABImemcpy.o [5]
  .text              ro code  0x08012980    0x66  ABImemset.o [5]
  .text              ro code  0x080129e8   0x11e  netif.o [1]
  .text              ro code  0x08012b08   0x544  ip_frag.o [1]
  .text              ro code  0x0801304c    0x7c  raw.o [1]
  .text              ro code  0x080130c8   0x384  udp.o [1]
  .text              ro code  0x0801344c   0x1a8  icmp.o [1]
  .text              ro code  0x080135f4   0x728  etharp.o [1]
  .text              ro code  0x08013d1c    0x9c  inet_chksum.o [1]
  .text              ro code  0x08013db8   0x6ec  can_bus.o [1]
  .text              ro code  0x080144a4   0x3f2  stm32f10x_can.o [1]
  .text              ro code  0x08014898   0x4f4  fun.o [1]
  .text              ro code  0x08014d8c   0x5ec  logic_ctrl.o [1]
  .text              ro code  0x08015378   0x110  stm32f10x_flash.o [1]
  .text              ro code  0x08015488   0x13c  stm32f10x_gpio.o [1]
  .text              ro code  0x080155c4    0xd8  FltMul.o [4]
  .text              ro code  0x0801569c    0x44  FltToS32.o [4]
  .text              ro code  0x080156e0   0x170  stm32f10x_rcc.o [1]
  .text              ro code  0x08015850   0x5ea  stm32f107.o [1]
  .text              ro code  0x08015e3c   0x140  stm32f10x_usart.o [1]
  .text              ro code  0x08015f7c   0x220  stm32f10x_tim.o [1]
  .text              ro code  0x0801619c   0x118  system_stm32f10x.o [1]
  .text              ro code  0x080162b4     0xc  stm32f10x_pwr.o [1]
  .text              ro code  0x080162c0   0x5ae  stm32_eth.o [1]
  .text              ro code  0x08016870    0x94  misc.o [1]
  .text              ro code  0x08016904   0x3a8  modbus_rtu.o [1]
  .text              ro code  0x08016cac   0x364  main.o [1]
  .text              ro code  0x08017010   0x284  speedCtrl.o [1]
  .text              ro code  0x08017294    0xc8  netconf.o [1]
  .text              ro code  0x0801735c   0x1bc  udpclient.o [1]
  .text              ro code  0x08017518     0x8  abs.o [3]
  .text              ro code  0x08017520    0x2e  I32ToDbl.o [4]
  .text              ro code  0x08017550   0x1a2  DblMul.o [4]
  .text              ro code  0x080176f4   0x246  DblDiv.o [4]
  .text              ro code  0x0801793c    0x90  DblToFlt.o [4]
  .text              ro code  0x080179cc    0xe2  FltSub.o [4]
  .text              ro code  0x08017ab0    0x4e  FltToDbl.o [4]
  .text              ro code  0x08017b00    0x2e  DblCmpLe.o [4]
  .text              ro code  0x08017b30    0x2e  DblCmpGe.o [4]
  .text              ro code  0x08017b60    0x24  FltCmpGe.o [4]
  .text              ro code  0x08017b84    0x82  FltAdd.o [4]
  .text              ro code  0x08017c08    0x24  FltCmpLe.o [4]
  .text              ro code  0x08017c2c    0x30  I32ToFlt.o [4]
  .text              ro code  0x08017c5c    0xfc  FltDiv.o [4]
  .text              ro code  0x08017d58   0x24c  ethernetif.o [1]
  .text              ro code  0x08017fa4    0xfc  stm32f10x_it.o [1]
  .text              ro code  0x080180a0    0xa8  packbits_init3.o [5]
  .text              ro code  0x08018148    0x30  iarttio.o [6]
  .text              ro code  0x08018178     0x8  XShttio.o [3]
  .text              ro code  0x08018180    0x2c  data_init3.o [5]
  .iar.init_table    const    0x080181ac    0x2c  - Linker created -
  .text              ro code  0x080181d8    0x16  cmain.o [5]
  .text              ro code  0x080181ee     0x4  low_level_init.o [3]
  .text              ro code  0x080181f2     0x8  exit.o [3]
  .text              ro code  0x080181fc     0xa  cexit.o [5]
  .text              ro code  0x08018208    0x14  exit.o [6]
  .text              ro code  0x0801821c     0xc  cstartup_M.o [5]
  .text              ro code  0x08018228     0x4  startup_stm32f10x_cl.o [1]
  .text              ro code  0x0801822c     0x4  startup_stm32f10x_cl.o [1]
  .text              ro code  0x08018230     0x4  startup_stm32f10x_cl.o [1]
  .text              ro code  0x08018234     0x4  startup_stm32f10x_cl.o [1]
  .text              ro code  0x08018238     0x4  startup_stm32f10x_cl.o [1]
  .text              ro code  0x0801823c     0x4  startup_stm32f10x_cl.o [1]
  .text              ro code  0x08018240     0x4  startup_stm32f10x_cl.o [1]
  .text              ro code  0x08018244     0x4  startup_stm32f10x_cl.o [1]
  .text              ro code  0x08018248     0x4  startup_stm32f10x_cl.o [1]
  .text              ro code  0x0801824c     0x4  startup_stm32f10x_cl.o [1]
  .text              ro code  0x08018250     0x4  startup_stm32f10x_cl.o [1]
  .text              ro code  0x08018254     0x4  startup_stm32f10x_cl.o [1]
  .text              ro code  0x08018258     0x4  startup_stm32f10x_cl.o [1]
  .text              ro code  0x0801825c     0x4  startup_stm32f10x_cl.o [1]
  .text              ro code  0x08018260     0x4  startup_stm32f10x_cl.o [1]
  .text              ro code  0x08018264     0x4  startup_stm32f10x_cl.o [1]
  .text              ro code  0x08018268     0x4  startup_stm32f10x_cl.o [1]
  .text              ro code  0x0801826c     0x4  startup_stm32f10x_cl.o [1]
  .text              ro code  0x08018270     0x4  startup_stm32f10x_cl.o [1]
  .text              ro code  0x08018274     0x4  startup_stm32f10x_cl.o [1]
  .text              ro code  0x08018278     0x4  startup_stm32f10x_cl.o [1]
  .text              ro code  0x0801827c     0x4  startup_stm32f10x_cl.o [1]
  .text              ro code  0x08018280     0x4  startup_stm32f10x_cl.o [1]
  .text              ro code  0x08018284     0x4  startup_stm32f10x_cl.o [1]
  .text              ro code  0x08018288     0x4  startup_stm32f10x_cl.o [1]
  .text              ro code  0x0801828c     0x4  startup_stm32f10x_cl.o [1]
  .text              ro code  0x08018290     0x4  startup_stm32f10x_cl.o [1]
  .text              ro code  0x08018294     0x4  startup_stm32f10x_cl.o [1]
  .text              ro code  0x08018298     0x4  startup_stm32f10x_cl.o [1]
  .text              ro code  0x0801829c     0x4  startup_stm32f10x_cl.o [1]
  .text              ro code  0x080182a0     0x4  startup_stm32f10x_cl.o [1]
  .text              ro code  0x080182a4     0x4  startup_stm32f10x_cl.o [1]
  .text              ro code  0x080182a8     0x4  startup_stm32f10x_cl.o [1]
  .text              ro code  0x080182ac     0x4  startup_stm32f10x_cl.o [1]
  .text              ro code  0x080182b0     0x4  startup_stm32f10x_cl.o [1]
  .text              ro code  0x080182b4     0x4  startup_stm32f10x_cl.o [1]
  .text              ro code  0x080182b8     0x4  startup_stm32f10x_cl.o [1]
  .text              ro code  0x080182bc     0x4  startup_stm32f10x_cl.o [1]
  .text              ro code  0x080182c0     0x4  startup_stm32f10x_cl.o [1]
  .text              ro code  0x080182c4     0x4  startup_stm32f10x_cl.o [1]
  .text              ro code  0x080182c8     0x4  startup_stm32f10x_cl.o [1]
  .text              ro code  0x080182cc     0x4  startup_stm32f10x_cl.o [1]
  .text              ro code  0x080182d0     0x4  startup_stm32f10x_cl.o [1]
  .text              ro code  0x080182d4     0x4  startup_stm32f10x_cl.o [1]
  .text              ro code  0x080182d8     0x4  startup_stm32f10x_cl.o [1]
  .text              ro code  0x080182dc     0x4  startup_stm32f10x_cl.o [1]
  .text              ro code  0x080182e0     0x4  startup_stm32f10x_cl.o [1]
  .text              ro code  0x080182e4     0x4  startup_stm32f10x_cl.o [1]
  .text              ro code  0x080182e8     0x4  startup_stm32f10x_cl.o [1]
  .text              ro code  0x080182ec     0x4  startup_stm32f10x_cl.o [1]
  .text              ro code  0x080182f0     0x4  startup_stm32f10x_cl.o [1]
  .text              ro code  0x080182f4     0x4  startup_stm32f10x_cl.o [1]
  .text              ro code  0x080182f8     0x4  startup_stm32f10x_cl.o [1]
  .text              ro code  0x080182fc     0x4  startup_stm32f10x_cl.o [1]
  .text              ro code  0x08018300     0x4  startup_stm32f10x_cl.o [1]
  .text              ro code  0x08018304     0x4  startup_stm32f10x_cl.o [1]
  .text              ro code  0x08018308     0x4  startup_stm32f10x_cl.o [1]
  .text              ro code  0x0801830c     0x4  startup_stm32f10x_cl.o [1]
  .text              ro code  0x08018310     0x4  startup_stm32f10x_cl.o [1]
  .text              ro code  0x08018314     0x4  startup_stm32f10x_cl.o [1]
  .text              ro code  0x08018318     0x4  startup_stm32f10x_cl.o [1]
  .text              ro code  0x0801831c     0x4  startup_stm32f10x_cl.o [1]
  .text              ro code  0x08018320     0x4  startup_stm32f10x_cl.o [1]
  .text              ro code  0x08018324     0x4  startup_stm32f10x_cl.o [1]
  .text              ro code  0x08018328     0x4  startup_stm32f10x_cl.o [1]
  .text              ro code  0x0801832c     0x4  startup_stm32f10x_cl.o [1]
  .text              ro code  0x08018330     0x4  startup_stm32f10x_cl.o [1]
  .text              ro code  0x08018334     0x4  startup_stm32f10x_cl.o [1]
  .text              ro code  0x08018338     0x4  startup_stm32f10x_cl.o [1]
  .text              ro code  0x0801833c     0x4  startup_stm32f10x_cl.o [1]
  Initializer bytes  ro data  0x08018340    0x37  <for P2 s0>
                            - 0x08018377  0x8227

"P2", part 1 of 3:                         0x130
  P2 s0                       0x20000000   0x130  <Init block>
    .data            inited   0x20000000    0x9c  speedCtrl.o [1]
    .data            inited   0x2000009c    0x3c  modbus_rtu.o [1]
    .data            inited   0x200000d8    0x20  tcp.o [1]
    .data            inited   0x200000f8    0x1c  main.o [1]
    .data            inited   0x20000114    0x14  stm32f10x_rcc.o [1]
    .data            inited   0x20000128     0x8  XShttio.o [3]
                            - 0x20000130   0x130

"P2", part 2 of 3:                        0xdbc8
  .bss               zero     0x20000130  0x5024  mem.o [1]
  .bss               zero     0x20005154  0x46b0  memp.o [1]
  .bss               zero     0x20009804  0x2408  ethernetif.o [1]
  .bss               zero     0x2000bc0c   0x800  logic_ctrl.o [1]
  .bss               zero     0x2000c40c   0x7e8  udpclient.o [1]
  .bss               zero     0x2000cbf4   0x5e0  ip_frag.o [1]
  .bss               zero     0x2000d1d4   0x2c8  can_bus.o [1]
  .bss               zero     0x2000d49c   0x258  can_bus.o [1]
  .bss               zero     0x2000d6f4   0x198  can_bus.o [1]
  .bss               zero     0x2000d88c    0xc8  can_bus.o [1]
  .bss               zero     0x2000d954    0xc8  etharp.o [1]
  .bss               zero     0x2000da1c    0xc8  fun.o [1]
  .bss               zero     0x2000dae4    0x64  can_bus.o [1]
  .bss               zero     0x2000db48    0x36  modbus_rtu.o [1]
  .bss               zero     0x2000db7e     0x2  ip.o [1]
  .bss               zero     0x2000db80    0x34  tcp_in.o [1]
  .bss               zero     0x2000dbb4    0x30  netconf.o [1]
  .bss               zero     0x2000dbe4    0x28  logic_ctrl.o [1]
  .bss               zero     0x2000dc0c    0x24  logic_ctrl.o [1]
  .bss               zero     0x2000dc30    0x24  logic_ctrl.o [1]
  .bss               zero     0x2000dc54    0x24  logic_ctrl.o [1]
  .bss               zero     0x2000dc78    0x22  logic_ctrl.o [1]
  .bss               zero     0x2000dc9a     0x2  stm32f10x_it.o [1]
  .bss               zero     0x2000dc9c     0xc  fun.o [1]
  .bss               zero     0x2000dca8     0xc  netif.o [1]
  .bss               zero     0x2000dcb4     0x8  ip.o [1]
  .bss               zero     0x2000dcbc     0x8  ip_frag.o [1]
  .bss               zero     0x2000dcc4     0x8  main.o [1]
  .bss               zero     0x2000dccc     0x8  netconf.o [1]
  .bss               zero     0x2000dcd4     0x8  stm32_eth.o [1]
  .bss               zero     0x2000dcdc     0x8  stm32_eth.o [1]
  .bss               zero     0x2000dce4     0x4  can_bus.o [1]
  .bss               zero     0x2000dce8     0x4  raw.o [1]
  .bss               zero     0x2000dcec     0x4  stm32f107.o [1]
  .bss               zero     0x2000dcf0     0x4  udp.o [1]
  .bss               zero     0x2000dcf4     0x1  etharp.o [1]
  .bss               zero     0x2000dcf5     0x1  logic_ctrl.o [1]
  .bss               zero     0x2000dcf6     0x1  tcp.o [1]
                            - 0x2000dcf7  0xdbc7

"P2", part 3 of 3:                        0x1000
  CSTACK                      0x2000dcf8  0x1000  <Block>
    CSTACK           uninit   0x2000dcf8  0x1000  <Block tail>
                            - 0x2000ecf8  0x1000


*******************************************************************************
*** INIT TABLE
***

          Address     Size
          -------     ----
Zero (__iar_zero_init3)
    1 destination range, total size 0xdbc7:
          0x20000130  0xdbc7

Copy/packbits (__iar_packbits_init3)
    1 source range, total size 0x37 (18% of destination):
          0x08018340    0x37
    1 destination range, total size 0x130:
          0x20000000   0x130


*******************************************************************************
*** MODULE SUMMARY
***

    Module                  ro code  ro data  rw data
    ------                  -------  -------  -------
C:\Users\WayZim_Dong\Desktop\IOT\资料\资料\IAP\EXP_IOT_CTRL_PROJECT_V1_9\EXP_IOT_CTRL_PROJECT_V1_9\Project\EWARMv5_IAP\STM3210C-EVAL\Obj: [1]
    can_bus.o                 1 772             2 024
    etharp.o                  1 832               201
    ethernetif.o                588             9 224
    fun.o                     1 268               212
    icmp.o                      424
    inet.o                       38
    inet_chksum.o               156
    ip.o                        738                10
    ip_addr.o                    72
    ip_frag.o                 1 348             1 512
    logic_ctrl.o              1 516             2 231
    main.o                      868        5       36
    mem.o                       532            20 516
    memp.o                      172            18 096
    misc.o                      148
    modbus_rtu.o                936       11      114
    netconf.o                   200                56
    netif.o                     286                12
    pbuf.o                    1 034
    raw.o                       124                 4
    speedCtrl.o                 644       28      156
    startup_stm32f10x_cl.o      616
    stm32_eth.o               1 454                16
    stm32f107.o               1 514                 4
    stm32f10x_can.o           1 010
    stm32f10x_flash.o           272
    stm32f10x_gpio.o            316
    stm32f10x_it.o              252                 2
    stm32f10x_pwr.o              12
    stm32f10x_rcc.o             368        4       20
    stm32f10x_tim.o             544
    stm32f10x_usart.o           320
    system_stm32f10x.o          280
    tcp.o                     1 760        5       33
    tcp_in.o                  3 416                52
    tcp_out.o                 2 358
    udp.o                       920                 4
    udpclient.o                 444             2 024
    -------------------------------------------------
    Total:                   30 552       53   56 559

command line: [2]
    -------------------------------------------------
    Total:

dl7M_tlf.a: [3]
    XShttio.o                     8        2        8
    abs.o                         8
    exit.o                        8
    low_level_init.o              4
    -------------------------------------------------
    Total:                       28        2        8

m7M_tl.a: [4]
    DblCmpGe.o                   46
    DblCmpLe.o                   46
    DblDiv.o                    582
    DblMul.o                    418
    DblToFlt.o                  144
    FltAdd.o                    130
    FltCmpGe.o                   36
    FltCmpLe.o                   36
    FltDiv.o                    252
    FltMul.o                    216
    FltSub.o                    226
    FltToDbl.o                   78
    FltToS32.o                   68
    I32ToDbl.o                   46
    I32ToFlt.o                   48
    -------------------------------------------------
    Total:                    2 372

rt7M_tl.a: [5]
    ABImemcpy.o                 112
    ABImemset.o                 102
    cexit.o                      10
    cmain.o                      22
    cstartup_M.o                 12
    data_init3.o                 44
    packbits_init3.o            168
    zero_init3.o                 34
    -------------------------------------------------
    Total:                      504

shb_l.a: [6]
    exit.o                       20
    iarttio.o                    48
    -------------------------------------------------
    Total:                       68

    Gaps                         32
    Linker created                        44    4 096
-----------------------------------------------------
    Grand Total:             33 556       99   60 663


*******************************************************************************
*** ENTRY LIST
***

Entry                      Address    Size  Type      Object
-----                      -------    ----  ----      ------
?main                   0x080181d9          Code  Gb  cmain.o [5]
ADC1_2_IRQHandler       0x08018295          Code  Wk  startup_stm32f10x_cl.o [1]
ADCPrescTable           0x20000124     0x4  Data  Lc  stm32f10x_rcc.o [1]
APBAHBPrescTable        0x20000114    0x10  Data  Lc  stm32f10x_rcc.o [1]
ARPTimer                0x2000dcd0     0x4  Data  Gb  netconf.o [1]
AddCanSendData2Queue    0x08013de5    0x32  Code  Gb  can_bus.o [1]
AddSendMsgToQueue       0x0801491f     0x8  Code  Gb  fun.o [1]
BusFault_Handler        0x08017fab     0x2  Code  Gb  stm32f10x_it.o [1]
CAN1_RX0_IRQHandler     0x08018057    0x2e  Code  Gb  stm32f10x_it.o [1]
CAN1_RX1_IRQHandler     0x080182a1          Code  Wk  startup_stm32f10x_cl.o [1]
CAN1_SCE_IRQHandler     0x080182a5          Code  Wk  startup_stm32f10x_cl.o [1]
CAN1_TX_IRQHandler      0x08018299          Code  Wk  startup_stm32f10x_cl.o [1]
CAN2_RX0_IRQHandler     0x08018331          Code  Wk  startup_stm32f10x_cl.o [1]
CAN2_RX1_IRQHandler     0x08018335          Code  Wk  startup_stm32f10x_cl.o [1]
CAN2_SCE_IRQHandler     0x08018339          Code  Wk  startup_stm32f10x_cl.o [1]
CAN2_TX_IRQHandler      0x0801832d          Code  Wk  startup_stm32f10x_cl.o [1]
CAN_ClearITPendingBit   0x08014803    0x94  Code  Gb  stm32f10x_can.o [1]
CAN_Configuration       0x080158d9    0x80  Code  Gb  stm32f107.o [1]
CAN_DeInit              0x080144a5    0x38  Code  Gb  stm32f10x_can.o [1]
CAN_FIFORelease         0x08014785    0x10  Code  Gb  stm32f10x_can.o [1]
CAN_FilterInit          0x080145d5    0xb4  Code  Gb  stm32f10x_can.o [1]
CAN_ITConfig            0x080146b5    0x14  Code  Gb  stm32f10x_can.o [1]
CAN_Init                0x080144dd    0xf8  Code  Gb  stm32f10x_can.o [1]
CAN_Receive             0x08014795    0x6e  Code  Gb  stm32f10x_can.o [1]
CAN_StructInit          0x08014689    0x20  Code  Gb  stm32f10x_can.o [1]
CAN_Transmit            0x080146c9    0xbc  Code  Gb  stm32f10x_can.o [1]
CRCHi                   0x08016aac   0x100  Data  Gb  modbus_rtu.o [1]
CRCLo                   0x08016bac   0x100  Data  Gb  modbus_rtu.o [1]
CRC_sub                 0x08016905    0x34  Code  Gb  modbus_rtu.o [1]
CSTACK$$Base            0x2000dcf8           --   Gb  - Linker created -
CSTACK$$Limit           0x2000ecf8           --   Gb  - Linker created -
Cur_ActualHz            0x2000dc9a     0x2  Data  Gb  stm32f10x_it.o [1]
DMA1_Channel1_IRQHandler
                        0x08018279          Code  Wk  startup_stm32f10x_cl.o [1]
DMA1_Channel2_IRQHandler
                        0x0801827d          Code  Wk  startup_stm32f10x_cl.o [1]
DMA1_Channel3_IRQHandler
                        0x08018281          Code  Wk  startup_stm32f10x_cl.o [1]
DMA1_Channel4_IRQHandler
                        0x08018285          Code  Wk  startup_stm32f10x_cl.o [1]
DMA1_Channel5_IRQHandler
                        0x08018289          Code  Wk  startup_stm32f10x_cl.o [1]
DMA1_Channel6_IRQHandler
                        0x0801828d          Code  Wk  startup_stm32f10x_cl.o [1]
DMA1_Channel7_IRQHandler
                        0x08018291          Code  Wk  startup_stm32f10x_cl.o [1]
DMA2_Channel1_IRQHandler
                        0x08018311          Code  Wk  startup_stm32f10x_cl.o [1]
DMA2_Channel2_IRQHandler
                        0x08018315          Code  Wk  startup_stm32f10x_cl.o [1]
DMA2_Channel3_IRQHandler
                        0x08018319          Code  Wk  startup_stm32f10x_cl.o [1]
DMA2_Channel4_IRQHandler
                        0x0801831d          Code  Wk  startup_stm32f10x_cl.o [1]
DMA2_Channel5_IRQHandler
                        0x08018321          Code  Wk  startup_stm32f10x_cl.o [1]
DMAPTPRxDescToGet       0x2000dce0     0x4  Data  Gb  stm32_eth.o [1]
DMAPTPTxDescToSet       0x2000dcd8     0x4  Data  Gb  stm32_eth.o [1]
DMARxDescToGet          0x2000dcdc     0x4  Data  Gb  stm32_eth.o [1]
DMARxDscrTab            0x2000980c    0x40  Data  Gb  ethernetif.o [1]
DMATxDescToSet          0x2000dcd4     0x4  Data  Gb  stm32_eth.o [1]
DMATxDscrTab            0x2000984c    0x20  Data  Gb  ethernetif.o [1]
DebugMon_Handler        0x08017fb1     0x2  Code  Gb  stm32f10x_it.o [1]
ETH_DMAClearITPendingBit
                        0x0801679b     0x8  Code  Gb  stm32_eth.o [1]
ETH_DMAITConfig         0x080167e5    0x18  Code  Gb  stm32_eth.o [1]
ETH_DMAReceptionCmd     0x080167cb    0x1a  Code  Gb  stm32_eth.o [1]
ETH_DMARxDescChainInit  0x0801671d    0x46  Code  Gb  stm32_eth.o [1]
ETH_DMARxDescReceiveITConfig
                        0x0801676b    0x16  Code  Gb  stm32_eth.o [1]
ETH_DMATransmissionCmd  0x080167b1    0x1a  Code  Gb  stm32_eth.o [1]
ETH_DMATxDescChainInit  0x080166d5    0x40  Code  Gb  stm32_eth.o [1]
ETH_DMATxDescChecksumInsertionConfig
                        0x08016715     0x8  Code  Gb  stm32_eth.o [1]
ETH_DeInit              0x080162c1    0x1a  Code  Gb  stm32_eth.o [1]
ETH_Delay               0x08016851    0x1e  Code  Lc  stm32_eth.o [1]
ETH_FlushTransmitFIFO   0x080167a3     0xe  Code  Gb  stm32_eth.o [1]
ETH_GetCurrentTxBuffer  0x08017f81     0x8  Code  Gb  ethernetif.o [1]
ETH_GetDMARxDescFrameLength
                        0x08016763     0x8  Code  Gb  stm32_eth.o [1]
ETH_GetRxPktSize        0x080165b7    0x24  Code  Gb  stm32_eth.o [1]
ETH_GetSoftwareResetStatus
                        0x0801678f     0xc  Code  Gb  stm32_eth.o [1]
ETH_IRQHandler          0x08018035    0x22  Code  Gb  stm32f10x_it.o [1]
ETH_Init                0x080162db   0x214  Code  Gb  stm32_eth.o [1]
ETH_MACAddressConfig    0x080166ab    0x2a  Code  Gb  stm32_eth.o [1]
ETH_MACReceptionCmd     0x08016691    0x1a  Code  Gb  stm32_eth.o [1]
ETH_MACTransmissionCmd  0x08016677    0x1a  Code  Gb  stm32_eth.o [1]
ETH_ReadPHYRegister     0x080165db    0x4e  Code  Gb  stm32_eth.o [1]
ETH_RxPkt_ChainMode     0x08017edb    0x64  Code  Gb  ethernetif.o [1]
ETH_SoftwareReset       0x08016781     0xe  Code  Gb  stm32_eth.o [1]
ETH_Start               0x08016597    0x20  Code  Gb  stm32_eth.o [1]
ETH_StructInit          0x080164ef    0xa8  Code  Gb  stm32_eth.o [1]
ETH_TxPkt_ChainMode     0x08017f3f    0x42  Code  Gb  ethernetif.o [1]
ETH_WKUP_IRQHandler     0x08018329          Code  Wk  startup_stm32f10x_cl.o [1]
ETH_WritePHYRegister    0x08016629    0x4e  Code  Gb  stm32_eth.o [1]
EXTI0_IRQHandler        0x08018265          Code  Wk  startup_stm32f10x_cl.o [1]
EXTI15_10_IRQHandler    0x080182ed          Code  Wk  startup_stm32f10x_cl.o [1]
EXTI1_IRQHandler        0x08018269          Code  Wk  startup_stm32f10x_cl.o [1]
EXTI2_IRQHandler        0x0801826d          Code  Wk  startup_stm32f10x_cl.o [1]
EXTI3_IRQHandler        0x08018271          Code  Wk  startup_stm32f10x_cl.o [1]
EXTI4_IRQHandler        0x08018275          Code  Wk  startup_stm32f10x_cl.o [1]
EXTI9_5_IRQHandler      0x080182a9          Code  Wk  startup_stm32f10x_cl.o [1]
Encoder_Init            0x08015959    0x86  Code  Gb  stm32f107.o [1]
EthInitStatus           0x2000dcec     0x4  Data  Gb  stm32f107.o [1]
Ethernet_Configuration  0x08015a41    0x90  Code  Gb  stm32f107.o [1]
FLASH_ClearFlag         0x08015409     0x6  Code  Gb  stm32f10x_flash.o [1]
FLASH_ErasePage         0x08015399    0x3e  Code  Gb  stm32f10x_flash.o [1]
FLASH_GetStatus         0x0801540f    0x24  Code  Gb  stm32f10x_flash.o [1]
FLASH_IRQHandler        0x0801825d          Code  Wk  startup_stm32f10x_cl.o [1]
FLASH_Lock              0x0801538b     0xe  Code  Gb  stm32f10x_flash.o [1]
FLASH_ProgramHalfWord   0x080153d7    0x32  Code  Gb  stm32f10x_flash.o [1]
FLASH_Unlock            0x08015379    0x12  Code  Gb  stm32f10x_flash.o [1]
FLASH_WaitForLastOperation
                        0x08015449    0x24  Code  Gb  stm32f10x_flash.o [1]
Forbid_ReadHz_cnt       0x20000108     0x2  Data  Gb  main.o [1]
GPIO_Configuration      0x08015ad1   0x2bc  Code  Gb  stm32f107.o [1]
GPIO_ETH_MediaInterfaceConfig
                        0x080155b5     0x6  Code  Gb  stm32f10x_gpio.o [1]
GPIO_Init               0x08015489    0xa0  Code  Gb  stm32f10x_gpio.o [1]
GPIO_PinRemapConfig     0x0801555d    0x58  Code  Gb  stm32f10x_gpio.o [1]
GPIO_ReadInputDataBit   0x08015529    0x10  Code  Gb  stm32f10x_gpio.o [1]
GPIO_ReadOutputDataBit  0x08015539    0x10  Code  Gb  stm32f10x_gpio.o [1]
GPIO_ResetBits          0x0801554d     0x4  Code  Gb  stm32f10x_gpio.o [1]
GPIO_SetBits            0x08015549     0x4  Code  Gb  stm32f10x_gpio.o [1]
GPIO_WriteBit           0x08015551     0xc  Code  Gb  stm32f10x_gpio.o [1]
GetHz_inteval_cnt       0x20000100     0x2  Data  Gb  main.o [1]
GetHz_inteval_flag      0x20000102     0x2  Data  Gb  main.o [1]
GetOutHz                0x08016f1f    0x24  Code  Gb  main.o [1]
GetSendMsgFromQueue     0x08014927     0x6  Code  Gb  fun.o [1]
HardFault_Handler       0x08017fa7     0x2  Code  Gb  stm32f10x_it.o [1]
I2C1_ER_IRQHandler      0x080182cd          Code  Wk  startup_stm32f10x_cl.o [1]
I2C1_EV_IRQHandler      0x080182c9          Code  Wk  startup_stm32f10x_cl.o [1]
I2C2_ER_IRQHandler      0x080182d5          Code  Wk  startup_stm32f10x_cl.o [1]
I2C2_EV_IRQHandler      0x080182d1          Code  Wk  startup_stm32f10x_cl.o [1]
InitCanSendQueue        0x08013dd1    0x14  Code  Gb  can_bus.o [1]
InitSendMsgQueue        0x08014917     0x8  Code  Gb  fun.o [1]
InputScanProc           0x08014d8d   0x27e  Code  Gb  logic_ctrl.o [1]
LocalTime               0x2000010c     0x4  Data  Gb  main.o [1]
Logic_Ctrl_Process      0x0801500b   0x1fe  Code  Gb  logic_ctrl.o [1]
LwIP_Init               0x08017295    0x74  Code  Gb  netconf.o [1]
LwIP_Periodic_Handle    0x0801730f    0x30  Code  Gb  netconf.o [1]
LwIP_Pkt_Handle         0x08017309     0x6  Code  Gb  netconf.o [1]
MACaddr                 0x20009804     0x8  Data  Gb  ethernetif.o [1]
MemManage_Handler       0x08017fa9     0x2  Code  Gb  stm32f10x_it.o [1]
Modbus_RTU_Comm_Process
                        0x08016a37    0x5c  Code  Gb  modbus_rtu.o [1]
Modbus_RTU_Read_Reg_Cmd
                        0x08016a07    0x30  Code  Gb  modbus_rtu.o [1]
Modbus_RTU_Write_Single_Reg_Cmd
                        0x080169d7    0x30  Code  Gb  modbus_rtu.o [1]
Motor_DelayAction       0x08015263    0xac  Code  Gb  logic_ctrl.o [1]
NMI_Handler             0x08017fa5     0x2  Code  Gb  stm32f10x_it.o [1]
NVIC_Configuration      0x08015dcd    0x6e  Code  Gb  stm32f107.o [1]
NVIC_Init               0x0801687b    0x62  Code  Gb  misc.o [1]
NVIC_PriorityGroupConfig
                        0x08016871     0xa  Code  Gb  misc.o [1]
NVIC_SetPriority        0x08015851    0x1e  Code  Lc  stm32f107.o [1]
NVIC_SetVectorTable     0x080168dd     0xc  Code  Gb  misc.o [1]
NVIC_SystemReset        0x08013db9    0x18  Code  Lc  can_bus.o [1]
NVIC_SystemReset        0x08014899    0x18  Code  Lc  fun.o [1]
OTG_FS_IRQHandler       0x0801833d          Code  Wk  startup_stm32f10x_cl.o [1]
OTG_FS_WKUP_IRQHandler  0x080182f5          Code  Wk  startup_stm32f10x_cl.o [1]
PVD_IRQHandler          0x08018251          Code  Wk  startup_stm32f10x_cl.o [1]
PWR_BackupAccessCmd     0x080162b5     0x6  Code  Gb  stm32f10x_pwr.o [1]
PendSV_Handler          0x08017fb3     0x2  Code  Gb  stm32f10x_it.o [1]
Pre_Read_UpdateFlag     0x08016eef    0x30  Code  Gb  main.o [1]
RCC_AHBPeriphClockCmd   0x080157af    0x16  Code  Gb  stm32f10x_rcc.o [1]
RCC_AHBPeriphResetCmd   0x080157f1    0x16  Code  Gb  stm32f10x_rcc.o [1]
RCC_APB1PeriphClockCmd  0x080157db    0x16  Code  Gb  stm32f10x_rcc.o [1]
RCC_APB1PeriphResetCmd  0x08015807    0x16  Code  Gb  stm32f10x_rcc.o [1]
RCC_APB2PeriphClockCmd  0x080157c5    0x16  Code  Gb  stm32f10x_rcc.o [1]
RCC_GetClocksFreq       0x080156e1    0xce  Code  Gb  stm32f10x_rcc.o [1]
RCC_IRQHandler          0x08018261          Code  Wk  startup_stm32f10x_cl.o [1]
RCC_MCOConfig           0x0801581d     0x6  Code  Gb  stm32f10x_rcc.o [1]
RS485_OUT               0x0801705d    0x16  Code  Gb  speedCtrl.o [1]
RTCAlarm_IRQHandler     0x080182f1          Code  Wk  startup_stm32f10x_cl.o [1]
RTC_IRQHandler          0x08018259          Code  Wk  startup_stm32f10x_cl.o [1]
ReadHz_flag             0x2000010a     0x2  Data  Gb  main.o [1]
Region$$Table$$Base     0x080181ac           --   Gb  - Linker created -
Region$$Table$$Limit    0x080181d8           --   Gb  - Linker created -
Rx_Buff                 0x2000986c  0x17c0  Data  Gb  ethernetif.o [1]
SPI1_IRQHandler         0x080182d9          Code  Wk  startup_stm32f10x_cl.o [1]
SPI2_IRQHandler         0x080182dd          Code  Wk  startup_stm32f10x_cl.o [1]
SPI3_IRQHandler         0x080182fd          Code  Wk  startup_stm32f10x_cl.o [1]
SVC_Handler             0x08017faf     0x2  Code  Gb  stm32f10x_it.o [1]
SetSysClockTo72         0x080161d9    0xc4  Code  Lc  system_stm32f10x.o [1]
Set_MAC_Address         0x08017d59    0x22  Code  Gb  ethernetif.o [1]
SysTick_Config          0x0801586f    0x2e  Code  Lc  stm32f107.o [1]
SysTick_Handler         0x08017fb5     0x4  Code  Gb  stm32f10x_it.o [1]
SystemInit              0x0801619d    0x3c  Code  Gb  system_stm32f10x.o [1]
System_Setup            0x080159df    0x62  Code  Gb  stm32f107.o [1]
TAMPER_IRQHandler       0x08018255          Code  Wk  startup_stm32f10x_cl.o [1]
TCPTimer                0x2000dccc     0x4  Data  Gb  netconf.o [1]
TI1_Config              0x080160d1    0x30  Code  Lc  stm32f10x_tim.o [1]
TI2_Config              0x08016101    0x34  Code  Lc  stm32f10x_tim.o [1]
TI3_Config              0x08016135    0x34  Code  Lc  stm32f10x_tim.o [1]
TI4_Config              0x08016169    0x34  Code  Lc  stm32f10x_tim.o [1]
TIM1_BRK_IRQHandler     0x080182ad          Code  Wk  startup_stm32f10x_cl.o [1]
TIM1_CC_IRQHandler      0x080182b9          Code  Wk  startup_stm32f10x_cl.o [1]
TIM1_TRG_COM_IRQHandler
                        0x080182b5          Code  Wk  startup_stm32f10x_cl.o [1]
TIM1_UP_IRQHandler      0x080182b1          Code  Wk  startup_stm32f10x_cl.o [1]
TIM2_IRQHandler         0x080182bd          Code  Wk  startup_stm32f10x_cl.o [1]
TIM3_IRQHandler         0x080182c1          Code  Wk  startup_stm32f10x_cl.o [1]
TIM4_IRQHandler         0x080182c5          Code  Wk  startup_stm32f10x_cl.o [1]
TIM5_IRQHandler         0x080182f9          Code  Wk  startup_stm32f10x_cl.o [1]
TIM6_IRQHandler         0x08018309          Code  Wk  startup_stm32f10x_cl.o [1]
TIM7_IRQHandler         0x0801830d          Code  Wk  startup_stm32f10x_cl.o [1]
TIM_Cmd                 0x08016033    0x18  Code  Gb  stm32f10x_tim.o [1]
TIM_EncoderInterfaceConfig
                        0x0801604b    0x32  Code  Gb  stm32f10x_tim.o [1]
TIM_GetCounter          0x080160cd     0x4  Code  Gb  stm32f10x_tim.o [1]
TIM_ICInit              0x08015fbd    0x64  Code  Gb  stm32f10x_tim.o [1]
TIM_ICStructInit        0x08016021    0x12  Code  Gb  stm32f10x_tim.o [1]
TIM_SetCounter          0x0801607d     0x4  Code  Gb  stm32f10x_tim.o [1]
TIM_SetIC1Prescaler     0x08016081    0x12  Code  Gb  stm32f10x_tim.o [1]
TIM_SetIC2Prescaler     0x08016093    0x14  Code  Gb  stm32f10x_tim.o [1]
TIM_SetIC3Prescaler     0x080160a7    0x12  Code  Gb  stm32f10x_tim.o [1]
TIM_SetIC4Prescaler     0x080160b9    0x14  Code  Gb  stm32f10x_tim.o [1]
TIM_TimeBaseInit        0x08015f7d    0x38  Code  Gb  stm32f10x_tim.o [1]
Time_Update             0x08016f43    0x86  Code  Gb  main.o [1]
Tx_Buff                 0x2000b02c   0xbe0  Data  Gb  ethernetif.o [1]
UART4_IRQHandler        0x08018301          Code  Wk  startup_stm32f10x_cl.o [1]
UART5_IRQHandler        0x08018305          Code  Wk  startup_stm32f10x_cl.o [1]
USART1_IRQHandler       0x08017fb9    0x7c  Code  Gb  stm32f10x_it.o [1]
USART2_IRQHandler       0x080182e5          Code  Wk  startup_stm32f10x_cl.o [1]
USART3_IRQHandler       0x080182e9          Code  Wk  startup_stm32f10x_cl.o [1]
USART_ClearFlag         0x08015f2f     0x6  Code  Gb  stm32f10x_usart.o [1]
USART_Cmd               0x08015ebd    0x18  Code  Gb  stm32f10x_usart.o [1]
USART_Configuration     0x0801589d    0x3c  Code  Gb  stm32f107.o [1]
USART_GetFlagStatus     0x08015f1f    0x10  Code  Gb  stm32f10x_usart.o [1]
USART_GetITStatus       0x08015f35    0x48  Code  Gb  stm32f10x_usart.o [1]
USART_ITConfig          0x08015ed5    0x3a  Code  Gb  stm32f10x_usart.o [1]
USART_Init              0x08015e3d    0x7a  Code  Gb  stm32f10x_usart.o [1]
USART_ReceiveData       0x08015f17     0x8  Code  Gb  stm32f10x_usart.o [1]
USART_SendData          0x08015f0f     0x8  Code  Gb  stm32f10x_usart.o [1]
UsageFault_Handler      0x08017fad     0x2  Code  Gb  stm32f10x_it.o [1]
WWDG_IRQHandler         0x0801824d          Code  Wk  startup_stm32f10x_cl.o [1]
__aeabi_cdcmple         0x08017b01          Code  Gb  DblCmpLe.o [4]
__aeabi_cdrcmple        0x08017b31          Code  Gb  DblCmpGe.o [4]
__aeabi_cfcmple         0x08017c09          Code  Gb  FltCmpLe.o [4]
__aeabi_cfrcmple        0x08017b61          Code  Gb  FltCmpGe.o [4]
__aeabi_d2f             0x0801793d          Code  Gb  DblToFlt.o [4]
__aeabi_ddiv            0x080176f5          Code  Gb  DblDiv.o [4]
__aeabi_dmul            0x08017551          Code  Gb  DblMul.o [4]
__aeabi_f2d             0x08017ab1          Code  Gb  FltToDbl.o [4]
__aeabi_f2iz            0x0801569d          Code  Gb  FltToS32.o [4]
__aeabi_fadd            0x08017b85          Code  Gb  FltAdd.o [4]
__aeabi_fdiv            0x08017c5d          Code  Gb  FltDiv.o [4]
__aeabi_fmul            0x080155c5          Code  Gb  FltMul.o [4]
__aeabi_fsub            0x080179cd          Code  Gb  FltSub.o [4]
__aeabi_i2d             0x08017521          Code  Gb  I32ToDbl.o [4]
__aeabi_i2f             0x08017c2d          Code  Gb  I32ToFlt.o [4]
__aeabi_memcpy          0x08012911          Code  Gb  ABImemcpy.o [5]
__aeabi_memcpy4         0x0801292b          Code  Gb  ABImemcpy.o [5]
__aeabi_memcpy8         0x0801292b          Code  Gb  ABImemcpy.o [5]
__aeabi_memset          0x08012981          Code  Gb  ABImemset.o [5]
__aeabi_ui2d            0x08017535          Code  Gb  I32ToDbl.o [4]
__aeabi_ui2f            0x08017c41          Code  Gb  I32ToFlt.o [4]
__cmain                 0x080181d9          Code  Gb  cmain.o [5]
__exit                  0x08018209    0x14  Code  Gb  exit.o [6]
__iar_Memset            0x08012981          Code  Gb  ABImemset.o [5]
__iar_Memset_word       0x08012989          Code  Gb  ABImemset.o [5]
__iar_close_ttio        0x08018149    0x2e  Code  Gb  iarttio.o [6]
__iar_data_init3        0x08018181    0x2c  Code  Gb  data_init3.o [5]
__iar_fadd              0x08017b93          Code  Gb  FltAdd.o [4]
__iar_fsub              0x080179db          Code  Gb  FltSub.o [4]
__iar_fsubStart         0x080179e9          Code  Gb  FltSub.o [4]
__iar_lookup_ttioh      0x08018179     0x8  Code  Gb  XShttio.o [3]
__iar_packbits_init3    0x080180a1    0xa8  Code  Gb  packbits_init3.o [5]
__iar_program_start     0x0801821d          Code  Gb  cstartup_M.o [5]
__iar_ttio_handles      0x20000128     0x8  Data  Lc  XShttio.o [3]
__iar_ui2d              0x08017537          Code  Gb  I32ToDbl.o [4]
__iar_ui2f              0x08017c43          Code  Gb  I32ToFlt.o [4]
__iar_zero_init3        0x080123d7    0x22  Code  Gb  zero_init3.o [5]
__low_level_init        0x080181ef     0x4  Code  Gb  low_level_init.o [3]
__vector_table          0x08010000          Data  Gb  startup_stm32f10x_cl.o [1]
_call_main              0x080181e5          Code  Gb  cmain.o [5]
_exit                   0x080181fd          Code  Gb  cexit.o [5]
_main                   0x080181eb          Code  Gb  cmain.o [5]
abs                     0x08017519     0x8  Code  Gb  abs.o [3]
ackno                   0x2000dba8     0x4  Data  Lc  tcp_in.o [1]
arp_table               0x2000d954    0xc8  Data  Lc  etharp.o [1]
bHSpeedInfo             0x2000dc80     0x8  Data  Gb  logic_ctrl.o [1]
bLSpeedInfo             0x2000dbf4     0x8  Data  Gb  logic_ctrl.o [1]
bModeInfo               0x2000dbe4     0x8  Data  Gb  logic_ctrl.o [1]
bPauseInfo              0x2000dc88     0x8  Data  Gb  logic_ctrl.o [1]
bStartInfo              0x2000dbec     0x8  Data  Gb  logic_ctrl.o [1]
block_check_time_cnt    0x2000dc98     0x2  Data  Gb  logic_ctrl.o [1]
bremoteInfo             0x2000dc78     0x8  Data  Gb  logic_ctrl.o [1]
buf                     0x2000cbf4   0x5e0  Data  Lc  ip_frag.o [1]
calculate_rt_speed      0x08017011    0x4c  Code  Gb  speedCtrl.o [1]
canSendQueue            0x2000d1d4     0xc  Data  Gb  can_bus.o [1]
canSendQueueBuff        0x2000d1e0   0x2bc  Data  Gb  can_bus.o [1]
can_bus_frame_receive   0x08013ee5   0x2a6  Code  Gb  can_bus.o [1]
can_bus_reply_read_user_paras
                        0x08014263    0x30  Code  Gb  can_bus.o [1]
can_bus_reply_write_user_paras
                        0x080142c3    0x30  Code  Gb  can_bus.o [1]
can_bus_send_module_status
                        0x0801430f    0x82  Code  Gb  can_bus.o [1]
can_bus_send_msg        0x0801418b    0xbe  Code  Gb  can_bus.o [1]
can_bus_send_one_frame  0x08013e17    0x60  Code  Gb  can_bus.o [1]
can_bus_send_read_user_paras
                        0x08014249    0x1a  Code  Gb  can_bus.o [1]
can_bus_send_start_cmd  0x080142f3    0x1c  Code  Gb  can_bus.o [1]
can_bus_send_write_user_paras
                        0x08014293    0x30  Code  Gb  can_bus.o [1]
can_recv_buff           0x2000d7c4    0xc8  Data  Gb  can_bus.o [1]
can_recv_len            0x2000d6f6     0x2  Data  Gb  can_bus.o [1]
can_send_buff           0x2000d88c    0xc8  Data  Gb  can_bus.o [1]
can_send_frame_process  0x08014391    0x40  Code  Gb  can_bus.o [1]
can_send_len            0x2000dce4     0x2  Data  Gb  can_bus.o [1]
can_upload_slave_can_err_process
                        0x080143d1    0x4e  Code  Gb  can_bus.o [1]
creat_udp_connect_process
                        0x0801735d    0x30  Code  Gb  udpclient.o [1]
cur_slave_count         0x2000d760    0x64  Data  Gb  can_bus.o [1]
current_header          0x2000dcb8     0x4  Data  Lc  ip.o [1]
current_netif           0x2000dcb4     0x4  Data  Lc  ip.o [1]
debug_send_buff         0x20000038    0x64  Data  Gb  speedCtrl.o [1]
delay                   0x0801546d    0x1c  Code  Lc  stm32f10x_flash.o [1]
enQueue                 0x080148c1    0x32  Code  Gb  fun.o [1]
encodeIncValue          0x20000000     0x2  Data  Gb  speedCtrl.o [1]
encodeValuePre          0x20000002     0x2  Data  Gb  speedCtrl.o [1]
etharp_arp_input        0x080138bf   0x114  Code  Gb  etharp.o [1]
etharp_cached_entry     0x2000dcf4     0x1  Data  Lc  etharp.o [1]
etharp_ip_input         0x08013897    0x28  Code  Gb  etharp.o [1]
etharp_output           0x080139d3    0xbc  Code  Gb  etharp.o [1]
etharp_query            0x08013a8f   0x12a  Code  Gb  etharp.o [1]
etharp_raw              0x08013bc1    0xc6  Code  Lc  etharp.o [1]
etharp_request          0x08013c87    0x28  Code  Gb  etharp.o [1]
etharp_send_ip          0x080137bd    0x34  Code  Lc  etharp.o [1]
etharp_tmr              0x08013613    0x48  Code  Gb  etharp.o [1]
ethbroadcast            0x08013d0c     0x8  Data  Gb  etharp.o [1]
ethernet_input          0x08013caf    0x5e  Code  Gb  etharp.o [1]
ethernetif_init         0x08017ea1    0x3a  Code  Gb  ethernetif.o [1]
ethernetif_input        0x08017e7b    0x26  Code  Gb  ethernetif.o [1]
ethzero                 0x08013d14     0x8  Data  Gb  etharp.o [1]
exit                    0x080181f3     0x8  Code  Gb  exit.o [3]
find_entry              0x0801365b   0x162  Code  Lc  etharp.o [1]
flags                   0x2000db80     0x1  Data  Lc  tcp_in.o [1]
free_etharp_q           0x080135f5    0x1e  Code  Lc  etharp.o [1]
fun_send_can_err_cmd    0x08014b87    0x68  Code  Gb  fun.o [1]
fwErr                   0x20000008     0x8  Data  Gb  speedCtrl.o [1]
fwErrCalculate          0x08017073    0x9e  Code  Gb  speedCtrl.o [1]
fwErrD                  0x20000024     0x4  Data  Gb  speedCtrl.o [1]
fwErrI                  0x20000028     0x4  Data  Gb  speedCtrl.o [1]
fwHz                    0x20000034     0x4  Data  Gb  speedCtrl.o [1]
fwKd                    0x20000020     0x4  Data  Gb  speedCtrl.o [1]
fwKi                    0x2000001c     0x4  Data  Gb  speedCtrl.o [1]
fwKp                    0x20000018     0x4  Data  Gb  speedCtrl.o [1]
fwPIDctrl               0x08017111    0x9a  Code  Gb  speedCtrl.o [1]
fwbV                    0x2000002c     0x4  Data  Gb  speedCtrl.o [1]
g_SegBytes              0x2000d6f8     0x2  Data  Gb  can_bus.o [1]
g_SegNum                0x2000d6f5     0x1  Data  Gb  can_bus.o [1]
g_SegPolo               0x2000d6f4     0x1  Data  Gb  can_bus.o [1]
g_alarm_type            0x2000dbff     0x1  Data  Gb  logic_ctrl.o [1]
g_link_down_stream_status
                        0x2000dbfe     0x1  Data  Gb  logic_ctrl.o [1]
g_link_up_stream_status
                        0x2000dcf5     0x1  Data  Gb  logic_ctrl.o [1]
g_read_start_status     0x2000dc97     0x1  Data  Gb  logic_ctrl.o [1]
g_remote_speed_status   0x2000dc94     0x1  Data  Gb  logic_ctrl.o [1]
g_remote_start_flag     0x2000dbfc     0x1  Data  Gb  logic_ctrl.o [1]
g_remote_start_status   0x2000dbfd     0x1  Data  Gb  logic_ctrl.o [1]
g_set_speed_status      0x2000dc96     0x1  Data  Gb  logic_ctrl.o [1]
g_set_start_status      0x2000dc95     0x1  Data  Gb  logic_ctrl.o [1]
get_CRC                 0x08016939     0xa  Code  Gb  modbus_rtu.o [1]
get_ip_para_process     0x080174e7    0x24  Code  Gb  udpclient.o [1]
heart_dely              0x200000f8     0x1  Data  Gb  main.o [1]
htonl                   0x08010eb5    0x18  Code  Gb  inet.o [1]
htons                   0x08010ea9     0xa  Code  Gb  inet.o [1]
icmp_dest_unreach       0x08013585     0x6  Code  Gb  icmp.o [1]
icmp_input              0x0801344d   0x138  Code  Gb  icmp.o [1]
icmp_send_response      0x0801358f    0x66  Code  Lc  icmp.o [1]
icmp_time_exceeded      0x0801358b     0x4  Code  Gb  icmp.o [1]
inet_chksum             0x08013d63     0xc  Code  Gb  inet_chksum.o [1]
inet_chksum_pbuf        0x08013d6f    0x4a  Code  Gb  inet_chksum.o [1]
initQueue               0x080148b1    0x10  Code  Gb  fun.o [1]
inseg                   0x2000db84    0x14  Data  Lc  tcp_in.o [1]
ip_addr_any             0x0801131c     0x4  Data  Gb  ip_addr.o [1]
ip_addr_isbroadcast     0x080112d9    0x44  Code  Gb  ip_addr.o [1]
ip_frag                 0x08012efd   0x146  Code  Gb  ip_frag.o [1]
ip_input                0x08012673   0x160  Code  Gb  ip.o [1]
ip_output               0x080128d9    0x36  Code  Gb  ip.o [1]
ip_output_if            0x080127d3    0xf6  Code  Gb  ip.o [1]
ip_reass                0x08012d5b   0x1a2  Code  Gb  ip_frag.o [1]
ip_reass_chain_frag_into_datagram_and_validate
                        0x08012c61    0xfa  Code  Lc  ip_frag.o [1]
ip_reass_dequeue_datagram
                        0x08012c45    0x1c  Code  Lc  ip_frag.o [1]
ip_reass_enqueue_new_datagram
                        0x08012bf1    0x54  Code  Lc  ip_frag.o [1]
ip_reass_free_complete_datagram
                        0x08012b09    0x70  Code  Lc  ip_frag.o [1]
ip_reass_pbufcount      0x2000dcbc     0x2  Data  Lc  ip_frag.o [1]
ip_reass_remove_oldest_datagram
                        0x08012b79    0x78  Code  Lc  ip_frag.o [1]
ip_route                0x0801262d    0x46  Code  Gb  ip.o [1]
iphdr                   0x2000dba0     0x4  Data  Lc  tcp_in.o [1]
isHost                  0x200000fa     0x1  Data  Gb  main.o [1]
lfree                   0x2000013c     0x4  Data  Lc  mem.o [1]
local_station           0x200000f9     0x1  Data  Gb  main.o [1]
logit_start_flash       0x0801530f    0x44  Code  Gb  logic_ctrl.o [1]
low_level_init          0x08017d7b    0x82  Code  Lc  ethernetif.o [1]
low_level_input         0x08017e2b    0x50  Code  Lc  ethernetif.o [1]
low_level_output        0x08017dfd    0x2e  Code  Lc  ethernetif.o [1]
lwip_standard_chksum    0x08013d1d    0x46  Code  Lc  inet_chksum.o [1]
mac_addr                0x2000dcc4     0x8  Data  Gb  main.o [1]
main                    0x08016e79    0x5a  Code  Gb  main.o [1]
mem_free                0x08012481    0x2c  Code  Gb  mem.o [1]
mem_init                0x0801244d    0x34  Code  Gb  mem.o [1]
mem_malloc              0x08012565    0xa2  Code  Gb  mem.o [1]
mem_realloc             0x080124ad    0xb8  Code  Gb  mem.o [1]
mem_sem                 0x20000130     0x1  Data  Lc  mem.o [1]
memcpy                  0x0801260d     0xc  Code  Gb  tcp_out.o [1]
memp_free               0x08011a6f    0x12  Code  Gb  memp.o [1]
memp_init               0x08011a01    0x52  Code  Gb  memp.o [1]
memp_malloc             0x08011a53    0x1c  Code  Gb  memp.o [1]
memp_memory             0x20005178  0x468c  Data  Lc  memp.o [1]
memp_num                0x08011a98    0x14  Data  Lc  memp.o [1]
memp_sizes              0x08011a84    0x14  Data  Lc  memp.o [1]
memp_tab                0x20005154    0x24  Data  Lc  memp.o [1]
memset                  0x08012619    0x14  Code  Gb  udp.o [1]
modbus_rtu_recv_check   0x080169b1    0x26  Code  Gb  modbus_rtu.o [1]
module_status_buffer    0x2000bc0c   0x800  Data  Gb  logic_ctrl.o [1]
msgQueueBuff            0x2000da1c    0xc8  Data  Gb  fun.o [1]
msgSendQueue            0x2000dc9c     0xc  Data  Gb  fun.o [1]
netif                   0x2000dbb4    0x30  Data  Gb  netconf.o [1]
netif_add               0x080129e9    0x42  Code  Gb  netif.o [1]
netif_default           0x2000dcb0     0x4  Data  Gb  netif.o [1]
netif_is_up             0x08012afd     0xa  Code  Gb  netif.o [1]
netif_list              0x2000dcac     0x4  Data  Gb  netif.o [1]
netif_set_addr          0x08012a2b    0x1e  Code  Gb  netif.o [1]
netif_set_default       0x08012ac7     0x6  Code  Gb  netif.o [1]
netif_set_gw            0x08012aab     0xe  Code  Gb  netif.o [1]
netif_set_ipaddr        0x08012a49    0x62  Code  Gb  netif.o [1]
netif_set_netmask       0x08012ab9     0xe  Code  Gb  netif.o [1]
netif_set_up            0x08012ad9    0x24  Code  Gb  netif.o [1]
ntohl                   0x08010ecd     0x2  Code  Gb  inet.o [1]
ntohs                   0x08010eb3     0x2  Code  Gb  inet.o [1]
outQueue                0x080148f3    0x24  Code  Gb  fun.o [1]
para_data_recv_process  0x08013e77    0x6e  Code  Gb  can_bus.o [1]
pbuf_alloc              0x08010ecf   0x126  Code  Gb  pbuf.o [1]
pbuf_cat                0x0801112f    0x22  Code  Gb  pbuf.o [1]
pbuf_chain              0x08011151    0x10  Code  Gb  pbuf.o [1]
pbuf_clen               0x08011111    0x12  Code  Gb  pbuf.o [1]
pbuf_copy               0x08011161    0xa2  Code  Gb  pbuf.o [1]
pbuf_copy_partial       0x08011203    0x80  Code  Gb  pbuf.o [1]
pbuf_free               0x080110bd    0x54  Code  Gb  pbuf.o [1]
pbuf_header             0x0801104b    0x72  Code  Gb  pbuf.o [1]
pbuf_realloc            0x08010ff5    0x56  Code  Gb  pbuf.o [1]
pbuf_ref                0x08011123     0xc  Code  Gb  pbuf.o [1]
pbuf_take               0x08011283    0x56  Code  Gb  pbuf.o [1]
pid_inteval_flag        0x20000106     0x2  Data  Gb  main.o [1]
pid_inteval_reg         0x20000104     0x2  Data  Gb  main.o [1]
plug_holes              0x080123f9    0x54  Code  Lc  mem.o [1]
pre_slave_count         0x2000d6fc    0x64  Data  Gb  can_bus.o [1]
ram                     0x20000134     0x4  Data  Lc  mem.o [1]
ram_end                 0x20000138     0x4  Data  Lc  mem.o [1]
ram_heap                0x20000140  0x5014  Data  Lc  mem.o [1]
raw_input               0x0801304d    0x78  Code  Gb  raw.o [1]
raw_pcbs                0x2000dce8     0x4  Data  Lc  raw.o [1]
readFlash_uint          0x08016ed3    0x1c  Code  Gb  main.o [1]
read_mac_addrs          0x08016cad    0x3a  Code  Gb  main.o [1]
read_user_paras         0x08015209    0x2c  Code  Gb  logic_ctrl.o [1]
reassdatagrams          0x2000dcc0     0x4  Data  Lc  ip_frag.o [1]
recv_data               0x2000dbac     0x4  Data  Lc  tcp_in.o [1]
recv_flags              0x2000db81     0x1  Data  Lc  tcp_in.o [1]
recv_message_from_server
                        0x08014ac5    0x22  Code  Gb  fun.o [1]
recv_msg_check          0x0801492d    0x4e  Code  Gb  fun.o [1]
recv_msg_process        0x0801497b   0x14a  Code  Gb  fun.o [1]
rt_speed                0x20000014     0x4  Data  Gb  speedCtrl.o [1]
runctrl                 0x2000dc00     0x4  Data  Gb  logic_ctrl.o [1]
runstate                0x2000dc90     0x4  Data  Gb  logic_ctrl.o [1]
scan_local_station      0x08016ce7    0xde  Code  Gb  main.o [1]
sec_flag                0x200000fe     0x2  Data  Gb  main.o [1]
sec_process             0x08016dc5    0xb4  Code  Gb  main.o [1]
sec_reg                 0x200000fc     0x2  Data  Gb  main.o [1]
send_message_to_server  0x08014cab    0x94  Code  Gb  fun.o [1]
send_msg_module_status_cmd
                        0x08014bef    0xbc  Code  Gb  fun.o [1]
send_reply_read_para_cmd
                        0x08014ae7    0x50  Code  Gb  fun.o [1]
send_reply_write_para_cmd
                        0x08014b37    0x50  Code  Gb  fun.o [1]
seqno                   0x2000dba4     0x4  Data  Lc  tcp_in.o [1]
slave_cnt               0x2000dce6     0x2  Data  Gb  can_bus.o [1]
slave_err_cnt           0x2000dae4    0x64  Data  Gb  can_bus.o [1]
speed_ctrl_process      0x080171ab    0xa6  Code  Gb  speedCtrl.o [1]
speed_encode_cnt        0x20000010     0x4  Data  Gb  speedCtrl.o [1]
speed_target            0x20000030     0x4  Data  Gb  speedCtrl.o [1]
speed_time_cnt          0x20000004     0x2  Data  Gb  speedCtrl.o [1]
start_delay_time_cnt    0x2000dc08     0x2  Data  Gb  logic_ctrl.o [1]
startflash              0x2000dc04     0x4  Data  Gb  logic_ctrl.o [1]
stop_delay_time_cnt     0x2000dc0a     0x2  Data  Gb  logic_ctrl.o [1]
tcp_abandon             0x0801140d    0xa6  Code  Gb  tcp.o [1]
tcp_active_pcbs         0x200000e8     0x4  Data  Gb  tcp.o [1]
tcp_alloc               0x08011859    0xa4  Code  Gb  tcp.o [1]
tcp_backoff             0x080119e8    0x10  Data  Gb  tcp.o [1]
tcp_bound_pcbs          0x200000e0     0x4  Data  Gb  tcp.o [1]
tcp_client_list         0x2000c40c   0x7e8  Data  Gb  udpclient.o [1]
tcp_close               0x0801133d    0xd0  Code  Gb  tcp.o [1]
tcp_eff_send_mss        0x080119c5    0x24  Code  Gb  tcp.o [1]
tcp_enqueue             0x08011b3b   0x37e  Code  Gb  tcp_out.o [1]
tcp_fasttmr             0x08011735    0x60  Code  Gb  tcp.o [1]
tcp_input               0x08010151   0x336  Code  Gb  tcp_in.o [1]
tcp_input_pcb           0x2000dbb0     0x4  Data  Gb  tcp_in.o [1]
tcp_keepalive           0x08012343    0x44  Code  Gb  tcp_out.o [1]
tcp_kill_prio           0x080117ed    0x3e  Code  Lc  tcp.o [1]
tcp_kill_timewait       0x0801182b    0x2e  Code  Lc  tcp.o [1]
tcp_listen_input        0x08010487    0xe4  Code  Lc  tcp_in.o [1]
tcp_listen_pcbs         0x200000e4     0x4  Data  Gb  tcp.o [1]
tcp_next_iss            0x08011993     0xc  Code  Gb  tcp.o [1]
tcp_output              0x08011eb9   0x27c  Code  Gb  tcp_out.o [1]
tcp_output_segment      0x08012135    0xbc  Code  Lc  tcp_out.o [1]
tcp_output_set_header   0x08011aad    0x76  Code  Lc  tcp_out.o [1]
tcp_parseopt            0x08010e0f    0x82  Code  Lc  tcp_in.o [1]
tcp_pcb_purge           0x080118fd    0x34  Code  Gb  tcp.o [1]
tcp_pcb_remove          0x08011931    0x62  Code  Gb  tcp.o [1]
tcp_persist_backoff     0x080119f8     0x8  Data  Gb  tcp.o [1]
tcp_process             0x080105a5   0x380  Code  Lc  tcp_in.o [1]
tcp_receive             0x08010925   0x4ea  Code  Lc  tcp_in.o [1]
tcp_recv_null           0x080117d1    0x1c  Code  Lc  tcp.o [1]
tcp_rexmit              0x080122ed    0x56  Code  Gb  tcp_out.o [1]
tcp_rexmit_rto          0x080122b9    0x34  Code  Gb  tcp_out.o [1]
tcp_rst                 0x080121fd    0xbc  Code  Gb  tcp_out.o [1]
tcp_seg_free            0x080117af    0x22  Code  Gb  tcp.o [1]
tcp_segs_free           0x08011795    0x1a  Code  Gb  tcp.o [1]
tcp_send_ctrl           0x08011b23    0x18  Code  Gb  tcp_out.o [1]
tcp_slowtmr             0x080114e9   0x24c  Code  Gb  tcp.o [1]
tcp_ticks               0x200000dc     0x4  Data  Gb  tcp.o [1]
tcp_timer               0x2000dcf6     0x1  Data  Lc  tcp.o [1]
tcp_timewait_input      0x0801056b    0x38  Code  Lc  tcp_in.o [1]
tcp_tmp_pcb             0x200000f0     0x4  Data  Gb  tcp.o [1]
tcp_tmr                 0x08011321    0x1a  Code  Gb  tcp.o [1]
tcp_tw_pcbs             0x200000ec     0x4  Data  Gb  tcp.o [1]
tcp_update_rcv_ann_wnd  0x080114b3    0x36  Code  Gb  tcp.o [1]
tcp_zero_window_probe   0x08012387    0x50  Code  Gb  tcp_out.o [1]
tcphdr                  0x2000db9c     0x4  Data  Lc  tcp_in.o [1]
tcplen                  0x2000db98     0x2  Data  Lc  tcp_in.o [1]
timingdelay             0x20000110     0x4  Data  Gb  main.o [1]
uart1_commu_state       0x2000009c     0x1  Data  Gb  modbus_rtu.o [1]
uart1_recv_buff         0x200000a4    0x34  Data  Gb  modbus_rtu.o [1]
uart1_recv_count        0x2000009e     0x2  Data  Gb  modbus_rtu.o [1]
uart1_recv_retry        0x2000009d     0x1  Data  Gb  modbus_rtu.o [1]
uart1_send              0x0801695b    0x56  Code  Gb  modbus_rtu.o [1]
uart1_send_buff         0x2000db48    0x34  Data  Gb  modbus_rtu.o [1]
uart1_send_count        0x2000db7c     0x2  Data  Gb  modbus_rtu.o [1]
uart1_tmr               0x200000a0     0x2  Data  Gb  modbus_rtu.o [1]
uart_recv_timeout       0x08016943    0x18  Code  Gb  modbus_rtu.o [1]
udp_bind                0x0801336f    0x68  Code  Gb  udp.o [1]
udp_client_process      0x08017495    0x52  Code  Gb  udpclient.o [1]
udp_connect             0x080133d7    0x50  Code  Gb  udp.o [1]
udp_echoclient_connect  0x0801738d    0x66  Code  Gb  udpclient.o [1]
udp_input               0x080130c9   0x1a4  Code  Gb  udp.o [1]
udp_new                 0x08013431    0x1c  Code  Gb  udp.o [1]
udp_pcbs                0x2000dcf0     0x4  Data  Gb  udp.o [1]
udp_receive_callback    0x080173f3    0x68  Code  Gb  udpclient.o [1]
udp_recv                0x08013427     0x6  Code  Gb  udp.o [1]
udp_send                0x0801326d     0x4  Code  Gb  udp.o [1]
udp_send_process        0x0801745b    0x3a  Code  Gb  udpclient.o [1]
udp_sendto              0x08013271    0x2a  Code  Gb  udp.o [1]
udp_sendto_if           0x0801329b    0xd4  Code  Gb  udp.o [1]
update_arp_entry        0x080137f1    0xa6  Code  Lc  etharp.o [1]
upload_can_err_buff     0x2000d49c   0x258  Data  Gb  can_bus.o [1]
user_paras_local        0x2000dc0c    0x24  Data  Gb  logic_ctrl.o [1]
user_paras_slave        0x2000dc30    0x24  Data  Gb  logic_ctrl.o [1]
user_paras_temp         0x2000dc54    0x24  Data  Gb  logic_ctrl.o [1]
write_user_paras        0x08015235    0x2e  Code  Gb  logic_ctrl.o [1]


[1] = C:\Users\WayZim_Dong\Desktop\IOT\资料\资料\IAP\EXP_IOT_CTRL_PROJECT_V1_9\EXP_IOT_CTRL_PROJECT_V1_9\Project\EWARMv5_IAP\STM3210C-EVAL\Obj
[2] = command line
[3] = dl7M_tlf.a
[4] = m7M_tl.a
[5] = rt7M_tl.a
[6] = shb_l.a

  33 556 bytes of readonly  code memory
      99 bytes of readonly  data memory
  60 663 bytes of readwrite data memory

Errors: none
Warnings: none
