###############################################################################
#                                                                             #
# IAR ELF Linker V6.10.1.52143/W32 for ARM              15/Nov/2023  19:11:53 #
# Copyright 2007-2010 IAR Systems AB.                                         #
#                                                                             #
#    Output file  =  G:\iot\iotitem_v1\EXP_IOT_CTRL_PROJECT\Project\EWARMv5_I #
#                    AP\STM3210C-EVAL\Exe\STM3210C-EVAL.out                   #
#    Map file     =  G:\iot\iotitem_v1\EXP_IOT_CTRL_PROJECT\Project\EWARMv5_I #
#                    AP\STM3210C-EVAL\List\STM3210C-EVAL.map                  #
#    Command line =  G:\iot\iotitem_v1\EXP_IOT_CTRL_PROJECT\Project\EWARMv5_I #
#                    AP\STM3210C-EVAL\Obj\api_lib.o                           #
#                    G:\iot\iotitem_v1\EXP_IOT_CTRL_PROJECT\Project\EWARMv5_I #
#                    AP\STM3210C-EVAL\Obj\api_msg.o                           #
#                    G:\iot\iotitem_v1\EXP_IOT_CTRL_PROJECT\Project\EWARMv5_I #
#                    AP\STM3210C-EVAL\Obj\autoip.o                            #
#                    G:\iot\iotitem_v1\EXP_IOT_CTRL_PROJECT\Project\EWARMv5_I #
#                    AP\STM3210C-EVAL\Obj\can_bus.o                           #
#                    G:\iot\iotitem_v1\EXP_IOT_CTRL_PROJECT\Project\EWARMv5_I #
#                    AP\STM3210C-EVAL\Obj\core_cm3.o                          #
#                    G:\iot\iotitem_v1\EXP_IOT_CTRL_PROJECT\Project\EWARMv5_I #
#                    AP\STM3210C-EVAL\Obj\dhcp.o                              #
#                    G:\iot\iotitem_v1\EXP_IOT_CTRL_PROJECT\Project\EWARMv5_I #
#                    AP\STM3210C-EVAL\Obj\err.o G:\iot\iotitem_v1\EXP_IOT_CTR #
#                    L_PROJECT\Project\EWARMv5_IAP\STM3210C-EVAL\Obj\etharp.o #
#                     G:\iot\iotitem_v1\EXP_IOT_CTRL_PROJECT\Project\EWARMv5_ #
#                    IAP\STM3210C-EVAL\Obj\ethernetif.o                       #
#                    G:\iot\iotitem_v1\EXP_IOT_CTRL_PROJECT\Project\EWARMv5_I #
#                    AP\STM3210C-EVAL\Obj\fun.o G:\iot\iotitem_v1\EXP_IOT_CTR #
#                    L_PROJECT\Project\EWARMv5_IAP\STM3210C-EVAL\Obj\icmp.o   #
#                    G:\iot\iotitem_v1\EXP_IOT_CTRL_PROJECT\Project\EWARMv5_I #
#                    AP\STM3210C-EVAL\Obj\igmp.o                              #
#                    G:\iot\iotitem_v1\EXP_IOT_CTRL_PROJECT\Project\EWARMv5_I #
#                    AP\STM3210C-EVAL\Obj\inet.o                              #
#                    G:\iot\iotitem_v1\EXP_IOT_CTRL_PROJECT\Project\EWARMv5_I #
#                    AP\STM3210C-EVAL\Obj\inet_chksum.o                       #
#                    G:\iot\iotitem_v1\EXP_IOT_CTRL_PROJECT\Project\EWARMv5_I #
#                    AP\STM3210C-EVAL\Obj\init.o                              #
#                    G:\iot\iotitem_v1\EXP_IOT_CTRL_PROJECT\Project\EWARMv5_I #
#                    AP\STM3210C-EVAL\Obj\ip.o G:\iot\iotitem_v1\EXP_IOT_CTRL #
#                    _PROJECT\Project\EWARMv5_IAP\STM3210C-EVAL\Obj\ip_addr.o #
#                     G:\iot\iotitem_v1\EXP_IOT_CTRL_PROJECT\Project\EWARMv5_ #
#                    IAP\STM3210C-EVAL\Obj\ip_frag.o                          #
#                    G:\iot\iotitem_v1\EXP_IOT_CTRL_PROJECT\Project\EWARMv5_I #
#                    AP\STM3210C-EVAL\Obj\logic_ctrl.o                        #
#                    G:\iot\iotitem_v1\EXP_IOT_CTRL_PROJECT\Project\EWARMv5_I #
#                    AP\STM3210C-EVAL\Obj\main.o                              #
#                    G:\iot\iotitem_v1\EXP_IOT_CTRL_PROJECT\Project\EWARMv5_I #
#                    AP\STM3210C-EVAL\Obj\mem.o G:\iot\iotitem_v1\EXP_IOT_CTR #
#                    L_PROJECT\Project\EWARMv5_IAP\STM3210C-EVAL\Obj\memp.o   #
#                    G:\iot\iotitem_v1\EXP_IOT_CTRL_PROJECT\Project\EWARMv5_I #
#                    AP\STM3210C-EVAL\Obj\misc.o                              #
#                    G:\iot\iotitem_v1\EXP_IOT_CTRL_PROJECT\Project\EWARMv5_I #
#                    AP\STM3210C-EVAL\Obj\modbus_rtu.o                        #
#                    G:\iot\iotitem_v1\EXP_IOT_CTRL_PROJECT\Project\EWARMv5_I #
#                    AP\STM3210C-EVAL\Obj\netbuf.o                            #
#                    G:\iot\iotitem_v1\EXP_IOT_CTRL_PROJECT\Project\EWARMv5_I #
#                    AP\STM3210C-EVAL\Obj\netconf.o                           #
#                    G:\iot\iotitem_v1\EXP_IOT_CTRL_PROJECT\Project\EWARMv5_I #
#                    AP\STM3210C-EVAL\Obj\netdb.o                             #
#                    G:\iot\iotitem_v1\EXP_IOT_CTRL_PROJECT\Project\EWARMv5_I #
#                    AP\STM3210C-EVAL\Obj\netif.o                             #
#                    G:\iot\iotitem_v1\EXP_IOT_CTRL_PROJECT\Project\EWARMv5_I #
#                    AP\STM3210C-EVAL\Obj\netifapi.o                          #
#                    G:\iot\iotitem_v1\EXP_IOT_CTRL_PROJECT\Project\EWARMv5_I #
#                    AP\STM3210C-EVAL\Obj\pbuf.o                              #
#                    G:\iot\iotitem_v1\EXP_IOT_CTRL_PROJECT\Project\EWARMv5_I #
#                    AP\STM3210C-EVAL\Obj\raw.o G:\iot\iotitem_v1\EXP_IOT_CTR #
#                    L_PROJECT\Project\EWARMv5_IAP\STM3210C-EVAL\Obj\startup_ #
#                    stm32f10x_cl.o G:\iot\iotitem_v1\EXP_IOT_CTRL_PROJECT\Pr #
#                    oject\EWARMv5_IAP\STM3210C-EVAL\Obj\stats.o              #
#                    G:\iot\iotitem_v1\EXP_IOT_CTRL_PROJECT\Project\EWARMv5_I #
#                    AP\STM3210C-EVAL\Obj\stm32_eth.o                         #
#                    G:\iot\iotitem_v1\EXP_IOT_CTRL_PROJECT\Project\EWARMv5_I #
#                    AP\STM3210C-EVAL\Obj\stm32f107.o                         #
#                    G:\iot\iotitem_v1\EXP_IOT_CTRL_PROJECT\Project\EWARMv5_I #
#                    AP\STM3210C-EVAL\Obj\stm32f10x_adc.o                     #
#                    G:\iot\iotitem_v1\EXP_IOT_CTRL_PROJECT\Project\EWARMv5_I #
#                    AP\STM3210C-EVAL\Obj\stm32f10x_bkp.o                     #
#                    G:\iot\iotitem_v1\EXP_IOT_CTRL_PROJECT\Project\EWARMv5_I #
#                    AP\STM3210C-EVAL\Obj\stm32f10x_can.o                     #
#                    G:\iot\iotitem_v1\EXP_IOT_CTRL_PROJECT\Project\EWARMv5_I #
#                    AP\STM3210C-EVAL\Obj\stm32f10x_dma.o                     #
#                    G:\iot\iotitem_v1\EXP_IOT_CTRL_PROJECT\Project\EWARMv5_I #
#                    AP\STM3210C-EVAL\Obj\stm32f10x_exti.o                    #
#                    G:\iot\iotitem_v1\EXP_IOT_CTRL_PROJECT\Project\EWARMv5_I #
#                    AP\STM3210C-EVAL\Obj\stm32f10x_flash.o                   #
#                    G:\iot\iotitem_v1\EXP_IOT_CTRL_PROJECT\Project\EWARMv5_I #
#                    AP\STM3210C-EVAL\Obj\stm32f10x_gpio.o                    #
#                    G:\iot\iotitem_v1\EXP_IOT_CTRL_PROJECT\Project\EWARMv5_I #
#                    AP\STM3210C-EVAL\Obj\stm32f10x_i2c.o                     #
#                    G:\iot\iotitem_v1\EXP_IOT_CTRL_PROJECT\Project\EWARMv5_I #
#                    AP\STM3210C-EVAL\Obj\stm32f10x_it.o                      #
#                    G:\iot\iotitem_v1\EXP_IOT_CTRL_PROJECT\Project\EWARMv5_I #
#                    AP\STM3210C-EVAL\Obj\stm32f10x_pwr.o                     #
#                    G:\iot\iotitem_v1\EXP_IOT_CTRL_PROJECT\Project\EWARMv5_I #
#                    AP\STM3210C-EVAL\Obj\stm32f10x_rcc.o                     #
#                    G:\iot\iotitem_v1\EXP_IOT_CTRL_PROJECT\Project\EWARMv5_I #
#                    AP\STM3210C-EVAL\Obj\stm32f10x_rtc.o                     #
#                    G:\iot\iotitem_v1\EXP_IOT_CTRL_PROJECT\Project\EWARMv5_I #
#                    AP\STM3210C-EVAL\Obj\stm32f10x_spi.o                     #
#                    G:\iot\iotitem_v1\EXP_IOT_CTRL_PROJECT\Project\EWARMv5_I #
#                    AP\STM3210C-EVAL\Obj\stm32f10x_tim.o                     #
#                    G:\iot\iotitem_v1\EXP_IOT_CTRL_PROJECT\Project\EWARMv5_I #
#                    AP\STM3210C-EVAL\Obj\stm32f10x_usart.o                   #
#                    G:\iot\iotitem_v1\EXP_IOT_CTRL_PROJECT\Project\EWARMv5_I #
#                    AP\STM3210C-EVAL\Obj\sys.o G:\iot\iotitem_v1\EXP_IOT_CTR #
#                    L_PROJECT\Project\EWARMv5_IAP\STM3210C-EVAL\Obj\system_s #
#                    tm32f10x.o G:\iot\iotitem_v1\EXP_IOT_CTRL_PROJECT\Projec #
#                    t\EWARMv5_IAP\STM3210C-EVAL\Obj\tcp.o                    #
#                    G:\iot\iotitem_v1\EXP_IOT_CTRL_PROJECT\Project\EWARMv5_I #
#                    AP\STM3210C-EVAL\Obj\tcp_in.o                            #
#                    G:\iot\iotitem_v1\EXP_IOT_CTRL_PROJECT\Project\EWARMv5_I #
#                    AP\STM3210C-EVAL\Obj\tcp_out.o                           #
#                    G:\iot\iotitem_v1\EXP_IOT_CTRL_PROJECT\Project\EWARMv5_I #
#                    AP\STM3210C-EVAL\Obj\tcpip.o                             #
#                    G:\iot\iotitem_v1\EXP_IOT_CTRL_PROJECT\Project\EWARMv5_I #
#                    AP\STM3210C-EVAL\Obj\udp.o G:\iot\iotitem_v1\EXP_IOT_CTR #
#                    L_PROJECT\Project\EWARMv5_IAP\STM3210C-EVAL\Obj\udpclien #
#                    t.o -o G:\iot\iotitem_v1\EXP_IOT_CTRL_PROJECT\Project\EW #
#                    ARMv5_IAP\STM3210C-EVAL\Exe\STM3210C-EVAL.out --map      #
#                    G:\iot\iotitem_v1\EXP_IOT_CTRL_PROJECT\Project\EWARMv5_I #
#                    AP\STM3210C-EVAL\List\STM3210C-EVAL.map --config         #
#                    G:\iot\iotitem_v1\EXP_IOT_CTRL_PROJECT\Project\EWARMv5_I #
#                    AP\STM32F10x_FLASH.icf --semihosting --entry             #
#                    __iar_program_start                                      #
#                                                                             #
#                                                                             #
###############################################################################

*******************************************************************************
*** RUNTIME MODEL ATTRIBUTES
***

CppFlavor       = *
__SystemLibrary = DLib


*******************************************************************************
*** PLACEMENT SUMMARY
***

"A1":  place at 0x08010000 { ro section .intvec };
"P1":  place in [from 0x08010000 to 0x0803ffff] { ro };
"P2":  place in [from 0x20000000 to 0x2000ffff] { rw, block CSTACK, block HEAP };

  Section            Kind        Address    Size  Object
  -------            ----        -------    ----  ------
"A1":                                      0x150
  .intvec            ro code  0x08010000   0x150  startup_stm32f10x_cl.o [1]
                            - 0x08010150   0x150

"P1":                                     0xaa8c
  .text              ro code  0x08010150  0x14d4  logic_ctrl.o [1]
  .text              ro code  0x08011624    0x70  ABImemcpy.o [4]
  .text              ro code  0x08011694   0x198  stm32f10x_gpio.o [1]
  .text              ro code  0x0801182c   0x8d8  can_bus.o [1]
  .text              ro code  0x08012104   0x174  stm32f10x_flash.o [1]
  .text              ro code  0x08012278     0xe  tcp_out.o [1]
  .text              ro code  0x08012286    0x2e  copy_init3.o [4]
  .text              ro code  0x080122b4   0x526  stm32f10x_can.o [1]
  .text              ro code  0x080127da    0x22  zero_init3.o [4]
  .text              ro code  0x080127fc   0x468  fun.o [1]
  .text              ro code  0x08012c64   0x1e8  stm32f10x_rcc.o [1]
  .text              ro code  0x08012e4c  0x135c  tcp_in.o [1]
  .text              ro code  0x080141a8    0x36  inet.o [1]
  .text              ro code  0x080141de   0x576  pbuf.o [1]
  .text              ro code  0x08014754    0x54  ip_addr.o [1]
  .text              ro code  0x080147a8   0x83c  tcp.o [1]
  .text              ro code  0x08014fe4    0xe4  memp.o [1]
  .text              ro code  0x080150c8   0xa46  tcp_out.o [1]
  .text              ro code  0x08015b10   0x364  mem.o [1]
  .text              ro code  0x08015e74    0x14  udp.o [1]
  .text              ro code  0x08015e88   0x368  ip.o [1]
  .text              ro code  0x080161f0    0x66  ABImemset.o [4]
  .text              ro code  0x08016258   0x140  netif.o [1]
  .text              ro code  0x08016398   0x5d8  ip_frag.o [1]
  .text              ro code  0x08016970    0x88  raw.o [1]
  .text              ro code  0x080169f8   0x3ec  udp.o [1]
  .text              ro code  0x08016de4   0x1f8  icmp.o [1]
  .text              ro code  0x08016fdc   0xa1c  etharp.o [1]
  .text              ro code  0x080179f8    0xac  inet_chksum.o [1]
  .text              ro code  0x08017aa4   0xd30  modbus_rtu.o [1]
  .text              ro code  0x080187d4   0x1a2  stm32f10x_usart.o [1]
  .text              ro code  0x08018978   0x70a  stm32_eth.o [1]
  .text              ro code  0x08019084   0x694  main.o [1]
  .text              ro code  0x08019718   0x64a  stm32f107.o [1]
  .text              ro code  0x08019d64    0xe4  netconf.o [1]
  .text              ro code  0x08019e48   0x39c  udpclient.o [1]
  .text              ro code  0x0801a1e4   0x26e  stm32f10x_tim.o [1]
  .text              ro code  0x0801a454   0x198  system_stm32f10x.o [1]
  .text              ro code  0x0801a5ec     0xc  stm32f10x_pwr.o [1]
  .text              ro code  0x0801a5f8    0x98  misc.o [1]
  .text              ro code  0x0801a690   0x2d0  ethernetif.o [1]
  .text              ro code  0x0801a960    0xa4  stm32f10x_it.o [1]
  .text              ro code  0x0801aa04    0x2c  data_init3.o [4]
  .iar.init_table    const    0x0801aa30    0x24  - Linker created -
  .text              ro code  0x0801aa54    0x16  cmain.o [4]
  .text              ro code  0x0801aa6a     0x4  low_level_init.o [3]
  .text              ro code  0x0801aa6e     0x8  exit.o [3]
  .text              ro code  0x0801aa78     0xa  cexit.o [4]
  .text              ro code  0x0801aa84    0x14  exit.o [5]
  .text              ro code  0x0801aa98     0xc  cstartup_M.o [4]
  .text              ro code  0x0801aaa4     0x4  startup_stm32f10x_cl.o [1]
  .text              ro code  0x0801aaa8     0x4  startup_stm32f10x_cl.o [1]
  .text              ro code  0x0801aaac     0x4  startup_stm32f10x_cl.o [1]
  .text              ro code  0x0801aab0     0x4  startup_stm32f10x_cl.o [1]
  .text              ro code  0x0801aab4     0x4  startup_stm32f10x_cl.o [1]
  .text              ro code  0x0801aab8     0x4  startup_stm32f10x_cl.o [1]
  .text              ro code  0x0801aabc     0x4  startup_stm32f10x_cl.o [1]
  .text              ro code  0x0801aac0     0x4  startup_stm32f10x_cl.o [1]
  .text              ro code  0x0801aac4     0x4  startup_stm32f10x_cl.o [1]
  .text              ro code  0x0801aac8     0x4  startup_stm32f10x_cl.o [1]
  .text              ro code  0x0801aacc     0x4  startup_stm32f10x_cl.o [1]
  .text              ro code  0x0801aad0     0x4  startup_stm32f10x_cl.o [1]
  .text              ro code  0x0801aad4     0x4  startup_stm32f10x_cl.o [1]
  .text              ro code  0x0801aad8     0x4  startup_stm32f10x_cl.o [1]
  .text              ro code  0x0801aadc     0x4  startup_stm32f10x_cl.o [1]
  .text              ro code  0x0801aae0     0x4  startup_stm32f10x_cl.o [1]
  .text              ro code  0x0801aae4     0x4  startup_stm32f10x_cl.o [1]
  .text              ro code  0x0801aae8     0x4  startup_stm32f10x_cl.o [1]
  .text              ro code  0x0801aaec     0x4  startup_stm32f10x_cl.o [1]
  .text              ro code  0x0801aaf0     0x4  startup_stm32f10x_cl.o [1]
  .text              ro code  0x0801aaf4     0x4  startup_stm32f10x_cl.o [1]
  .text              ro code  0x0801aaf8     0x4  startup_stm32f10x_cl.o [1]
  .text              ro code  0x0801aafc     0x4  startup_stm32f10x_cl.o [1]
  .text              ro code  0x0801ab00     0x4  startup_stm32f10x_cl.o [1]
  .text              ro code  0x0801ab04     0x4  startup_stm32f10x_cl.o [1]
  .text              ro code  0x0801ab08     0x4  startup_stm32f10x_cl.o [1]
  .text              ro code  0x0801ab0c     0x4  startup_stm32f10x_cl.o [1]
  .text              ro code  0x0801ab10     0x4  startup_stm32f10x_cl.o [1]
  .text              ro code  0x0801ab14     0x4  startup_stm32f10x_cl.o [1]
  .text              ro code  0x0801ab18     0x4  startup_stm32f10x_cl.o [1]
  .text              ro code  0x0801ab1c     0x4  startup_stm32f10x_cl.o [1]
  .text              ro code  0x0801ab20     0x4  startup_stm32f10x_cl.o [1]
  .text              ro code  0x0801ab24     0x4  startup_stm32f10x_cl.o [1]
  .text              ro code  0x0801ab28     0x4  startup_stm32f10x_cl.o [1]
  .text              ro code  0x0801ab2c     0x4  startup_stm32f10x_cl.o [1]
  .text              ro code  0x0801ab30     0x4  startup_stm32f10x_cl.o [1]
  .text              ro code  0x0801ab34     0x4  startup_stm32f10x_cl.o [1]
  .text              ro code  0x0801ab38     0x4  startup_stm32f10x_cl.o [1]
  .text              ro code  0x0801ab3c     0x4  startup_stm32f10x_cl.o [1]
  .text              ro code  0x0801ab40     0x4  startup_stm32f10x_cl.o [1]
  .text              ro code  0x0801ab44     0x4  startup_stm32f10x_cl.o [1]
  .text              ro code  0x0801ab48     0x4  startup_stm32f10x_cl.o [1]
  .text              ro code  0x0801ab4c     0x4  startup_stm32f10x_cl.o [1]
  .text              ro code  0x0801ab50     0x4  startup_stm32f10x_cl.o [1]
  .text              ro code  0x0801ab54     0x4  startup_stm32f10x_cl.o [1]
  .text              ro code  0x0801ab58     0x4  startup_stm32f10x_cl.o [1]
  .text              ro code  0x0801ab5c     0x4  startup_stm32f10x_cl.o [1]
  .text              ro code  0x0801ab60     0x4  startup_stm32f10x_cl.o [1]
  .text              ro code  0x0801ab64     0x4  startup_stm32f10x_cl.o [1]
  .text              ro code  0x0801ab68     0x4  startup_stm32f10x_cl.o [1]
  .text              ro code  0x0801ab6c     0x4  startup_stm32f10x_cl.o [1]
  .text              ro code  0x0801ab70     0x4  startup_stm32f10x_cl.o [1]
  .text              ro code  0x0801ab74     0x4  startup_stm32f10x_cl.o [1]
  .text              ro code  0x0801ab78     0x4  startup_stm32f10x_cl.o [1]
  .text              ro code  0x0801ab7c     0x4  startup_stm32f10x_cl.o [1]
  .text              ro code  0x0801ab80     0x4  startup_stm32f10x_cl.o [1]
  .text              ro code  0x0801ab84     0x4  startup_stm32f10x_cl.o [1]
  .text              ro code  0x0801ab88     0x4  startup_stm32f10x_cl.o [1]
  .text              ro code  0x0801ab8c     0x4  startup_stm32f10x_cl.o [1]
  .text              ro code  0x0801ab90     0x4  startup_stm32f10x_cl.o [1]
  .text              ro code  0x0801ab94     0x4  startup_stm32f10x_cl.o [1]
  .text              ro code  0x0801ab98     0x4  startup_stm32f10x_cl.o [1]
  .text              ro code  0x0801ab9c     0x4  startup_stm32f10x_cl.o [1]
  .text              ro code  0x0801aba0     0x4  startup_stm32f10x_cl.o [1]
  .text              ro code  0x0801aba4     0x4  startup_stm32f10x_cl.o [1]
  .text              ro code  0x0801aba8     0x4  startup_stm32f10x_cl.o [1]
  .text              ro code  0x0801abac     0x4  startup_stm32f10x_cl.o [1]
  .text              ro code  0x0801abb0     0x4  startup_stm32f10x_cl.o [1]
  .text              ro code  0x0801abb4     0x4  startup_stm32f10x_cl.o [1]
  .text              ro code  0x0801abb8     0x4  startup_stm32f10x_cl.o [1]
  Initializer bytes  ro data  0x0801abbc    0x20  <for P2 s0>
                            - 0x0801abdc  0xaa8c

"P2", part 1 of 3:                          0x20
  P2 s0                       0x20000000    0x20  <Init block>
    .data            inited   0x20000000    0x10  stm32f10x_rcc.o [1]
    .data            inited   0x20000010     0x4  stm32f10x_rcc.o [1]
    .data            inited   0x20000014     0x4  tcp.o [1]
    .data            inited   0x20000018     0x2  main.o [1]
    .data            inited   0x2000001a     0x2  main.o [1]
    .data            inited   0x2000001c     0x2  main.o [1]
    .data            inited   0x2000001e     0x2  main.o [1]
                            - 0x20000020    0x20

"P2", part 2 of 3:                        0xdc98
  .bss               zero     0x20000020  0x5014  mem.o [1]
  .bss               zero     0x20005034  0x468c  memp.o [1]
  .bss               zero     0x200096c0  0x17c0  ethernetif.o [1]
  .bss               zero     0x2000ae80   0xbe0  ethernetif.o [1]
  .bss               zero     0x2000ba60   0x820  logic_ctrl.o [1]
  .bss               zero     0x2000c280   0x5e0  ip_frag.o [1]
  .bss               zero     0x2000c860   0x2d0  logic_ctrl.o [1]
  .bss               zero     0x2000cb30   0x2bc  can_bus.o [1]
  .bss               zero     0x2000cdec   0x270  udpclient.o [1]
  .bss               zero     0x2000d05c   0x258  logic_ctrl.o [1]
  .bss               zero     0x2000d2b4   0x12c  can_bus.o [1]
  .bss               zero     0x2000d3e0   0x12c  can_bus.o [1]
  .bss               zero     0x2000d50c    0xe8  logic_ctrl.o [1]
  .bss               zero     0x2000d5f4    0xe8  logic_ctrl.o [1]
  .bss               zero     0x2000d6dc    0xe8  logic_ctrl.o [1]
  .bss               zero     0x2000d7c4    0xc8  etharp.o [1]
  .bss               zero     0x2000d88c    0xc8  fun.o [1]
  .bss               zero     0x2000d954    0x64  logic_ctrl.o [1]
  .bss               zero     0x2000d9b8    0x40  ethernetif.o [1]
  .bss               zero     0x2000d9f8    0x34  modbus_rtu.o [1]
  .bss               zero     0x2000da2c    0x34  modbus_rtu.o [1]
  .bss               zero     0x2000da60    0x30  netconf.o [1]
  .bss               zero     0x2000da90    0x28  logic_ctrl.o [1]
  .bss               zero     0x2000dab8    0x24  memp.o [1]
  .bss               zero     0x2000dadc    0x20  ethernetif.o [1]
  .bss               zero     0x2000dafc    0x14  logic_ctrl.o [1]
  .bss               zero     0x2000db10    0x14  logic_ctrl.o [1]
  .bss               zero     0x2000db24    0x14  modbus_rtu.o [1]
  .bss               zero     0x2000db38    0x14  tcp_in.o [1]
  .bss               zero     0x2000db4c     0xc  can_bus.o [1]
  .bss               zero     0x2000db58     0xc  fun.o [1]
  .bss               zero     0x2000db64     0xc  logic_ctrl.o [1]
  .bss               zero     0x2000db70     0xc  logic_ctrl.o [1]
  .bss               zero     0x2000db7c     0xc  logic_ctrl.o [1]
  .bss               zero     0x2000db88     0xc  logic_ctrl.o [1]
  .bss               zero     0x2000db94     0xc  logic_ctrl.o [1]
  .bss               zero     0x2000dba0     0xc  logic_ctrl.o [1]
  .bss               zero     0x2000dbac     0xc  logic_ctrl.o [1]
  .bss               zero     0x2000dbb8     0xc  logic_ctrl.o [1]
  .bss               zero     0x2000dbc4     0xc  logic_ctrl.o [1]
  .bss               zero     0x2000dbd0     0xc  logic_ctrl.o [1]
  .bss               zero     0x2000dbdc     0xc  logic_ctrl.o [1]
  .bss               zero     0x2000dbe8     0xc  logic_ctrl.o [1]
  .bss               zero     0x2000dbf4     0xc  logic_ctrl.o [1]
  .bss               zero     0x2000dc00     0x8  ethernetif.o [1]
  .bss               zero     0x2000dc08     0x8  main.o [1]
  .bss               zero     0x2000dc10     0x4  ip.o [1]
  .bss               zero     0x2000dc14     0x4  ip.o [1]
  .bss               zero     0x2000dc18     0x4  ip_frag.o [1]
  .bss               zero     0x2000dc1c     0x4  main.o [1]
  .bss               zero     0x2000dc20     0x4  mem.o [1]
  .bss               zero     0x2000dc24     0x4  mem.o [1]
  .bss               zero     0x2000dc28     0x4  mem.o [1]
  .bss               zero     0x2000dc2c     0x4  netconf.o [1]
  .bss               zero     0x2000dc30     0x4  netconf.o [1]
  .bss               zero     0x2000dc34     0x4  netif.o [1]
  .bss               zero     0x2000dc38     0x4  netif.o [1]
  .bss               zero     0x2000dc3c     0x4  raw.o [1]
  .bss               zero     0x2000dc40     0x4  stm32_eth.o [1]
  .bss               zero     0x2000dc44     0x4  stm32_eth.o [1]
  .bss               zero     0x2000dc48     0x4  stm32f107.o [1]
  .bss               zero     0x2000dc4c     0x4  tcp.o [1]
  .bss               zero     0x2000dc50     0x4  tcp.o [1]
  .bss               zero     0x2000dc54     0x4  tcp.o [1]
  .bss               zero     0x2000dc58     0x4  tcp.o [1]
  .bss               zero     0x2000dc5c     0x4  tcp.o [1]
  .bss               zero     0x2000dc60     0x4  tcp.o [1]
  .bss               zero     0x2000dc64     0x4  tcp_in.o [1]
  .bss               zero     0x2000dc68     0x4  tcp_in.o [1]
  .bss               zero     0x2000dc6c     0x4  tcp_in.o [1]
  .bss               zero     0x2000dc70     0x4  tcp_in.o [1]
  .bss               zero     0x2000dc74     0x4  tcp_in.o [1]
  .bss               zero     0x2000dc78     0x4  tcp_in.o [1]
  .bss               zero     0x2000dc7c     0x4  udp.o [1]
  .bss               zero     0x2000dc80     0x2  can_bus.o [1]
  .bss               zero     0x2000dc82     0x2  can_bus.o [1]
  .bss               zero     0x2000dc84     0x2  can_bus.o [1]
  .bss               zero     0x2000dc86     0x2  ip.o [1]
  .bss               zero     0x2000dc88     0x2  ip_frag.o [1]
  .bss               zero     0x2000dc8a     0x2  logic_ctrl.o [1]
  .bss               zero     0x2000dc8c     0x2  main.o [1]
  .bss               zero     0x2000dc8e     0x2  main.o [1]
  .bss               zero     0x2000dc90     0x2  main.o [1]
  .bss               zero     0x2000dc92     0x2  main.o [1]
  .bss               zero     0x2000dc94     0x2  main.o [1]
  .bss               zero     0x2000dc96     0x2  modbus_rtu.o [1]
  .bss               zero     0x2000dc98     0x2  modbus_rtu.o [1]
  .bss               zero     0x2000dc9a     0x2  modbus_rtu.o [1]
  .bss               zero     0x2000dc9c     0x2  modbus_rtu.o [1]
  .bss               zero     0x2000dc9e     0x2  tcp_in.o [1]
  .bss               zero     0x2000dca0     0x1  can_bus.o [1]
  .bss               zero     0x2000dca1     0x1  can_bus.o [1]
  .bss               zero     0x2000dca2     0x1  etharp.o [1]
  .bss               zero     0x2000dca3     0x1  logic_ctrl.o [1]
  .bss               zero     0x2000dca4     0x1  logic_ctrl.o [1]
  .bss               zero     0x2000dca5     0x1  logic_ctrl.o [1]
  .bss               zero     0x2000dca6     0x1  logic_ctrl.o [1]
  .bss               zero     0x2000dca7     0x1  logic_ctrl.o [1]
  .bss               zero     0x2000dca8     0x1  logic_ctrl.o [1]
  .bss               zero     0x2000dca9     0x1  logic_ctrl.o [1]
  .bss               zero     0x2000dcaa     0x1  logic_ctrl.o [1]
  .bss               zero     0x2000dcab     0x1  logic_ctrl.o [1]
  .bss               zero     0x2000dcac     0x1  main.o [1]
  .bss               zero     0x2000dcad     0x1  main.o [1]
  .bss               zero     0x2000dcae     0x1  main.o [1]
  .bss               zero     0x2000dcaf     0x1  main.o [1]
  .bss               zero     0x2000dcb0     0x1  mem.o [1]
  .bss               zero     0x2000dcb1     0x1  modbus_rtu.o [1]
  .bss               zero     0x2000dcb2     0x1  modbus_rtu.o [1]
  .bss               zero     0x2000dcb3     0x1  netif.o [1]
  .bss               zero     0x2000dcb4     0x1  tcp.o [1]
  .bss               zero     0x2000dcb5     0x1  tcp_in.o [1]
  .bss               zero     0x2000dcb6     0x1  tcp_in.o [1]
                            - 0x2000dcb7  0xdc97

"P2", part 3 of 3:                        0x1000
  CSTACK                      0x2000dcb8  0x1000  <Block>
    CSTACK           uninit   0x2000dcb8  0x1000  <Block tail>
                            - 0x2000ecb8  0x1000


*******************************************************************************
*** INIT TABLE
***

          Address     Size
          -------     ----
Zero (__iar_zero_init3)
    1 destination range, total size 0xdc97:
          0x20000020  0xdc97

Copy (__iar_copy_init3)
    1 source range, total size 0x20:
          0x0801abbc    0x20
    1 destination range, total size 0x20:
          0x20000000    0x20


*******************************************************************************
*** MODULE SUMMARY
***

    Module                  ro code  ro data  rw data
    ------                  -------  -------  -------
G:\iot\iotitem_v1\EXP_IOT_CTRL_PROJECT\Project\EWARMv5_IAP\STM3210C-EVAL\Obj: [1]
    can_bus.o                 2 264             1 320
    etharp.o                  2 588               201
    ethernetif.o                720             9 224
    fun.o                     1 128               212
    icmp.o                      504
    inet.o                       54
    inet_chksum.o               172
    ip.o                        872                10
    ip_addr.o                    84
    ip_frag.o                 1 496             1 510
    logic_ctrl.o              5 332             4 443
    main.o                    1 684        8       34
    mem.o                       868            20 513
    memp.o                      228            18 096
    misc.o                      152
    modbus_rtu.o              3 376               134
    netconf.o                   228                56
    netif.o                     320                 9
    pbuf.o                    1 398
    raw.o                       136                 4
    startup_stm32f10x_cl.o      616
    stm32_eth.o               1 802                 8
    stm32f107.o               1 610                 4
    stm32f10x_can.o           1 318
    stm32f10x_flash.o           372
    stm32f10x_gpio.o            408
    stm32f10x_it.o              164
    stm32f10x_pwr.o              12
    stm32f10x_rcc.o             488       20       20
    stm32f10x_tim.o             622
    stm32f10x_usart.o           418
    system_stm32f10x.o          408
    tcp.o                     2 108        4       29
    tcp_in.o                  4 956                48
    tcp_out.o                 2 644
    udp.o                     1 024                 4
    udpclient.o                 924               624
    -------------------------------------------------
    Total:                   43 498       32   56 503

command line: [2]
    -------------------------------------------------
    Total:

dl7M_tlf.a: [3]
    exit.o                        8
    low_level_init.o              4
    -------------------------------------------------
    Total:                       12

rt7M_tl.a: [4]
    ABImemcpy.o                 112
    ABImemset.o                 102
    cexit.o                      10
    cmain.o                      22
    copy_init3.o                 46
    cstartup_M.o                 12
    data_init3.o                 44
    zero_init3.o                 34
    -------------------------------------------------
    Total:                      382

shb_l.a: [5]
    exit.o                       20
    -------------------------------------------------
    Total:                       20

    Gaps                         16
    Linker created                        36    4 096
-----------------------------------------------------
    Grand Total:             43 928       68   60 599


*******************************************************************************
*** ENTRY LIST
***

Entry                      Address    Size  Type      Object
-----                      -------    ----  ----      ------
?main                   0x0801aa55          Code  Gb  cmain.o [4]
ADC1_2_IRQHandler       0x0801ab11          Code  Wk  startup_stm32f10x_cl.o [1]
ADCPrescTable           0x20000010     0x4  Data  Lc  stm32f10x_rcc.o [1]
APBAHBPrescTable        0x20000000    0x10  Data  Lc  stm32f10x_rcc.o [1]
ARPTimer                0x2000dc30     0x4  Data  Gb  netconf.o [1]
AddCanSendData2Queue    0x0801185f    0x3e  Code  Gb  can_bus.o [1]
AddModuleStatusData2Queue
                        0x080102ff    0x42  Code  Gb  logic_ctrl.o [1]
AddSendMsgToQueue       0x0801288f    0x10  Code  Gb  fun.o [1]
AddUartSendData2Queue   0x08010207    0x4c  Code  Gb  logic_ctrl.o [1]
AddUarttmpData2Queue    0x08010167    0x3e  Code  Gb  logic_ctrl.o [1]
Block_Check_Ctrl_Handle
                        0x080112f5    0xe8  Code  Gb  logic_ctrl.o [1]
BusFault_Handler        0x0801a967     0x2  Code  Gb  stm32f10x_it.o [1]
CAN1_RX0_IRQHandler     0x0801a9c1    0x2c  Code  Gb  stm32f10x_it.o [1]
CAN1_RX1_IRQHandler     0x0801ab1d          Code  Wk  startup_stm32f10x_cl.o [1]
CAN1_SCE_IRQHandler     0x0801ab21          Code  Wk  startup_stm32f10x_cl.o [1]
CAN1_TX_IRQHandler      0x0801ab15          Code  Wk  startup_stm32f10x_cl.o [1]
CAN2_RX0_IRQHandler     0x0801abad          Code  Wk  startup_stm32f10x_cl.o [1]
CAN2_RX1_IRQHandler     0x0801abb1          Code  Wk  startup_stm32f10x_cl.o [1]
CAN2_SCE_IRQHandler     0x0801abb5          Code  Wk  startup_stm32f10x_cl.o [1]
CAN2_TX_IRQHandler      0x0801aba9          Code  Wk  startup_stm32f10x_cl.o [1]
CAN_ClearITPendingBit   0x08012745    0x96  Code  Gb  stm32f10x_can.o [1]
CAN_Configuration       0x080197c3    0xaa  Code  Gb  stm32f107.o [1]
CAN_DeInit              0x080122b5    0x34  Code  Gb  stm32f10x_can.o [1]
CAN_FIFORelease         0x0801265b    0x12  Code  Gb  stm32f10x_can.o [1]
CAN_FilterInit          0x080123f9    0xe2  Code  Gb  stm32f10x_can.o [1]
CAN_ITConfig            0x08012525    0x18  Code  Gb  stm32f10x_can.o [1]
CAN_Init                0x080122e9   0x110  Code  Gb  stm32f10x_can.o [1]
CAN_Receive             0x0801266d    0xd8  Code  Gb  stm32f10x_can.o [1]
CAN_StructInit          0x080124db    0x2e  Code  Gb  stm32f10x_can.o [1]
CAN_Transmit            0x0801253d   0x11e  Code  Gb  stm32f10x_can.o [1]
CRCHi                   0x080186d4   0x100  Data  Gb  modbus_rtu.o [1]
CRCLo                   0x080185d4   0x100  Data  Gb  modbus_rtu.o [1]
CRC_sub                 0x08017aa5    0x4a  Code  Gb  modbus_rtu.o [1]
CSTACK$$Base            0x2000dcb8           --   Gb  - Linker created -
CSTACK$$Limit           0x2000ecb8           --   Gb  - Linker created -
DMA1_Channel1_IRQHandler
                        0x0801aaf5          Code  Wk  startup_stm32f10x_cl.o [1]
DMA1_Channel2_IRQHandler
                        0x0801aaf9          Code  Wk  startup_stm32f10x_cl.o [1]
DMA1_Channel3_IRQHandler
                        0x0801aafd          Code  Wk  startup_stm32f10x_cl.o [1]
DMA1_Channel4_IRQHandler
                        0x0801ab01          Code  Wk  startup_stm32f10x_cl.o [1]
DMA1_Channel5_IRQHandler
                        0x0801ab05          Code  Wk  startup_stm32f10x_cl.o [1]
DMA1_Channel6_IRQHandler
                        0x0801ab09          Code  Wk  startup_stm32f10x_cl.o [1]
DMA1_Channel7_IRQHandler
                        0x0801ab0d          Code  Wk  startup_stm32f10x_cl.o [1]
DMA2_Channel1_IRQHandler
                        0x0801ab8d          Code  Wk  startup_stm32f10x_cl.o [1]
DMA2_Channel2_IRQHandler
                        0x0801ab91          Code  Wk  startup_stm32f10x_cl.o [1]
DMA2_Channel3_IRQHandler
                        0x0801ab95          Code  Wk  startup_stm32f10x_cl.o [1]
DMA2_Channel4_IRQHandler
                        0x0801ab99          Code  Wk  startup_stm32f10x_cl.o [1]
DMA2_Channel5_IRQHandler
                        0x0801ab9d          Code  Wk  startup_stm32f10x_cl.o [1]
DMARxDescToGet          0x2000dc44     0x4  Data  Gb  stm32_eth.o [1]
DMARxDscrTab            0x2000d9b8    0x40  Data  Gb  ethernetif.o [1]
DMATxDescToSet          0x2000dc40     0x4  Data  Gb  stm32_eth.o [1]
DMATxDscrTab            0x2000dadc    0x20  Data  Gb  ethernetif.o [1]
DebugMon_Handler        0x0801a96d     0x2  Code  Gb  stm32f10x_it.o [1]
ETH_DMAITConfig         0x08018fcd    0x28  Code  Gb  stm32_eth.o [1]
ETH_DMAReceptionCmd     0x08018fab    0x22  Code  Gb  stm32_eth.o [1]
ETH_DMARxDescChainInit  0x08018ee5    0x4c  Code  Gb  stm32_eth.o [1]
ETH_DMARxDescReceiveITConfig
                        0x08018f39    0x1a  Code  Gb  stm32_eth.o [1]
ETH_DMATransmissionCmd  0x08018f89    0x22  Code  Gb  stm32_eth.o [1]
ETH_DMATxDescChainInit  0x08018e97    0x46  Code  Gb  stm32_eth.o [1]
ETH_DMATxDescChecksumInsertionConfig
                        0x08018edd     0x8  Code  Gb  stm32_eth.o [1]
ETH_DeInit              0x08018979    0x18  Code  Gb  stm32_eth.o [1]
ETH_Delay               0x08019065    0x1e  Code  Lc  stm32_eth.o [1]
ETH_FlushTransmitFIFO   0x08018f7b     0xe  Code  Gb  stm32_eth.o [1]
ETH_GetCurrentTxBuffer  0x0801a927     0x8  Code  Gb  ethernetif.o [1]
ETH_GetDMARxDescFrameLength
                        0x08018f31     0x8  Code  Gb  stm32_eth.o [1]
ETH_GetRxPktSize        0x08018d1d    0x26  Code  Gb  stm32_eth.o [1]
ETH_GetSoftwareResetStatus
                        0x08018f65    0x16  Code  Gb  stm32_eth.o [1]
ETH_IRQHandler          0x0801aba1          Code  Wk  startup_stm32f10x_cl.o [1]
ETH_Init                0x08018991   0x282  Code  Gb  stm32_eth.o [1]
ETH_MACAddressConfig    0x08018e6d    0x2a  Code  Gb  stm32_eth.o [1]
ETH_MACReceptionCmd     0x08018e43    0x2a  Code  Gb  stm32_eth.o [1]
ETH_MACTransmissionCmd  0x08018e19    0x2a  Code  Gb  stm32_eth.o [1]
ETH_ReadPHYRegister     0x08018d43    0x6a  Code  Gb  stm32_eth.o [1]
ETH_RxPkt_ChainMode     0x0801a843    0x88  Code  Gb  ethernetif.o [1]
ETH_SoftwareReset       0x08018f53    0x12  Code  Gb  stm32_eth.o [1]
ETH_Start               0x08018cfd    0x20  Code  Gb  stm32_eth.o [1]
ETH_StructInit          0x08018c13    0xea  Code  Gb  stm32_eth.o [1]
ETH_TxPkt_ChainMode     0x0801a8cb    0x5c  Code  Gb  ethernetif.o [1]
ETH_WKUP_IRQHandler     0x0801aba5          Code  Wk  startup_stm32f10x_cl.o [1]
ETH_WritePHYRegister    0x08018dad    0x6c  Code  Gb  stm32_eth.o [1]
EXTI0_IRQHandler        0x0801aae1          Code  Wk  startup_stm32f10x_cl.o [1]
EXTI15_10_IRQHandler    0x0801ab69          Code  Wk  startup_stm32f10x_cl.o [1]
EXTI1_IRQHandler        0x0801aae5          Code  Wk  startup_stm32f10x_cl.o [1]
EXTI2_IRQHandler        0x0801aae9          Code  Wk  startup_stm32f10x_cl.o [1]
EXTI3_IRQHandler        0x0801aaed          Code  Wk  startup_stm32f10x_cl.o [1]
EXTI4_IRQHandler        0x0801aaf1          Code  Wk  startup_stm32f10x_cl.o [1]
EXTI9_5_IRQHandler      0x0801ab25          Code  Wk  startup_stm32f10x_cl.o [1]
Encoder_Init            0x0801986d    0x96  Code  Gb  stm32f107.o [1]
EthInitStatus           0x2000dc48     0x4  Data  Gb  stm32f107.o [1]
Ethernet_Configuration  0x08019965    0x9e  Code  Gb  stm32f107.o [1]
FLASH_ClearFlag         0x080121df     0x8  Code  Gb  stm32f10x_flash.o [1]
FLASH_ErasePage         0x0801212d    0x64  Code  Gb  stm32f10x_flash.o [1]
FLASH_GetStatus         0x080121e7    0x2c  Code  Gb  stm32f10x_flash.o [1]
FLASH_IRQHandler        0x0801aad9          Code  Wk  startup_stm32f10x_cl.o [1]
FLASH_Lock              0x0801211b    0x12  Code  Gb  stm32f10x_flash.o [1]
FLASH_ProgramHalfWord   0x08012191    0x4e  Code  Gb  stm32f10x_flash.o [1]
FLASH_Unlock            0x08012105    0x16  Code  Gb  stm32f10x_flash.o [1]
FLASH_WaitForLastOperation
                        0x0801222d    0x30  Code  Gb  stm32f10x_flash.o [1]
GPIO_Configuration      0x08019a03   0x2a6  Code  Gb  stm32f107.o [1]
GPIO_ETH_MediaInterfaceConfig
                        0x0801181b     0x6  Code  Gb  stm32f10x_gpio.o [1]
GPIO_Init               0x08011695    0xcc  Code  Gb  stm32f10x_gpio.o [1]
GPIO_PinRemapConfig     0x080117ab    0x70  Code  Gb  stm32f10x_gpio.o [1]
GPIO_ReadInputDataBit   0x08011761    0x16  Code  Gb  stm32f10x_gpio.o [1]
GPIO_ReadOutputDataBit  0x08011777    0x16  Code  Gb  stm32f10x_gpio.o [1]
GPIO_ResetBits          0x08011793     0x6  Code  Gb  stm32f10x_gpio.o [1]
GPIO_SetBits            0x0801178d     0x6  Code  Gb  stm32f10x_gpio.o [1]
GPIO_WriteBit           0x08011799    0x12  Code  Gb  stm32f10x_gpio.o [1]
GetModuleStatusDataFromQueue
                        0x08010341    0x2c  Code  Gb  logic_ctrl.o [1]
GetSendMsgFromQueue     0x0801289f     0xc  Code  Gb  fun.o [1]
GetUartSendDataFromQueue
                        0x080101a5    0x2c  Code  Gb  logic_ctrl.o [1]
HardFault_Handler       0x0801a963     0x2  Code  Gb  stm32f10x_it.o [1]
I2C1_ER_IRQHandler      0x0801ab49          Code  Wk  startup_stm32f10x_cl.o [1]
I2C1_EV_IRQHandler      0x0801ab45          Code  Wk  startup_stm32f10x_cl.o [1]
I2C2_ER_IRQHandler      0x0801ab51          Code  Wk  startup_stm32f10x_cl.o [1]
I2C2_EV_IRQHandler      0x0801ab4d          Code  Wk  startup_stm32f10x_cl.o [1]
InitCanSendQueue        0x08011849    0x16  Code  Gb  can_bus.o [1]
InitModuleStatusQueue   0x080102e9    0x16  Code  Gb  logic_ctrl.o [1]
InitSendMsgQueue        0x08012881     0xe  Code  Gb  fun.o [1]
InitUartSendQueue       0x08010151    0x16  Code  Gb  logic_ctrl.o [1]
InputScanProc           0x08010381   0x896  Code  Gb  logic_ctrl.o [1]
IsModuleStatusQueueFree
                        0x0801036d    0x14  Code  Gb  logic_ctrl.o [1]
IsUartSendQueueFree     0x080101d1    0x14  Code  Gb  logic_ctrl.o [1]
Linkage_Stop_Photo_Ctrl_Handle
                        0x08010fa7   0x14c  Code  Gb  logic_ctrl.o [1]
Linkage_Stream_Ctrl_Handle
                        0x08011201    0xea  Code  Gb  logic_ctrl.o [1]
Linkage_stream_extra_signal
                        0x080110fd    0xf8  Code  Gb  logic_ctrl.o [1]
LocalTime               0x2000dc1c     0x4  Data  Gb  main.o [1]
LwIP_Init               0x08019d65    0x84  Code  Gb  netconf.o [1]
LwIP_Periodic_Handle    0x08019df3    0x34  Code  Gb  netconf.o [1]
LwIP_Pkt_Handle         0x08019de9     0xa  Code  Gb  netconf.o [1]
MACaddr                 0x2000dc00     0x8  Data  Gb  ethernetif.o [1]
MemManage_Handler       0x0801a965     0x2  Code  Gb  stm32f10x_it.o [1]
Modbus_RTU_Comm_Process
                        0x0801842d   0x152  Code  Gb  modbus_rtu.o [1]
Modbus_RTU_Read_Reg_Cmd
                        0x08017c7b    0x58  Code  Gb  modbus_rtu.o [1]
Modbus_RTU_Write_Multi_Reg_Cmd
                        0x08017bc7    0xb4  Code  Gb  modbus_rtu.o [1]
NMI_Handler             0x0801a961     0x2  Code  Gb  stm32f10x_it.o [1]
NVIC_Configuration      0x08019cf1    0x72  Code  Gb  stm32f107.o [1]
NVIC_Init               0x0801a603    0x66  Code  Gb  misc.o [1]
NVIC_PriorityGroupConfig
                        0x0801a5f9     0xa  Code  Gb  misc.o [1]
NVIC_SetPriority        0x08019719    0x26  Code  Lc  stm32f107.o [1]
NVIC_SetVectorTable     0x0801a669     0xc  Code  Gb  misc.o [1]
NVIC_SystemReset        0x0801182d    0x1c  Code  Lc  can_bus.o [1]
NVIC_SystemReset        0x080127fd    0x1c  Code  Lc  fun.o [1]
OTG_FS_IRQHandler       0x0801abb9          Code  Wk  startup_stm32f10x_cl.o [1]
OTG_FS_WKUP_IRQHandler  0x0801ab71          Code  Wk  startup_stm32f10x_cl.o [1]
PVD_IRQHandler          0x0801aacd          Code  Wk  startup_stm32f10x_cl.o [1]
PWR_BackupAccessCmd     0x0801a5ed     0x8  Code  Gb  stm32f10x_pwr.o [1]
PendSV_Handler          0x0801a96f     0x2  Code  Gb  stm32f10x_it.o [1]
RCC_AHBPeriphClockCmd   0x08012d71    0x20  Code  Gb  stm32f10x_rcc.o [1]
RCC_AHBPeriphResetCmd   0x08012dd1    0x20  Code  Gb  stm32f10x_rcc.o [1]
RCC_APB1PeriphClockCmd  0x08012db1    0x20  Code  Gb  stm32f10x_rcc.o [1]
RCC_APB1PeriphResetCmd  0x08012df1    0x20  Code  Gb  stm32f10x_rcc.o [1]
RCC_APB2PeriphClockCmd  0x08012d91    0x20  Code  Gb  stm32f10x_rcc.o [1]
RCC_GetClocksFreq       0x08012c65   0x10c  Code  Gb  stm32f10x_rcc.o [1]
RCC_IRQHandler          0x0801aadd          Code  Wk  startup_stm32f10x_cl.o [1]
RCC_MCOConfig           0x08012e11     0x6  Code  Gb  stm32f10x_rcc.o [1]
RTCAlarm_IRQHandler     0x0801ab6d          Code  Wk  startup_stm32f10x_cl.o [1]
RTC_IRQHandler          0x0801aad5          Code  Wk  startup_stm32f10x_cl.o [1]
Region$$Table$$Base     0x0801aa30           --   Gb  - Linker created -
Region$$Table$$Limit    0x0801aa54           --   Gb  - Linker created -
Reset_Ctrl_Handle       0x080113e1    0x90  Code  Gb  logic_ctrl.o [1]
Reset_Start_Inverter_Handle
                        0x08011475    0x7e  Code  Gb  logic_ctrl.o [1]
Rx_Buff                 0x200096c0  0x17c0  Data  Gb  ethernetif.o [1]
SPI1_IRQHandler         0x0801ab55          Code  Wk  startup_stm32f10x_cl.o [1]
SPI2_IRQHandler         0x0801ab59          Code  Wk  startup_stm32f10x_cl.o [1]
SPI3_IRQHandler         0x0801ab79          Code  Wk  startup_stm32f10x_cl.o [1]
SVC_Handler             0x0801a96b     0x2  Code  Gb  stm32f10x_it.o [1]
SetSysClock             0x0801a4b3     0x8  Code  Lc  system_stm32f10x.o [1]
SetSysClockTo72         0x0801a4bb   0x10e  Code  Lc  system_stm32f10x.o [1]
Set_MAC_Address         0x0801a691    0x30  Code  Gb  ethernetif.o [1]
Speed_Ctrl_Process      0x08010c17   0x1b6  Code  Gb  logic_ctrl.o [1]
SysTick_Config          0x0801973f    0x36  Code  Lc  stm32f107.o [1]
SysTick_Handler         0x0801a971     0x8  Code  Gb  stm32f10x_it.o [1]
SystemInit              0x0801a455    0x5e  Code  Gb  system_stm32f10x.o [1]
System_Setup            0x08019903    0x62  Code  Gb  stm32f107.o [1]
TAMPER_IRQHandler       0x0801aad1          Code  Wk  startup_stm32f10x_cl.o [1]
TCPTimer                0x2000dc2c     0x4  Data  Gb  netconf.o [1]
TI1_Config              0x0801a355    0x38  Code  Lc  stm32f10x_tim.o [1]
TI2_Config              0x0801a38d    0x42  Code  Lc  stm32f10x_tim.o [1]
TI3_Config              0x0801a3cf    0x42  Code  Lc  stm32f10x_tim.o [1]
TI4_Config              0x0801a411    0x42  Code  Lc  stm32f10x_tim.o [1]
TIM1_BRK_IRQHandler     0x0801ab29          Code  Wk  startup_stm32f10x_cl.o [1]
TIM1_CC_IRQHandler      0x0801ab35          Code  Wk  startup_stm32f10x_cl.o [1]
TIM1_TRG_COM_IRQHandler
                        0x0801ab31          Code  Wk  startup_stm32f10x_cl.o [1]
TIM1_UP_IRQHandler      0x0801ab2d          Code  Wk  startup_stm32f10x_cl.o [1]
TIM2_IRQHandler         0x0801ab39          Code  Wk  startup_stm32f10x_cl.o [1]
TIM3_IRQHandler         0x0801ab3d          Code  Wk  startup_stm32f10x_cl.o [1]
TIM4_IRQHandler         0x0801ab41          Code  Wk  startup_stm32f10x_cl.o [1]
TIM5_IRQHandler         0x0801ab75          Code  Wk  startup_stm32f10x_cl.o [1]
TIM6_IRQHandler         0x0801ab85          Code  Wk  startup_stm32f10x_cl.o [1]
TIM7_IRQHandler         0x0801ab89          Code  Wk  startup_stm32f10x_cl.o [1]
TIM_Cmd                 0x0801a2ab    0x1c  Code  Gb  stm32f10x_tim.o [1]
TIM_EncoderInterfaceConfig
                        0x0801a2c7    0x3e  Code  Gb  stm32f10x_tim.o [1]
TIM_ICInit              0x0801a225    0x70  Code  Gb  stm32f10x_tim.o [1]
TIM_ICStructInit        0x0801a295    0x16  Code  Gb  stm32f10x_tim.o [1]
TIM_SetCounter          0x0801a305     0x4  Code  Gb  stm32f10x_tim.o [1]
TIM_SetIC1Prescaler     0x0801a309    0x12  Code  Gb  stm32f10x_tim.o [1]
TIM_SetIC2Prescaler     0x0801a31b    0x14  Code  Gb  stm32f10x_tim.o [1]
TIM_SetIC3Prescaler     0x0801a32f    0x12  Code  Gb  stm32f10x_tim.o [1]
TIM_SetIC4Prescaler     0x0801a341    0x14  Code  Gb  stm32f10x_tim.o [1]
TIM_TimeBaseInit        0x0801a1e5    0x36  Code  Gb  stm32f10x_tim.o [1]
Time_Update             0x08019349   0x138  Code  Gb  main.o [1]
Tx_Buff                 0x2000ae80   0xbe0  Data  Gb  ethernetif.o [1]
UART4_IRQHandler        0x0801ab7d          Code  Wk  startup_stm32f10x_cl.o [1]
UART5_IRQHandler        0x0801ab81          Code  Wk  startup_stm32f10x_cl.o [1]
USART1_IRQHandler       0x0801a979    0x48  Code  Gb  stm32f10x_it.o [1]
USART2_IRQHandler       0x0801ab61          Code  Wk  startup_stm32f10x_cl.o [1]
USART3_IRQHandler       0x0801ab65          Code  Wk  startup_stm32f10x_cl.o [1]
USART_ClearFlag         0x08018907     0xc  Code  Gb  stm32f10x_usart.o [1]
USART_Cmd               0x0801886d    0x1c  Code  Gb  stm32f10x_usart.o [1]
USART_Configuration     0x08019775    0x4e  Code  Gb  stm32f107.o [1]
USART_GetFlagStatus     0x080188eb    0x1c  Code  Gb  stm32f10x_usart.o [1]
USART_GetITStatus       0x08018913    0x64  Code  Gb  stm32f10x_usart.o [1]
USART_ITConfig          0x08018889    0x52  Code  Gb  stm32f10x_usart.o [1]
USART_Init              0x080187d5    0x90  Code  Gb  stm32f10x_usart.o [1]
USART_ReceiveData       0x080188e3     0x8  Code  Gb  stm32f10x_usart.o [1]
USART_SendData          0x080188db     0x8  Code  Gb  stm32f10x_usart.o [1]
UsageFault_Handler      0x0801a969     0x2  Code  Gb  stm32f10x_it.o [1]
WWDG_IRQHandler         0x0801aac9          Code  Wk  startup_stm32f10x_cl.o [1]
__aeabi_memcpy          0x08011625          Code  Gb  ABImemcpy.o [4]
__aeabi_memcpy4         0x0801163f          Code  Gb  ABImemcpy.o [4]
__aeabi_memcpy8         0x0801163f          Code  Gb  ABImemcpy.o [4]
__aeabi_memset          0x080161f1          Code  Gb  ABImemset.o [4]
__cmain                 0x0801aa55          Code  Gb  cmain.o [4]
__exit                  0x0801aa85    0x14  Code  Gb  exit.o [5]
__iar_Memset            0x080161f1          Code  Gb  ABImemset.o [4]
__iar_Memset_word       0x080161f9          Code  Gb  ABImemset.o [4]
__iar_copy_init3        0x08012287    0x2e  Code  Gb  copy_init3.o [4]
__iar_data_init3        0x0801aa05    0x2c  Code  Gb  data_init3.o [4]
__iar_program_start     0x0801aa99          Code  Gb  cstartup_M.o [4]
__iar_zero_init3        0x080127db    0x22  Code  Gb  zero_init3.o [4]
__low_level_init        0x0801aa6b     0x4  Code  Gb  low_level_init.o [3]
__vector_table          0x08010000          Data  Gb  startup_stm32f10x_cl.o [1]
_call_main              0x0801aa61          Code  Gb  cmain.o [4]
_exit                   0x0801aa79          Code  Gb  cexit.o [4]
_main                   0x0801aa67          Code  Gb  cmain.o [4]
ackno                   0x2000dc70     0x4  Data  Lc  tcp_in.o [1]
arp_table               0x2000d7c4    0xc8  Data  Lc  etharp.o [1]
bEmergencyInfo          0x2000dbd0     0xc  Data  Gb  logic_ctrl.o [1]
bPhoto1Info             0x2000db64     0xc  Data  Gb  logic_ctrl.o [1]
bPhoto2Info             0x2000db70     0xc  Data  Gb  logic_ctrl.o [1]
bPhoto3Info             0x2000db7c     0xc  Data  Gb  logic_ctrl.o [1]
bPhoto4Info             0x2000db88     0xc  Data  Gb  logic_ctrl.o [1]
bPhoto5Info             0x2000db94     0xc  Data  Gb  logic_ctrl.o [1]
bResetInfo              0x2000dba0     0xc  Data  Gb  logic_ctrl.o [1]
bStartInfo              0x2000dbac     0xc  Data  Gb  logic_ctrl.o [1]
bStopInfo               0x2000dbb8     0xc  Data  Gb  logic_ctrl.o [1]
bStreamInfo             0x2000dbc4     0xc  Data  Gb  logic_ctrl.o [1]
block_check_time_cnt    0x2000da90    0x28  Data  Gb  logic_ctrl.o [1]
buf                     0x2000c280   0x5e0  Data  Lc  ip_frag.o [1]
canSendQueue            0x2000db4c     0xc  Data  Gb  can_bus.o [1]
canSendQueueBuff        0x2000cb30   0x2bc  Data  Gb  can_bus.o [1]
can_bus_frame_receive   0x08011a7b   0x308  Code  Gb  can_bus.o [1]
can_bus_reply_read_user_paras
                        0x08011e8b    0x40  Code  Gb  can_bus.o [1]
can_bus_reply_write_user_paras
                        0x08011f0b    0x40  Code  Gb  can_bus.o [1]
can_bus_send_func_emergency_cmd
                        0x08012013    0x24  Code  Gb  can_bus.o [1]
can_bus_send_func_select_cmd
                        0x08011f83    0x20  Code  Gb  can_bus.o [1]
can_bus_send_func_upStreamStop_cmd
                        0x08012037    0x24  Code  Gb  can_bus.o [1]
can_bus_send_module_status
                        0x08011fa3    0x70  Code  Gb  can_bus.o [1]
can_bus_send_msg        0x08011d83    0xd4  Code  Gb  can_bus.o [1]
can_bus_send_one_frame  0x0801189d    0x68  Code  Gb  can_bus.o [1]
can_bus_send_read_user_paras
                        0x08011e57    0x34  Code  Gb  can_bus.o [1]
can_bus_send_reset_cmd  0x08011f69    0x1a  Code  Gb  can_bus.o [1]
can_bus_send_start_cmd  0x08011f4b    0x1e  Code  Gb  can_bus.o [1]
can_bus_send_write_user_paras
                        0x08011ecb    0x40  Code  Gb  can_bus.o [1]
can_recv_buff           0x2000d3e0   0x12c  Data  Gb  can_bus.o [1]
can_recv_len            0x2000dc82     0x2  Data  Gb  can_bus.o [1]
can_send_buff           0x2000d2b4   0x12c  Data  Gb  can_bus.o [1]
can_send_frame_process  0x0801205b    0x46  Code  Gb  can_bus.o [1]
can_send_len            0x2000dc80     0x2  Data  Gb  can_bus.o [1]
comm_busy_flag          0x2000dca3     0x1  Data  Gb  logic_ctrl.o [1]
comm_node               0x2000dbf4     0xc  Data  Gb  logic_ctrl.o [1]
comm_recv_rw_comand     0x080180d1   0x35c  Code  Gb  modbus_rtu.o [1]
comm_send_rw_comand     0x08017cd3   0x3fe  Code  Gb  modbus_rtu.o [1]
creat_udp_connect_process
                        0x08019e49    0x92  Code  Gb  udpclient.o [1]
current_header          0x2000dc14     0x4  Data  Lc  ip.o [1]
current_netif           0x2000dc10     0x4  Data  Lc  ip.o [1]
delay                   0x0801225d    0x1c  Code  Lc  stm32f10x_flash.o [1]
enQueue                 0x08012829    0x32  Code  Gb  fun.o [1]
etharp_arp_input        0x080174a3   0x156  Code  Gb  etharp.o [1]
etharp_cached_entry     0x2000dca2     0x1  Data  Lc  etharp.o [1]
etharp_ip_input         0x0801747d    0x26  Code  Gb  etharp.o [1]
etharp_output           0x080175f9    0xc0  Code  Gb  etharp.o [1]
etharp_query            0x080176b9   0x1ac  Code  Gb  etharp.o [1]
etharp_raw              0x0801786d    0xf0  Code  Lc  etharp.o [1]
etharp_request          0x0801795d    0x28  Code  Gb  etharp.o [1]
etharp_send_ip          0x08017339    0x40  Code  Lc  etharp.o [1]
etharp_tmr              0x08017005    0xba  Code  Gb  etharp.o [1]
ethbroadcast            0x080179e8     0x8  Data  Gb  etharp.o [1]
ethernet_input          0x08017985    0x62  Code  Gb  etharp.o [1]
ethernetif_init         0x0801a807    0x3c  Code  Gb  ethernetif.o [1]
ethernetif_input        0x0801a7d3    0x34  Code  Gb  ethernetif.o [1]
ethzero                 0x080179f0     0x8  Data  Gb  etharp.o [1]
exit                    0x0801aa6f     0x8  Code  Gb  exit.o [3]
find_entry              0x080170bf   0x27a  Code  Lc  etharp.o [1]
flags                   0x2000dcb5     0x1  Data  Lc  tcp_in.o [1]
free_etharp_q           0x08016fdd    0x28  Code  Lc  etharp.o [1]
freq_check_cnt          0x2000dc9c     0x2  Data  Gb  modbus_rtu.o [1]
g_SegBytes              0x2000dc84     0x2  Data  Gb  can_bus.o [1]
g_SegNum                0x2000dca1     0x1  Data  Gb  can_bus.o [1]
g_SegPolo               0x2000dca0     0x1  Data  Gb  can_bus.o [1]
g_block_disable_flag    0x2000dca8     0x1  Data  Gb  logic_ctrl.o [1]
g_emergency_stop        0x2000dcab     0x1  Data  Gb  logic_ctrl.o [1]
g_link_down_phototrig_status
                        0x2000dca9     0x1  Data  Gb  logic_ctrl.o [1]
g_link_down_stream_status
                        0x2000dca6     0x1  Data  Gb  logic_ctrl.o [1]
g_link_up_stream_status
                        0x2000dca5     0x1  Data  Gb  logic_ctrl.o [1]
g_speed_gear_status     0x2000dca7     0x1  Data  Gb  logic_ctrl.o [1]
g_speed_set_sta         0x2000dcb2     0x1  Data  Gb  modbus_rtu.o [1]
get_CRC                 0x08017aef    0x12  Code  Gb  modbus_rtu.o [1]
get_inverter_fault_status
                        0x08010f81    0x26  Code  Gb  logic_ctrl.o [1]
get_ip_para_process     0x0801a171    0x64  Code  Gb  udpclient.o [1]
get_photo_input_status  0x08010dd1    0xc0  Code  Gb  logic_ctrl.o [1]
half_sec_flag           0x2000dc8e     0x2  Data  Gb  main.o [1]
half_sec_reg            0x2000001a     0x2  Data  Gb  main.o [1]
heart_dely              0x2000dcac     0x1  Data  Gb  main.o [1]
htonl                   0x080141bf    0x18  Code  Gb  inet.o [1]
htons                   0x080141a9     0xc  Code  Gb  inet.o [1]
icmp_dest_unreach       0x08016f53     0xe  Code  Gb  icmp.o [1]
icmp_input              0x08016de5   0x16e  Code  Gb  icmp.o [1]
icmp_send_response      0x08016f6f    0x6e  Code  Lc  icmp.o [1]
icmp_time_exceeded      0x08016f61     0xe  Code  Gb  icmp.o [1]
inet_chksum             0x08017a43     0xe  Code  Gb  inet_chksum.o [1]
inet_chksum_pbuf        0x08017a51    0x54  Code  Gb  inet_chksum.o [1]
initQueue               0x08012819    0x10  Code  Gb  fun.o [1]
inseg                   0x2000db38    0x14  Data  Lc  tcp_in.o [1]
inverter_status_buffer  0x2000d954    0x64  Data  Gb  logic_ctrl.o [1]
ip_addr_any             0x080147a4     0x4  Data  Gb  ip_addr.o [1]
ip_addr_isbroadcast     0x08014755    0x50  Code  Gb  ip_addr.o [1]
ip_frag                 0x080167f7   0x16a  Code  Gb  ip_frag.o [1]
ip_input                0x08015ed5   0x19e  Code  Gb  ip.o [1]
ip_output               0x080161b5    0x3c  Code  Gb  ip.o [1]
ip_output_if            0x08016073   0x12c  Code  Gb  ip.o [1]
ip_reass                0x08016651   0x1a6  Code  Gb  ip_frag.o [1]
ip_reass_chain_frag_into_datagram_and_validate
                        0x08016517   0x13a  Code  Lc  ip_frag.o [1]
ip_reass_dequeue_datagram
                        0x080164f1    0x26  Code  Lc  ip_frag.o [1]
ip_reass_enqueue_new_datagram
                        0x08016497    0x5a  Code  Lc  ip_frag.o [1]
ip_reass_free_complete_datagram
                        0x08016399    0x86  Code  Lc  ip_frag.o [1]
ip_reass_pbufcount      0x2000dc88     0x2  Data  Lc  ip_frag.o [1]
ip_reass_remove_oldest_datagram
                        0x0801641f    0x78  Code  Lc  ip_frag.o [1]
ip_route                0x08015e89    0x4c  Code  Gb  ip.o [1]
iphdr                   0x2000dc68     0x4  Data  Lc  tcp_in.o [1]
isHost                  0x2000dcae     0x1  Data  Gb  main.o [1]
lfree                   0x2000dc28     0x4  Data  Lc  mem.o [1]
local_station           0x2000dcad     0x1  Data  Gb  main.o [1]
logic_cycle_decrease    0x08010253    0x96  Code  Gb  logic_ctrl.o [1]
logic_getDownStreamPhotoTrigStatus
                        0x08010e95    0xd6  Code  Gb  logic_ctrl.o [1]
logic_uarttmp_init      0x080101e5    0x22  Code  Gb  logic_ctrl.o [1]
logic_upload_lastRunStatus
                        0x2000db10    0x14  Data  Gb  logic_ctrl.o [1]
logic_upload_stopStatus
                        0x2000dafc    0x14  Data  Gb  logic_ctrl.o [1]
logic_upstream_io_allow_output
                        0x080115bd    0x28  Code  Gb  logic_ctrl.o [1]
low_level_init          0x0801a6c1    0x8c  Code  Lc  ethernetif.o [1]
low_level_input         0x0801a77b    0x58  Code  Lc  ethernetif.o [1]
low_level_output        0x0801a74d    0x2e  Code  Lc  ethernetif.o [1]
lwip_standard_chksum    0x080179f9    0x4a  Code  Lc  inet_chksum.o [1]
mac_addr                0x2000dc08     0x8  Data  Gb  main.o [1]
main                    0x080192bf    0x8a  Code  Gb  main.o [1]
main_msone_process      0x08019635    0x64  Code  Gb  main.o [1]
main_upload_run_state   0x08019481   0x1b4  Code  Gb  main.o [1]
mem_free                0x08015bf5    0x4a  Code  Gb  mem.o [1]
mem_init                0x08015ba1    0x54  Code  Gb  mem.o [1]
mem_malloc              0x08015d41   0x11e  Code  Gb  mem.o [1]
mem_realloc             0x08015c3f   0x102  Code  Gb  mem.o [1]
mem_sem                 0x2000dcb0     0x1  Data  Lc  mem.o [1]
memcpy                  0x08012279     0xe  Code  Gb  tcp_out.o [1]
memp_free               0x08015073    0x24  Code  Gb  memp.o [1]
memp_init               0x08014fe5    0x5e  Code  Gb  memp.o [1]
memp_malloc             0x08015043    0x30  Code  Gb  memp.o [1]
memp_memory             0x20005034  0x468c  Data  Lc  memp.o [1]
memp_num                0x080150b4    0x14  Data  Lc  memp.o [1]
memp_sizes              0x080150a0    0x14  Data  Lc  memp.o [1]
memp_tab                0x2000dab8    0x24  Data  Lc  memp.o [1]
memset                  0x08015e75    0x14  Code  Gb  udp.o [1]
moduleStatusBuff        0x2000ba60   0x820  Data  Gb  logic_ctrl.o [1]
moduleStatusQueue       0x2000dbdc     0xc  Data  Gb  logic_ctrl.o [1]
module_status_recv_process
                        0x08011977   0x104  Code  Gb  can_bus.o [1]
modulestate_index       0x2000001e     0x2  Data  Gb  main.o [1]
modulestate_readcnt     0x2000dc92     0x2  Data  Gb  main.o [1]
msgQueueBuff            0x2000d88c    0xc8  Data  Gb  fun.o [1]
msgSendQueue            0x2000db58     0xc  Data  Gb  fun.o [1]
msone_flag              0x2000dcaf     0x1  Data  Gb  main.o [1]
netif                   0x2000da60    0x30  Data  Gb  netconf.o [1]
netif_add               0x08016259    0x52  Code  Gb  netif.o [1]
netif_default           0x2000dc38     0x4  Data  Gb  netif.o [1]
netif_is_up             0x0801638f     0xa  Code  Gb  netif.o [1]
netif_list              0x2000dc34     0x4  Data  Gb  netif.o [1]
netif_set_addr          0x080162ab    0x20  Code  Gb  netif.o [1]
netif_set_default       0x0801634d     0x6  Code  Gb  netif.o [1]
netif_set_gw            0x08016331     0xe  Code  Gb  netif.o [1]
netif_set_ipaddr        0x080162cb    0x66  Code  Gb  netif.o [1]
netif_set_netmask       0x0801633f     0xe  Code  Gb  netif.o [1]
netif_set_up            0x08016369    0x26  Code  Gb  netif.o [1]
ntohl                   0x080141d7     0x8  Code  Gb  inet.o [1]
ntohs                   0x080141b5     0xa  Code  Gb  inet.o [1]
outQueue                0x0801285b    0x26  Code  Gb  fun.o [1]
para_data_recv_process  0x08011905    0x72  Code  Gb  can_bus.o [1]
pbuf_alloc              0x080141df   0x1ac  Code  Gb  pbuf.o [1]
pbuf_cat                0x08014535    0x32  Code  Gb  pbuf.o [1]
pbuf_chain              0x08014567    0x12  Code  Gb  pbuf.o [1]
pbuf_clen               0x08014517    0x12  Code  Gb  pbuf.o [1]
pbuf_copy               0x08014579    0xbe  Code  Gb  pbuf.o [1]
pbuf_copy_partial       0x08014637    0x98  Code  Gb  pbuf.o [1]
pbuf_free               0x080144a1    0x76  Code  Gb  pbuf.o [1]
pbuf_header             0x0801440d    0x94  Code  Gb  pbuf.o [1]
pbuf_realloc            0x0801438b    0x82  Code  Gb  pbuf.o [1]
pbuf_ref                0x08014529     0xc  Code  Gb  pbuf.o [1]
pbuf_take               0x080146cf    0x86  Code  Gb  pbuf.o [1]
plug_holes              0x08015b11    0x90  Code  Lc  mem.o [1]
polling_num             0x2000dca4     0x1  Data  Gb  logic_ctrl.o [1]
ram                     0x2000dc20     0x4  Data  Lc  mem.o [1]
ram_end                 0x2000dc24     0x4  Data  Lc  mem.o [1]
ram_heap                0x20000020  0x5014  Data  Lc  mem.o [1]
raw_input               0x08016971    0x82  Code  Gb  raw.o [1]
raw_pcbs                0x2000dc3c     0x4  Data  Lc  raw.o [1]
read_mac_addrs          0x08019085    0x5c  Code  Gb  main.o [1]
read_user_paras         0x080114f9    0x8c  Code  Gb  logic_ctrl.o [1]
reassdatagrams          0x2000dc18     0x4  Data  Lc  ip_frag.o [1]
recv_data               0x2000dc74     0x4  Data  Lc  tcp_in.o [1]
recv_flags              0x2000dcb6     0x1  Data  Lc  tcp_in.o [1]
recv_message_from_server
                        0x08012a15    0x24  Code  Gb  fun.o [1]
recv_msg_check          0x080128ab    0x56  Code  Gb  fun.o [1]
recv_msg_process        0x08012901   0x114  Code  Gb  fun.o [1]
reset_start_flag        0x2000dcaa     0x1  Data  Gb  logic_ctrl.o [1]
reset_start_time_cnt    0x2000dc8a     0x2  Data  Gb  logic_ctrl.o [1]
scan_local_station      0x080190e1    0xd2  Code  Gb  main.o [1]
sec_flag                0x2000dc8c     0x2  Data  Gb  main.o [1]
sec_process             0x080191b3   0x10c  Code  Gb  main.o [1]
sec_reg                 0x20000018     0x2  Data  Gb  main.o [1]
send_message_to_server  0x08012bad    0x78  Code  Gb  fun.o [1]
send_msg_module_status_cmd
                        0x08012b25    0x88  Code  Gb  fun.o [1]
send_reply_read_para_cmd
                        0x08012a39    0x76  Code  Gb  fun.o [1]
send_reply_write_para_cmd
                        0x08012aaf    0x76  Code  Gb  fun.o [1]
seqno                   0x2000dc6c     0x4  Data  Lc  tcp_in.o [1]
stopspeed_default       0x2000db24    0x14  Data  Gb  modbus_rtu.o [1]
tcp_abandon             0x080148e7    0xb0  Code  Gb  tcp.o [1]
tcp_active_pcbs         0x2000dc58     0x4  Data  Gb  tcp.o [1]
tcp_alloc               0x08014de3    0xb6  Code  Gb  tcp.o [1]
tcp_backoff             0x08014fcc    0x10  Data  Gb  tcp.o [1]
tcp_bound_pcbs          0x2000dc50     0x4  Data  Gb  tcp.o [1]
tcp_client_list         0x2000cdec   0x270  Data  Gb  udpclient.o [1]
tcp_close               0x080147c7   0x120  Code  Gb  tcp.o [1]
tcp_eff_send_mss        0x08014fa5    0x28  Code  Gb  tcp.o [1]
tcp_enqueue             0x08015159   0x48e  Code  Gb  tcp_out.o [1]
tcp_fasttmr             0x08014c99    0x6e  Code  Gb  tcp.o [1]
tcp_input               0x08012e4d   0x4bc  Code  Gb  tcp_in.o [1]
tcp_input_pcb           0x2000dc78     0x4  Data  Gb  tcp_in.o [1]
tcp_keepalive           0x08015a6b    0x4a  Code  Gb  tcp_out.o [1]
tcp_kill_prio           0x08014d65    0x4a  Code  Lc  tcp.o [1]
tcp_kill_timewait       0x08014daf    0x34  Code  Lc  tcp.o [1]
tcp_listen_input        0x08013309   0x146  Code  Lc  tcp_in.o [1]
tcp_listen_pcbs         0x2000dc54     0x4  Data  Gb  tcp.o [1]
tcp_next_iss            0x08014f5f    0x14  Code  Gb  tcp.o [1]
tcp_output              0x080155e7   0x26c  Code  Gb  tcp_out.o [1]
tcp_output_segment      0x08015853    0xbe  Code  Lc  tcp_out.o [1]
tcp_output_set_header   0x080150c9    0x76  Code  Lc  tcp_out.o [1]
tcp_parseopt            0x080140d5    0xae  Code  Lc  tcp_in.o [1]
tcp_pcb_purge           0x08014e99    0x3a  Code  Gb  tcp.o [1]
tcp_pcb_remove          0x08014ed3    0x8c  Code  Gb  tcp.o [1]
tcp_persist_backoff     0x08014fdc     0x8  Data  Gb  tcp.o [1]
tcp_process             0x0801349d   0x550  Code  Lc  tcp_in.o [1]
tcp_receive             0x08013a21   0x6ae  Code  Lc  tcp_in.o [1]
tcp_recv_null           0x08014d47    0x1e  Code  Lc  tcp.o [1]
tcp_rexmit              0x08015a17    0x54  Code  Gb  tcp_out.o [1]
tcp_rexmit_rto          0x080159e3    0x34  Code  Gb  tcp_out.o [1]
tcp_rst                 0x0801591d    0xc6  Code  Gb  tcp_out.o [1]
tcp_seg_free            0x08014d21    0x26  Code  Gb  tcp.o [1]
tcp_segs_free           0x08014d07    0x1a  Code  Gb  tcp.o [1]
tcp_send_ctrl           0x0801513f    0x1a  Code  Gb  tcp_out.o [1]
tcp_slowtmr             0x080149cf   0x2ca  Code  Gb  tcp.o [1]
tcp_ticks               0x2000dc4c     0x4  Data  Gb  tcp.o [1]
tcp_timer               0x2000dcb4     0x1  Data  Lc  tcp.o [1]
tcp_timewait_input      0x0801344f    0x4e  Code  Lc  tcp_in.o [1]
tcp_tmp_pcb             0x2000dc60     0x4  Data  Gb  tcp.o [1]
tcp_tmr                 0x080147a9    0x1e  Code  Gb  tcp.o [1]
tcp_tw_pcbs             0x2000dc5c     0x4  Data  Gb  tcp.o [1]
tcp_update_rcv_ann_wnd  0x08014997    0x38  Code  Gb  tcp.o [1]
tcp_zero_window_probe   0x08015ab5    0x5a  Code  Gb  tcp_out.o [1]
tcphdr                  0x2000dc64     0x4  Data  Lc  tcp_in.o [1]
tcplen                  0x2000dc9e     0x2  Data  Lc  tcp_in.o [1]
uart1_commu_state       0x2000dcb1     0x1  Data  Gb  modbus_rtu.o [1]
uart1_recv_buff         0x2000da2c    0x34  Data  Gb  modbus_rtu.o [1]
uart1_recv_count        0x2000dc98     0x2  Data  Gb  modbus_rtu.o [1]
uart1_send              0x08017b57    0x70  Code  Gb  modbus_rtu.o [1]
uart1_send_buff         0x2000d9f8    0x34  Data  Gb  modbus_rtu.o [1]
uart1_send_count        0x2000dc96     0x2  Data  Gb  modbus_rtu.o [1]
uart1_tmr               0x2000dc9a     0x2  Data  Gb  modbus_rtu.o [1]
uartSendQueue           0x2000dbe8     0xc  Data  Gb  logic_ctrl.o [1]
uartSendQueueBuff       0x2000d05c   0x258  Data  Gb  logic_ctrl.o [1]
uart_recv_timeout       0x08017b01    0x56  Code  Gb  modbus_rtu.o [1]
uarttmpQueueBuff        0x2000c860   0x2d0  Data  Gb  logic_ctrl.o [1]
udp_bind                0x08016ce9    0x78  Code  Gb  udp.o [1]
udp_client_process      0x0801a10d    0x64  Code  Gb  udpclient.o [1]
udp_connect             0x08016d61    0x5a  Code  Gb  udp.o [1]
udp_echoclient_connect  0x08019edb    0xe4  Code  Gb  udpclient.o [1]
udp_input               0x080169f9   0x1c6  Code  Gb  udp.o [1]
udp_new                 0x08016dc5    0x20  Code  Gb  udp.o [1]
udp_pcbs                0x2000dc7c     0x4  Data  Gb  udp.o [1]
udp_receive_callback    0x08019fbf    0xe8  Code  Gb  udpclient.o [1]
udp_recv                0x08016dbb     0x6  Code  Gb  udp.o [1]
udp_send                0x08016bbf     0xc  Code  Gb  udp.o [1]
udp_send_process        0x0801a0a7    0x66  Code  Gb  udpclient.o [1]
udp_sendto              0x08016bcb    0x2c  Code  Gb  udp.o [1]
udp_sendto_if           0x08016bf7    0xf2  Code  Gb  udp.o [1]
update_arp_entry        0x08017379   0x104  Code  Lc  etharp.o [1]
upload_55ms             0x2000dc94     0x2  Data  Gb  main.o [1]
upload_runcnt           0x2000dc90     0x2  Data  Gb  main.o [1]
upload_time_delay       0x2000001c     0x2  Data  Gb  main.o [1]
user_paras_local        0x2000d50c    0xe8  Data  Gb  logic_ctrl.o [1]
user_paras_slave        0x2000d5f4    0xe8  Data  Gb  logic_ctrl.o [1]
user_paras_temp         0x2000d6dc    0xe8  Data  Gb  logic_ctrl.o [1]
write_user_paras        0x08011585    0x32  Code  Gb  logic_ctrl.o [1]


[1] = G:\iot\iotitem_v1\EXP_IOT_CTRL_PROJECT\Project\EWARMv5_IAP\STM3210C-EVAL\Obj
[2] = command line
[3] = dl7M_tlf.a
[4] = rt7M_tl.a
[5] = shb_l.a

  43 928 bytes of readonly  code memory
      68 bytes of readonly  data memory
  60 599 bytes of readwrite data memory

Errors: none
Warnings: none
