###############################################################################
#                                                                             #
# IAR ELF Linker V6.10.1.52143/W32 for ARM              27/Aug/2023  14:32:02 #
# Copyright 2007-2010 IAR Systems AB.                                         #
#                                                                             #
#    Output file  =  E:\iotitem_vs\IOT_CTRL_PROJECT_1_2_V1.8_20230826\Project #
#                    \EWARMv5_IAP\STM3210C-EVAL\Exe\STM3210C-EVAL.out         #
#    Map file     =  E:\iotitem_vs\IOT_CTRL_PROJECT_1_2_V1.8_20230826\Project #
#                    \EWARMv5_IAP\STM3210C-EVAL\List\STM3210C-EVAL.map        #
#    Command line =  E:\iotitem_vs\IOT_CTRL_PROJECT_1_2_V1.8_20230826\Project #
#                    \EWARMv5_IAP\STM3210C-EVAL\Obj\api_lib.o                 #
#                    E:\iotitem_vs\IOT_CTRL_PROJECT_1_2_V1.8_20230826\Project #
#                    \EWARMv5_IAP\STM3210C-EVAL\Obj\api_msg.o                 #
#                    E:\iotitem_vs\IOT_CTRL_PROJECT_1_2_V1.8_20230826\Project #
#                    \EWARMv5_IAP\STM3210C-EVAL\Obj\autoip.o                  #
#                    E:\iotitem_vs\IOT_CTRL_PROJECT_1_2_V1.8_20230826\Project #
#                    \EWARMv5_IAP\STM3210C-EVAL\Obj\can_bus.o                 #
#                    E:\iotitem_vs\IOT_CTRL_PROJECT_1_2_V1.8_20230826\Project #
#                    \EWARMv5_IAP\STM3210C-EVAL\Obj\core_cm3.o                #
#                    E:\iotitem_vs\IOT_CTRL_PROJECT_1_2_V1.8_20230826\Project #
#                    \EWARMv5_IAP\STM3210C-EVAL\Obj\dhcp.o                    #
#                    E:\iotitem_vs\IOT_CTRL_PROJECT_1_2_V1.8_20230826\Project #
#                    \EWARMv5_IAP\STM3210C-EVAL\Obj\err.o                     #
#                    E:\iotitem_vs\IOT_CTRL_PROJECT_1_2_V1.8_20230826\Project #
#                    \EWARMv5_IAP\STM3210C-EVAL\Obj\etharp.o                  #
#                    E:\iotitem_vs\IOT_CTRL_PROJECT_1_2_V1.8_20230826\Project #
#                    \EWARMv5_IAP\STM3210C-EVAL\Obj\ethernetif.o              #
#                    E:\iotitem_vs\IOT_CTRL_PROJECT_1_2_V1.8_20230826\Project #
#                    \EWARMv5_IAP\STM3210C-EVAL\Obj\fun.o                     #
#                    E:\iotitem_vs\IOT_CTRL_PROJECT_1_2_V1.8_20230826\Project #
#                    \EWARMv5_IAP\STM3210C-EVAL\Obj\icmp.o                    #
#                    E:\iotitem_vs\IOT_CTRL_PROJECT_1_2_V1.8_20230826\Project #
#                    \EWARMv5_IAP\STM3210C-EVAL\Obj\igmp.o                    #
#                    E:\iotitem_vs\IOT_CTRL_PROJECT_1_2_V1.8_20230826\Project #
#                    \EWARMv5_IAP\STM3210C-EVAL\Obj\inet.o                    #
#                    E:\iotitem_vs\IOT_CTRL_PROJECT_1_2_V1.8_20230826\Project #
#                    \EWARMv5_IAP\STM3210C-EVAL\Obj\inet_chksum.o             #
#                    E:\iotitem_vs\IOT_CTRL_PROJECT_1_2_V1.8_20230826\Project #
#                    \EWARMv5_IAP\STM3210C-EVAL\Obj\init.o                    #
#                    E:\iotitem_vs\IOT_CTRL_PROJECT_1_2_V1.8_20230826\Project #
#                    \EWARMv5_IAP\STM3210C-EVAL\Obj\ip.o                      #
#                    E:\iotitem_vs\IOT_CTRL_PROJECT_1_2_V1.8_20230826\Project #
#                    \EWARMv5_IAP\STM3210C-EVAL\Obj\ip_addr.o                 #
#                    E:\iotitem_vs\IOT_CTRL_PROJECT_1_2_V1.8_20230826\Project #
#                    \EWARMv5_IAP\STM3210C-EVAL\Obj\ip_frag.o                 #
#                    E:\iotitem_vs\IOT_CTRL_PROJECT_1_2_V1.8_20230826\Project #
#                    \EWARMv5_IAP\STM3210C-EVAL\Obj\logic_ctrl.o              #
#                    E:\iotitem_vs\IOT_CTRL_PROJECT_1_2_V1.8_20230826\Project #
#                    \EWARMv5_IAP\STM3210C-EVAL\Obj\main.o                    #
#                    E:\iotitem_vs\IOT_CTRL_PROJECT_1_2_V1.8_20230826\Project #
#                    \EWARMv5_IAP\STM3210C-EVAL\Obj\mem.o                     #
#                    E:\iotitem_vs\IOT_CTRL_PROJECT_1_2_V1.8_20230826\Project #
#                    \EWARMv5_IAP\STM3210C-EVAL\Obj\memp.o                    #
#                    E:\iotitem_vs\IOT_CTRL_PROJECT_1_2_V1.8_20230826\Project #
#                    \EWARMv5_IAP\STM3210C-EVAL\Obj\misc.o                    #
#                    E:\iotitem_vs\IOT_CTRL_PROJECT_1_2_V1.8_20230826\Project #
#                    \EWARMv5_IAP\STM3210C-EVAL\Obj\modbus_rtu.o              #
#                    E:\iotitem_vs\IOT_CTRL_PROJECT_1_2_V1.8_20230826\Project #
#                    \EWARMv5_IAP\STM3210C-EVAL\Obj\netbuf.o                  #
#                    E:\iotitem_vs\IOT_CTRL_PROJECT_1_2_V1.8_20230826\Project #
#                    \EWARMv5_IAP\STM3210C-EVAL\Obj\netconf.o                 #
#                    E:\iotitem_vs\IOT_CTRL_PROJECT_1_2_V1.8_20230826\Project #
#                    \EWARMv5_IAP\STM3210C-EVAL\Obj\netdb.o                   #
#                    E:\iotitem_vs\IOT_CTRL_PROJECT_1_2_V1.8_20230826\Project #
#                    \EWARMv5_IAP\STM3210C-EVAL\Obj\netif.o                   #
#                    E:\iotitem_vs\IOT_CTRL_PROJECT_1_2_V1.8_20230826\Project #
#                    \EWARMv5_IAP\STM3210C-EVAL\Obj\netifapi.o                #
#                    E:\iotitem_vs\IOT_CTRL_PROJECT_1_2_V1.8_20230826\Project #
#                    \EWARMv5_IAP\STM3210C-EVAL\Obj\pbuf.o                    #
#                    E:\iotitem_vs\IOT_CTRL_PROJECT_1_2_V1.8_20230826\Project #
#                    \EWARMv5_IAP\STM3210C-EVAL\Obj\raw.o                     #
#                    E:\iotitem_vs\IOT_CTRL_PROJECT_1_2_V1.8_20230826\Project #
#                    \EWARMv5_IAP\STM3210C-EVAL\Obj\startup_stm32f10x_cl.o    #
#                    E:\iotitem_vs\IOT_CTRL_PROJECT_1_2_V1.8_20230826\Project #
#                    \EWARMv5_IAP\STM3210C-EVAL\Obj\stats.o                   #
#                    E:\iotitem_vs\IOT_CTRL_PROJECT_1_2_V1.8_20230826\Project #
#                    \EWARMv5_IAP\STM3210C-EVAL\Obj\stm32_eth.o               #
#                    E:\iotitem_vs\IOT_CTRL_PROJECT_1_2_V1.8_20230826\Project #
#                    \EWARMv5_IAP\STM3210C-EVAL\Obj\stm32f107.o               #
#                    E:\iotitem_vs\IOT_CTRL_PROJECT_1_2_V1.8_20230826\Project #
#                    \EWARMv5_IAP\STM3210C-EVAL\Obj\stm32f10x_adc.o           #
#                    E:\iotitem_vs\IOT_CTRL_PROJECT_1_2_V1.8_20230826\Project #
#                    \EWARMv5_IAP\STM3210C-EVAL\Obj\stm32f10x_bkp.o           #
#                    E:\iotitem_vs\IOT_CTRL_PROJECT_1_2_V1.8_20230826\Project #
#                    \EWARMv5_IAP\STM3210C-EVAL\Obj\stm32f10x_can.o           #
#                    E:\iotitem_vs\IOT_CTRL_PROJECT_1_2_V1.8_20230826\Project #
#                    \EWARMv5_IAP\STM3210C-EVAL\Obj\stm32f10x_dma.o           #
#                    E:\iotitem_vs\IOT_CTRL_PROJECT_1_2_V1.8_20230826\Project #
#                    \EWARMv5_IAP\STM3210C-EVAL\Obj\stm32f10x_exti.o          #
#                    E:\iotitem_vs\IOT_CTRL_PROJECT_1_2_V1.8_20230826\Project #
#                    \EWARMv5_IAP\STM3210C-EVAL\Obj\stm32f10x_flash.o         #
#                    E:\iotitem_vs\IOT_CTRL_PROJECT_1_2_V1.8_20230826\Project #
#                    \EWARMv5_IAP\STM3210C-EVAL\Obj\stm32f10x_gpio.o          #
#                    E:\iotitem_vs\IOT_CTRL_PROJECT_1_2_V1.8_20230826\Project #
#                    \EWARMv5_IAP\STM3210C-EVAL\Obj\stm32f10x_i2c.o           #
#                    E:\iotitem_vs\IOT_CTRL_PROJECT_1_2_V1.8_20230826\Project #
#                    \EWARMv5_IAP\STM3210C-EVAL\Obj\stm32f10x_it.o            #
#                    E:\iotitem_vs\IOT_CTRL_PROJECT_1_2_V1.8_20230826\Project #
#                    \EWARMv5_IAP\STM3210C-EVAL\Obj\stm32f10x_pwr.o           #
#                    E:\iotitem_vs\IOT_CTRL_PROJECT_1_2_V1.8_20230826\Project #
#                    \EWARMv5_IAP\STM3210C-EVAL\Obj\stm32f10x_rcc.o           #
#                    E:\iotitem_vs\IOT_CTRL_PROJECT_1_2_V1.8_20230826\Project #
#                    \EWARMv5_IAP\STM3210C-EVAL\Obj\stm32f10x_rtc.o           #
#                    E:\iotitem_vs\IOT_CTRL_PROJECT_1_2_V1.8_20230826\Project #
#                    \EWARMv5_IAP\STM3210C-EVAL\Obj\stm32f10x_spi.o           #
#                    E:\iotitem_vs\IOT_CTRL_PROJECT_1_2_V1.8_20230826\Project #
#                    \EWARMv5_IAP\STM3210C-EVAL\Obj\stm32f10x_tim.o           #
#                    E:\iotitem_vs\IOT_CTRL_PROJECT_1_2_V1.8_20230826\Project #
#                    \EWARMv5_IAP\STM3210C-EVAL\Obj\stm32f10x_usart.o         #
#                    E:\iotitem_vs\IOT_CTRL_PROJECT_1_2_V1.8_20230826\Project #
#                    \EWARMv5_IAP\STM3210C-EVAL\Obj\sys.o                     #
#                    E:\iotitem_vs\IOT_CTRL_PROJECT_1_2_V1.8_20230826\Project #
#                    \EWARMv5_IAP\STM3210C-EVAL\Obj\system_stm32f10x.o        #
#                    E:\iotitem_vs\IOT_CTRL_PROJECT_1_2_V1.8_20230826\Project #
#                    \EWARMv5_IAP\STM3210C-EVAL\Obj\tcp.o                     #
#                    E:\iotitem_vs\IOT_CTRL_PROJECT_1_2_V1.8_20230826\Project #
#                    \EWARMv5_IAP\STM3210C-EVAL\Obj\tcp_in.o                  #
#                    E:\iotitem_vs\IOT_CTRL_PROJECT_1_2_V1.8_20230826\Project #
#                    \EWARMv5_IAP\STM3210C-EVAL\Obj\tcp_out.o                 #
#                    E:\iotitem_vs\IOT_CTRL_PROJECT_1_2_V1.8_20230826\Project #
#                    \EWARMv5_IAP\STM3210C-EVAL\Obj\tcpip.o                   #
#                    E:\iotitem_vs\IOT_CTRL_PROJECT_1_2_V1.8_20230826\Project #
#                    \EWARMv5_IAP\STM3210C-EVAL\Obj\udp.o                     #
#                    E:\iotitem_vs\IOT_CTRL_PROJECT_1_2_V1.8_20230826\Project #
#                    \EWARMv5_IAP\STM3210C-EVAL\Obj\udpclient.o -o            #
#                    E:\iotitem_vs\IOT_CTRL_PROJECT_1_2_V1.8_20230826\Project #
#                    \EWARMv5_IAP\STM3210C-EVAL\Exe\STM3210C-EVAL.out --map   #
#                    E:\iotitem_vs\IOT_CTRL_PROJECT_1_2_V1.8_20230826\Project #
#                    \EWARMv5_IAP\STM3210C-EVAL\List\STM3210C-EVAL.map        #
#                    --config E:\iotitem_vs\IOT_CTRL_PROJECT_1_2_V1.8_2023082 #
#                    6\Project\EWARMv5_IAP\STM32F10x_FLASH.icf --semihosting  #
#                    --entry __iar_program_start                              #
#                                                                             #
#                                                                             #
###############################################################################

*******************************************************************************
*** RUNTIME MODEL ATTRIBUTES
***

CppFlavor       = *
__SystemLibrary = DLib


*******************************************************************************
*** PLACEMENT SUMMARY
***

"A1":  place at 0x08010000 { ro section .intvec };
"P1":  place in [from 0x08010000 to 0x0803ffff] { ro };
"P2":  place in [from 0x20000000 to 0x2000ffff] { rw, block CSTACK, block HEAP };

  Section            Kind        Address    Size  Object
  -------            ----        -------    ----  ------
"A1":                                      0x150
  .intvec            ro code  0x08010000   0x150  startup_stm32f10x_cl.o [1]
                            - 0x08010150   0x150

"P1":                                     0xa754
  .text              ro code  0x08010150  0x135c  tcp_in.o [1]
  .text              ro code  0x080114ac    0x36  inet.o [1]
  .text              ro code  0x080114e2   0x576  pbuf.o [1]
  .text              ro code  0x08011a58    0x54  ip_addr.o [1]
  .text              ro code  0x08011aac   0x83c  tcp.o [1]
  .text              ro code  0x080122e8    0xe4  memp.o [1]
  .text              ro code  0x080123cc   0xa46  tcp_out.o [1]
  .text              ro code  0x08012e12    0x2e  copy_init3.o [4]
  .text              ro code  0x08012e40   0x364  mem.o [1]
  .text              ro code  0x080131a4     0xe  tcp_out.o [1]
  .text              ro code  0x080131b2    0x14  udp.o [1]
  .text              ro code  0x080131c6    0x22  zero_init3.o [4]
  .text              ro code  0x080131e8   0x368  ip.o [1]
  .text              ro code  0x08013550    0x70  ABImemcpy.o [4]
  .text              ro code  0x080135c0    0x66  ABImemset.o [4]
  .text              ro code  0x08013628   0x140  netif.o [1]
  .text              ro code  0x08013768   0x5d8  ip_frag.o [1]
  .text              ro code  0x08013d40    0x88  raw.o [1]
  .text              ro code  0x08013dc8   0x3ec  udp.o [1]
  .text              ro code  0x080141b4   0x1f8  icmp.o [1]
  .text              ro code  0x080143ac   0xa1c  etharp.o [1]
  .text              ro code  0x08014dc8    0xac  inet_chksum.o [1]
  .text              ro code  0x08014e74  0x1308  logic_ctrl.o [1]
  .text              ro code  0x0801617c   0x198  stm32f10x_gpio.o [1]
  .text              ro code  0x08016314   0x7a8  can_bus.o [1]
  .text              ro code  0x08016abc   0x174  stm32f10x_flash.o [1]
  .text              ro code  0x08016c30   0x526  stm32f10x_can.o [1]
  .text              ro code  0x08017158   0x430  fun.o [1]
  .text              ro code  0x08017588   0x1e8  stm32f10x_rcc.o [1]
  .text              ro code  0x08017770   0xc84  modbus_rtu.o [1]
  .text              ro code  0x080183f4   0x1a2  stm32f10x_usart.o [1]
  .text              ro code  0x08018598   0x716  stm32_eth.o [1]
  .text              ro code  0x08018cb0   0x710  main.o [1]
  .text              ro code  0x080193c0   0x64a  stm32f107.o [1]
  .text              ro code  0x08019a0c    0xe4  netconf.o [1]
  .text              ro code  0x08019af0   0x39c  udpclient.o [1]
  .text              ro code  0x08019e8c   0x26e  stm32f10x_tim.o [1]
  .text              ro code  0x0801a0fc   0x198  system_stm32f10x.o [1]
  .text              ro code  0x0801a294     0xc  stm32f10x_pwr.o [1]
  .text              ro code  0x0801a2a0    0x98  misc.o [1]
  .text              ro code  0x0801a338   0x2d0  ethernetif.o [1]
  .text              ro code  0x0801a608    0xc4  stm32f10x_it.o [1]
  .text              ro code  0x0801a6cc    0x2c  data_init3.o [4]
  .iar.init_table    const    0x0801a6f8    0x24  - Linker created -
  .text              ro code  0x0801a71c    0x16  cmain.o [4]
  .text              ro code  0x0801a732     0x4  low_level_init.o [3]
  .text              ro code  0x0801a736     0x8  exit.o [3]
  .text              ro code  0x0801a740     0xa  cexit.o [4]
  .text              ro code  0x0801a74c    0x14  exit.o [5]
  .text              ro code  0x0801a760     0xc  cstartup_M.o [4]
  .text              ro code  0x0801a76c     0x4  startup_stm32f10x_cl.o [1]
  .text              ro code  0x0801a770     0x4  startup_stm32f10x_cl.o [1]
  .text              ro code  0x0801a774     0x4  startup_stm32f10x_cl.o [1]
  .text              ro code  0x0801a778     0x4  startup_stm32f10x_cl.o [1]
  .text              ro code  0x0801a77c     0x4  startup_stm32f10x_cl.o [1]
  .text              ro code  0x0801a780     0x4  startup_stm32f10x_cl.o [1]
  .text              ro code  0x0801a784     0x4  startup_stm32f10x_cl.o [1]
  .text              ro code  0x0801a788     0x4  startup_stm32f10x_cl.o [1]
  .text              ro code  0x0801a78c     0x4  startup_stm32f10x_cl.o [1]
  .text              ro code  0x0801a790     0x4  startup_stm32f10x_cl.o [1]
  .text              ro code  0x0801a794     0x4  startup_stm32f10x_cl.o [1]
  .text              ro code  0x0801a798     0x4  startup_stm32f10x_cl.o [1]
  .text              ro code  0x0801a79c     0x4  startup_stm32f10x_cl.o [1]
  .text              ro code  0x0801a7a0     0x4  startup_stm32f10x_cl.o [1]
  .text              ro code  0x0801a7a4     0x4  startup_stm32f10x_cl.o [1]
  .text              ro code  0x0801a7a8     0x4  startup_stm32f10x_cl.o [1]
  .text              ro code  0x0801a7ac     0x4  startup_stm32f10x_cl.o [1]
  .text              ro code  0x0801a7b0     0x4  startup_stm32f10x_cl.o [1]
  .text              ro code  0x0801a7b4     0x4  startup_stm32f10x_cl.o [1]
  .text              ro code  0x0801a7b8     0x4  startup_stm32f10x_cl.o [1]
  .text              ro code  0x0801a7bc     0x4  startup_stm32f10x_cl.o [1]
  .text              ro code  0x0801a7c0     0x4  startup_stm32f10x_cl.o [1]
  .text              ro code  0x0801a7c4     0x4  startup_stm32f10x_cl.o [1]
  .text              ro code  0x0801a7c8     0x4  startup_stm32f10x_cl.o [1]
  .text              ro code  0x0801a7cc     0x4  startup_stm32f10x_cl.o [1]
  .text              ro code  0x0801a7d0     0x4  startup_stm32f10x_cl.o [1]
  .text              ro code  0x0801a7d4     0x4  startup_stm32f10x_cl.o [1]
  .text              ro code  0x0801a7d8     0x4  startup_stm32f10x_cl.o [1]
  .text              ro code  0x0801a7dc     0x4  startup_stm32f10x_cl.o [1]
  .text              ro code  0x0801a7e0     0x4  startup_stm32f10x_cl.o [1]
  .text              ro code  0x0801a7e4     0x4  startup_stm32f10x_cl.o [1]
  .text              ro code  0x0801a7e8     0x4  startup_stm32f10x_cl.o [1]
  .text              ro code  0x0801a7ec     0x4  startup_stm32f10x_cl.o [1]
  .text              ro code  0x0801a7f0     0x4  startup_stm32f10x_cl.o [1]
  .text              ro code  0x0801a7f4     0x4  startup_stm32f10x_cl.o [1]
  .text              ro code  0x0801a7f8     0x4  startup_stm32f10x_cl.o [1]
  .text              ro code  0x0801a7fc     0x4  startup_stm32f10x_cl.o [1]
  .text              ro code  0x0801a800     0x4  startup_stm32f10x_cl.o [1]
  .text              ro code  0x0801a804     0x4  startup_stm32f10x_cl.o [1]
  .text              ro code  0x0801a808     0x4  startup_stm32f10x_cl.o [1]
  .text              ro code  0x0801a80c     0x4  startup_stm32f10x_cl.o [1]
  .text              ro code  0x0801a810     0x4  startup_stm32f10x_cl.o [1]
  .text              ro code  0x0801a814     0x4  startup_stm32f10x_cl.o [1]
  .text              ro code  0x0801a818     0x4  startup_stm32f10x_cl.o [1]
  .text              ro code  0x0801a81c     0x4  startup_stm32f10x_cl.o [1]
  .text              ro code  0x0801a820     0x4  startup_stm32f10x_cl.o [1]
  .text              ro code  0x0801a824     0x4  startup_stm32f10x_cl.o [1]
  .text              ro code  0x0801a828     0x4  startup_stm32f10x_cl.o [1]
  .text              ro code  0x0801a82c     0x4  startup_stm32f10x_cl.o [1]
  .text              ro code  0x0801a830     0x4  startup_stm32f10x_cl.o [1]
  .text              ro code  0x0801a834     0x4  startup_stm32f10x_cl.o [1]
  .text              ro code  0x0801a838     0x4  startup_stm32f10x_cl.o [1]
  .text              ro code  0x0801a83c     0x4  startup_stm32f10x_cl.o [1]
  .text              ro code  0x0801a840     0x4  startup_stm32f10x_cl.o [1]
  .text              ro code  0x0801a844     0x4  startup_stm32f10x_cl.o [1]
  .text              ro code  0x0801a848     0x4  startup_stm32f10x_cl.o [1]
  .text              ro code  0x0801a84c     0x4  startup_stm32f10x_cl.o [1]
  .text              ro code  0x0801a850     0x4  startup_stm32f10x_cl.o [1]
  .text              ro code  0x0801a854     0x4  startup_stm32f10x_cl.o [1]
  .text              ro code  0x0801a858     0x4  startup_stm32f10x_cl.o [1]
  .text              ro code  0x0801a85c     0x4  startup_stm32f10x_cl.o [1]
  .text              ro code  0x0801a860     0x4  startup_stm32f10x_cl.o [1]
  .text              ro code  0x0801a864     0x4  startup_stm32f10x_cl.o [1]
  .text              ro code  0x0801a868     0x4  startup_stm32f10x_cl.o [1]
  .text              ro code  0x0801a86c     0x4  startup_stm32f10x_cl.o [1]
  .text              ro code  0x0801a870     0x4  startup_stm32f10x_cl.o [1]
  .text              ro code  0x0801a874     0x4  startup_stm32f10x_cl.o [1]
  .text              ro code  0x0801a878     0x4  startup_stm32f10x_cl.o [1]
  .text              ro code  0x0801a87c     0x4  startup_stm32f10x_cl.o [1]
  .text              ro code  0x0801a880     0x4  startup_stm32f10x_cl.o [1]
  Initializer bytes  ro data  0x0801a884    0x20  <for P2 s0>
                            - 0x0801a8a4  0xa754

"P2", part 1 of 3:                          0x20
  P2 s0                       0x20000000    0x20  <Init block>
    .data            inited   0x20000000    0x10  stm32f10x_rcc.o [1]
    .data            inited   0x20000010     0x4  stm32f10x_rcc.o [1]
    .data            inited   0x20000014     0x4  tcp.o [1]
    .data            inited   0x20000018     0x2  main.o [1]
    .data            inited   0x2000001a     0x2  main.o [1]
    .data            inited   0x2000001c     0x2  main.o [1]
    .data            inited   0x2000001e     0x2  main.o [1]
                            - 0x20000020    0x20

"P2", part 2 of 3:                        0xdb88
  .bss               zero     0x20000020  0x5014  mem.o [1]
  .bss               zero     0x20005034  0x468c  memp.o [1]
  .bss               zero     0x200096c0  0x17c0  ethernetif.o [1]
  .bss               zero     0x2000ae80   0xbe0  ethernetif.o [1]
  .bss               zero     0x2000ba60   0x820  logic_ctrl.o [1]
  .bss               zero     0x2000c280   0x5e0  ip_frag.o [1]
  .bss               zero     0x2000c860   0x2d0  logic_ctrl.o [1]
  .bss               zero     0x2000cb30   0x2bc  can_bus.o [1]
  .bss               zero     0x2000cdec   0x270  udpclient.o [1]
  .bss               zero     0x2000d05c   0x168  logic_ctrl.o [1]
  .bss               zero     0x2000d1c4   0x12c  can_bus.o [1]
  .bss               zero     0x2000d2f0   0x12c  can_bus.o [1]
  .bss               zero     0x2000d41c    0xe8  logic_ctrl.o [1]
  .bss               zero     0x2000d504    0xe8  logic_ctrl.o [1]
  .bss               zero     0x2000d5ec    0xe8  logic_ctrl.o [1]
  .bss               zero     0x2000d6d4    0xc8  etharp.o [1]
  .bss               zero     0x2000d79c    0xc8  fun.o [1]
  .bss               zero     0x2000d864    0x64  logic_ctrl.o [1]
  .bss               zero     0x2000d8c8    0x40  ethernetif.o [1]
  .bss               zero     0x2000d908    0x34  modbus_rtu.o [1]
  .bss               zero     0x2000d93c    0x34  modbus_rtu.o [1]
  .bss               zero     0x2000d970    0x30  netconf.o [1]
  .bss               zero     0x2000d9a0    0x28  logic_ctrl.o [1]
  .bss               zero     0x2000d9c8    0x24  memp.o [1]
  .bss               zero     0x2000d9ec    0x20  ethernetif.o [1]
  .bss               zero     0x2000da0c    0x14  modbus_rtu.o [1]
  .bss               zero     0x2000da20    0x14  tcp_in.o [1]
  .bss               zero     0x2000da34     0xc  can_bus.o [1]
  .bss               zero     0x2000da40     0xc  fun.o [1]
  .bss               zero     0x2000da4c     0xc  logic_ctrl.o [1]
  .bss               zero     0x2000da58     0xc  logic_ctrl.o [1]
  .bss               zero     0x2000da64     0xc  logic_ctrl.o [1]
  .bss               zero     0x2000da70     0xc  logic_ctrl.o [1]
  .bss               zero     0x2000da7c     0xc  logic_ctrl.o [1]
  .bss               zero     0x2000da88     0xc  logic_ctrl.o [1]
  .bss               zero     0x2000da94     0xc  logic_ctrl.o [1]
  .bss               zero     0x2000daa0     0xc  logic_ctrl.o [1]
  .bss               zero     0x2000daac     0xc  logic_ctrl.o [1]
  .bss               zero     0x2000dab8     0xc  logic_ctrl.o [1]
  .bss               zero     0x2000dac4     0xc  logic_ctrl.o [1]
  .bss               zero     0x2000dad0     0xc  logic_ctrl.o [1]
  .bss               zero     0x2000dadc     0xc  logic_ctrl.o [1]
  .bss               zero     0x2000dae8     0x8  ethernetif.o [1]
  .bss               zero     0x2000daf0     0x8  main.o [1]
  .bss               zero     0x2000daf8     0x4  ip.o [1]
  .bss               zero     0x2000dafc     0x4  ip.o [1]
  .bss               zero     0x2000db00     0x4  ip_frag.o [1]
  .bss               zero     0x2000db04     0x4  main.o [1]
  .bss               zero     0x2000db08     0x4  mem.o [1]
  .bss               zero     0x2000db0c     0x4  mem.o [1]
  .bss               zero     0x2000db10     0x4  mem.o [1]
  .bss               zero     0x2000db14     0x4  netconf.o [1]
  .bss               zero     0x2000db18     0x4  netconf.o [1]
  .bss               zero     0x2000db1c     0x4  netif.o [1]
  .bss               zero     0x2000db20     0x4  netif.o [1]
  .bss               zero     0x2000db24     0x4  raw.o [1]
  .bss               zero     0x2000db28     0x4  stm32_eth.o [1]
  .bss               zero     0x2000db2c     0x4  stm32_eth.o [1]
  .bss               zero     0x2000db30     0x4  stm32f107.o [1]
  .bss               zero     0x2000db34     0x4  tcp.o [1]
  .bss               zero     0x2000db38     0x4  tcp.o [1]
  .bss               zero     0x2000db3c     0x4  tcp.o [1]
  .bss               zero     0x2000db40     0x4  tcp.o [1]
  .bss               zero     0x2000db44     0x4  tcp.o [1]
  .bss               zero     0x2000db48     0x4  tcp.o [1]
  .bss               zero     0x2000db4c     0x4  tcp_in.o [1]
  .bss               zero     0x2000db50     0x4  tcp_in.o [1]
  .bss               zero     0x2000db54     0x4  tcp_in.o [1]
  .bss               zero     0x2000db58     0x4  tcp_in.o [1]
  .bss               zero     0x2000db5c     0x4  tcp_in.o [1]
  .bss               zero     0x2000db60     0x4  tcp_in.o [1]
  .bss               zero     0x2000db64     0x4  udp.o [1]
  .bss               zero     0x2000db68     0x2  can_bus.o [1]
  .bss               zero     0x2000db6a     0x2  can_bus.o [1]
  .bss               zero     0x2000db6c     0x2  can_bus.o [1]
  .bss               zero     0x2000db6e     0x2  ip.o [1]
  .bss               zero     0x2000db70     0x2  ip_frag.o [1]
  .bss               zero     0x2000db72     0x2  logic_ctrl.o [1]
  .bss               zero     0x2000db74     0x2  main.o [1]
  .bss               zero     0x2000db76     0x2  main.o [1]
  .bss               zero     0x2000db78     0x2  main.o [1]
  .bss               zero     0x2000db7a     0x2  main.o [1]
  .bss               zero     0x2000db7c     0x2  main.o [1]
  .bss               zero     0x2000db7e     0x2  main.o [1]
  .bss               zero     0x2000db80     0x2  main.o [1]
  .bss               zero     0x2000db82     0x2  main.o [1]
  .bss               zero     0x2000db84     0x2  main.o [1]
  .bss               zero     0x2000db86     0x2  modbus_rtu.o [1]
  .bss               zero     0x2000db88     0x2  modbus_rtu.o [1]
  .bss               zero     0x2000db8a     0x2  modbus_rtu.o [1]
  .bss               zero     0x2000db8c     0x2  modbus_rtu.o [1]
  .bss               zero     0x2000db8e     0x2  tcp_in.o [1]
  .bss               zero     0x2000db90     0x1  can_bus.o [1]
  .bss               zero     0x2000db91     0x1  can_bus.o [1]
  .bss               zero     0x2000db92     0x1  etharp.o [1]
  .bss               zero     0x2000db93     0x1  logic_ctrl.o [1]
  .bss               zero     0x2000db94     0x1  logic_ctrl.o [1]
  .bss               zero     0x2000db95     0x1  logic_ctrl.o [1]
  .bss               zero     0x2000db96     0x1  logic_ctrl.o [1]
  .bss               zero     0x2000db97     0x1  logic_ctrl.o [1]
  .bss               zero     0x2000db98     0x1  logic_ctrl.o [1]
  .bss               zero     0x2000db99     0x1  logic_ctrl.o [1]
  .bss               zero     0x2000db9a     0x1  main.o [1]
  .bss               zero     0x2000db9b     0x1  main.o [1]
  .bss               zero     0x2000db9c     0x1  main.o [1]
  .bss               zero     0x2000db9d     0x1  main.o [1]
  .bss               zero     0x2000db9e     0x1  mem.o [1]
  .bss               zero     0x2000db9f     0x1  modbus_rtu.o [1]
  .bss               zero     0x2000dba0     0x1  modbus_rtu.o [1]
  .bss               zero     0x2000dba1     0x1  netif.o [1]
  .bss               zero     0x2000dba2     0x1  tcp.o [1]
  .bss               zero     0x2000dba3     0x1  tcp_in.o [1]
  .bss               zero     0x2000dba4     0x1  tcp_in.o [1]
                            - 0x2000dba5  0xdb85

"P2", part 3 of 3:                        0x1000
  CSTACK                      0x2000dba8  0x1000  <Block>
    CSTACK           uninit   0x2000dba8  0x1000  <Block tail>
                            - 0x2000eba8  0x1000


*******************************************************************************
*** INIT TABLE
***

          Address     Size
          -------     ----
Zero (__iar_zero_init3)
    1 destination range, total size 0xdb85:
          0x20000020  0xdb85

Copy (__iar_copy_init3)
    1 source range, total size 0x20:
          0x0801a884    0x20
    1 destination range, total size 0x20:
          0x20000000    0x20


*******************************************************************************
*** MODULE SUMMARY
***

    Module                  ro code  ro data  rw data
    ------                  -------  -------  -------
E:\iotitem_vs\IOT_CTRL_PROJECT_1_2_V1.8_20230826\Project\EWARMv5_IAP\STM3210C-EVAL\Obj: [1]
    can_bus.o                 1 960             1 320
    etharp.o                  2 588               201
    ethernetif.o                720             9 224
    fun.o                     1 072               212
    icmp.o                      504
    inet.o                       54
    inet_chksum.o               172
    ip.o                        872                10
    ip_addr.o                    84
    ip_frag.o                 1 496             1 510
    logic_ctrl.o              4 872             4 161
    main.o                    1 808        8       42
    mem.o                       868            20 513
    memp.o                      228            18 096
    misc.o                      152
    modbus_rtu.o              3 204               134
    netconf.o                   228                56
    netif.o                     320                 9
    pbuf.o                    1 398
    raw.o                       136                 4
    startup_stm32f10x_cl.o      616
    stm32_eth.o               1 814                 8
    stm32f107.o               1 610                 4
    stm32f10x_can.o           1 318
    stm32f10x_flash.o           372
    stm32f10x_gpio.o            408
    stm32f10x_it.o              196
    stm32f10x_pwr.o              12
    stm32f10x_rcc.o             488       20       20
    stm32f10x_tim.o             622
    stm32f10x_usart.o           418
    system_stm32f10x.o          408
    tcp.o                     2 108        4       29
    tcp_in.o                  4 956                48
    tcp_out.o                 2 644
    udp.o                     1 024                 4
    udpclient.o                 924               624
    -------------------------------------------------
    Total:                   42 674       32   56 229

command line: [2]
    -------------------------------------------------
    Total:

dl7M_tlf.a: [3]
    exit.o                        8
    low_level_init.o              4
    -------------------------------------------------
    Total:                       12

rt7M_tl.a: [4]
    ABImemcpy.o                 112
    ABImemset.o                 102
    cexit.o                      10
    cmain.o                      22
    copy_init3.o                 46
    cstartup_M.o                 12
    data_init3.o                 44
    zero_init3.o                 34
    -------------------------------------------------
    Total:                      382

shb_l.a: [5]
    exit.o                       20
    -------------------------------------------------
    Total:                       20

    Gaps                         16
    Linker created                        36    4 096
-----------------------------------------------------
    Grand Total:             43 104       68   60 325


*******************************************************************************
*** ENTRY LIST
***

Entry                      Address    Size  Type      Object
-----                      -------    ----  ----      ------
?main                   0x0801a71d          Code  Gb  cmain.o [4]
ADC1_2_IRQHandler       0x0801a7d9          Code  Wk  startup_stm32f10x_cl.o [1]
ADCPrescTable           0x20000010     0x4  Data  Lc  stm32f10x_rcc.o [1]
APBAHBPrescTable        0x20000000    0x10  Data  Lc  stm32f10x_rcc.o [1]
ARPTimer                0x2000db18     0x4  Data  Gb  netconf.o [1]
AddCanSendData2Queue    0x08016347    0x3e  Code  Gb  can_bus.o [1]
AddModuleStatusData2Queue
                        0x08015023    0x42  Code  Gb  logic_ctrl.o [1]
AddSendMsgToQueue       0x080171eb    0x10  Code  Gb  fun.o [1]
AddUartSendData2Queue   0x08014f2b    0x4c  Code  Gb  logic_ctrl.o [1]
AddUarttmpData2Queue    0x08014e8b    0x3e  Code  Gb  logic_ctrl.o [1]
Block_Check_Ctrl_Handle
                        0x08015e45    0xdc  Code  Gb  logic_ctrl.o [1]
BusFault_Handler        0x0801a60f     0x2  Code  Gb  stm32f10x_it.o [1]
CAN1_RX0_IRQHandler     0x0801a689    0x2c  Code  Gb  stm32f10x_it.o [1]
CAN1_RX1_IRQHandler     0x0801a7e5          Code  Wk  startup_stm32f10x_cl.o [1]
CAN1_SCE_IRQHandler     0x0801a7e9          Code  Wk  startup_stm32f10x_cl.o [1]
CAN1_TX_IRQHandler      0x0801a7dd          Code  Wk  startup_stm32f10x_cl.o [1]
CAN2_RX0_IRQHandler     0x0801a875          Code  Wk  startup_stm32f10x_cl.o [1]
CAN2_RX1_IRQHandler     0x0801a879          Code  Wk  startup_stm32f10x_cl.o [1]
CAN2_SCE_IRQHandler     0x0801a87d          Code  Wk  startup_stm32f10x_cl.o [1]
CAN2_TX_IRQHandler      0x0801a871          Code  Wk  startup_stm32f10x_cl.o [1]
CAN_ClearITPendingBit   0x080170c1    0x96  Code  Gb  stm32f10x_can.o [1]
CAN_Configuration       0x0801946b    0xaa  Code  Gb  stm32f107.o [1]
CAN_DeInit              0x08016c31    0x34  Code  Gb  stm32f10x_can.o [1]
CAN_FIFORelease         0x08016fd7    0x12  Code  Gb  stm32f10x_can.o [1]
CAN_FilterInit          0x08016d75    0xe2  Code  Gb  stm32f10x_can.o [1]
CAN_ITConfig            0x08016ea1    0x18  Code  Gb  stm32f10x_can.o [1]
CAN_Init                0x08016c65   0x110  Code  Gb  stm32f10x_can.o [1]
CAN_Receive             0x08016fe9    0xd8  Code  Gb  stm32f10x_can.o [1]
CAN_StructInit          0x08016e57    0x2e  Code  Gb  stm32f10x_can.o [1]
CAN_Transmit            0x08016eb9   0x11e  Code  Gb  stm32f10x_can.o [1]
CRCHi                   0x080181f4   0x100  Data  Gb  modbus_rtu.o [1]
CRCLo                   0x080182f4   0x100  Data  Gb  modbus_rtu.o [1]
CRC_sub                 0x08017771    0x4a  Code  Gb  modbus_rtu.o [1]
CSTACK$$Base            0x2000dba8           --   Gb  - Linker created -
CSTACK$$Limit           0x2000eba8           --   Gb  - Linker created -
DMA1_Channel1_IRQHandler
                        0x0801a7bd          Code  Wk  startup_stm32f10x_cl.o [1]
DMA1_Channel2_IRQHandler
                        0x0801a7c1          Code  Wk  startup_stm32f10x_cl.o [1]
DMA1_Channel3_IRQHandler
                        0x0801a7c5          Code  Wk  startup_stm32f10x_cl.o [1]
DMA1_Channel4_IRQHandler
                        0x0801a7c9          Code  Wk  startup_stm32f10x_cl.o [1]
DMA1_Channel5_IRQHandler
                        0x0801a7cd          Code  Wk  startup_stm32f10x_cl.o [1]
DMA1_Channel6_IRQHandler
                        0x0801a7d1          Code  Wk  startup_stm32f10x_cl.o [1]
DMA1_Channel7_IRQHandler
                        0x0801a7d5          Code  Wk  startup_stm32f10x_cl.o [1]
DMA2_Channel1_IRQHandler
                        0x0801a855          Code  Wk  startup_stm32f10x_cl.o [1]
DMA2_Channel2_IRQHandler
                        0x0801a859          Code  Wk  startup_stm32f10x_cl.o [1]
DMA2_Channel3_IRQHandler
                        0x0801a85d          Code  Wk  startup_stm32f10x_cl.o [1]
DMA2_Channel4_IRQHandler
                        0x0801a861          Code  Wk  startup_stm32f10x_cl.o [1]
DMA2_Channel5_IRQHandler
                        0x0801a865          Code  Wk  startup_stm32f10x_cl.o [1]
DMARxDescToGet          0x2000db2c     0x4  Data  Gb  stm32_eth.o [1]
DMARxDscrTab            0x2000d8c8    0x40  Data  Gb  ethernetif.o [1]
DMATxDescToSet          0x2000db28     0x4  Data  Gb  stm32_eth.o [1]
DMATxDscrTab            0x2000d9ec    0x20  Data  Gb  ethernetif.o [1]
DebugMon_Handler        0x0801a615     0x2  Code  Gb  stm32f10x_it.o [1]
ETH_DMAClearITPendingBit
                        0x08018b9b     0x8  Code  Gb  stm32_eth.o [1]
ETH_DMAITConfig         0x08018bf5    0x28  Code  Gb  stm32_eth.o [1]
ETH_DMAReceptionCmd     0x08018bd3    0x22  Code  Gb  stm32_eth.o [1]
ETH_DMARxDescChainInit  0x08018b05    0x4c  Code  Gb  stm32_eth.o [1]
ETH_DMARxDescReceiveITConfig
                        0x08018b59    0x1a  Code  Gb  stm32_eth.o [1]
ETH_DMATransmissionCmd  0x08018bb1    0x22  Code  Gb  stm32_eth.o [1]
ETH_DMATxDescChainInit  0x08018ab7    0x46  Code  Gb  stm32_eth.o [1]
ETH_DMATxDescChecksumInsertionConfig
                        0x08018afd     0x8  Code  Gb  stm32_eth.o [1]
ETH_DeInit              0x08018599    0x18  Code  Gb  stm32_eth.o [1]
ETH_Delay               0x08018c91    0x1e  Code  Lc  stm32_eth.o [1]
ETH_FlushTransmitFIFO   0x08018ba3     0xe  Code  Gb  stm32_eth.o [1]
ETH_GetCurrentTxBuffer  0x0801a5cf     0x8  Code  Gb  ethernetif.o [1]
ETH_GetDMARxDescFrameLength
                        0x08018b51     0x8  Code  Gb  stm32_eth.o [1]
ETH_GetRxPktSize        0x0801893d    0x26  Code  Gb  stm32_eth.o [1]
ETH_GetSoftwareResetStatus
                        0x08018b85    0x16  Code  Gb  stm32_eth.o [1]
ETH_IRQHandler          0x0801a669    0x20  Code  Gb  stm32f10x_it.o [1]
ETH_Init                0x080185b1   0x282  Code  Gb  stm32_eth.o [1]
ETH_MACAddressConfig    0x08018a8d    0x2a  Code  Gb  stm32_eth.o [1]
ETH_MACReceptionCmd     0x08018a63    0x2a  Code  Gb  stm32_eth.o [1]
ETH_MACTransmissionCmd  0x08018a39    0x2a  Code  Gb  stm32_eth.o [1]
ETH_ReadPHYRegister     0x08018963    0x6a  Code  Gb  stm32_eth.o [1]
ETH_RxPkt_ChainMode     0x0801a4eb    0x88  Code  Gb  ethernetif.o [1]
ETH_SoftwareReset       0x08018b73    0x12  Code  Gb  stm32_eth.o [1]
ETH_Start               0x0801891d    0x20  Code  Gb  stm32_eth.o [1]
ETH_StructInit          0x08018833    0xea  Code  Gb  stm32_eth.o [1]
ETH_TxPkt_ChainMode     0x0801a573    0x5c  Code  Gb  ethernetif.o [1]
ETH_WKUP_IRQHandler     0x0801a86d          Code  Wk  startup_stm32f10x_cl.o [1]
ETH_WritePHYRegister    0x080189cd    0x6c  Code  Gb  stm32_eth.o [1]
EXTI0_IRQHandler        0x0801a7a9          Code  Wk  startup_stm32f10x_cl.o [1]
EXTI15_10_IRQHandler    0x0801a831          Code  Wk  startup_stm32f10x_cl.o [1]
EXTI1_IRQHandler        0x0801a7ad          Code  Wk  startup_stm32f10x_cl.o [1]
EXTI2_IRQHandler        0x0801a7b1          Code  Wk  startup_stm32f10x_cl.o [1]
EXTI3_IRQHandler        0x0801a7b5          Code  Wk  startup_stm32f10x_cl.o [1]
EXTI4_IRQHandler        0x0801a7b9          Code  Wk  startup_stm32f10x_cl.o [1]
EXTI9_5_IRQHandler      0x0801a7ed          Code  Wk  startup_stm32f10x_cl.o [1]
Encoder_Init            0x08019515    0x96  Code  Gb  stm32f107.o [1]
EthInitStatus           0x2000db30     0x4  Data  Gb  stm32f107.o [1]
Ethernet_Configuration  0x0801960d    0x9e  Code  Gb  stm32f107.o [1]
FLASH_ClearFlag         0x08016b97     0x8  Code  Gb  stm32f10x_flash.o [1]
FLASH_ErasePage         0x08016ae5    0x64  Code  Gb  stm32f10x_flash.o [1]
FLASH_GetStatus         0x08016b9f    0x2c  Code  Gb  stm32f10x_flash.o [1]
FLASH_IRQHandler        0x0801a7a1          Code  Wk  startup_stm32f10x_cl.o [1]
FLASH_Lock              0x08016ad3    0x12  Code  Gb  stm32f10x_flash.o [1]
FLASH_ProgramHalfWord   0x08016b49    0x4e  Code  Gb  stm32f10x_flash.o [1]
FLASH_Unlock            0x08016abd    0x16  Code  Gb  stm32f10x_flash.o [1]
FLASH_WaitForLastOperation
                        0x08016be5    0x30  Code  Gb  stm32f10x_flash.o [1]
GPIO_Configuration      0x080196ab   0x2a6  Code  Gb  stm32f107.o [1]
GPIO_ETH_MediaInterfaceConfig
                        0x08016303     0x6  Code  Gb  stm32f10x_gpio.o [1]
GPIO_Init               0x0801617d    0xcc  Code  Gb  stm32f10x_gpio.o [1]
GPIO_PinRemapConfig     0x08016293    0x70  Code  Gb  stm32f10x_gpio.o [1]
GPIO_ReadInputDataBit   0x08016249    0x16  Code  Gb  stm32f10x_gpio.o [1]
GPIO_ReadOutputDataBit  0x0801625f    0x16  Code  Gb  stm32f10x_gpio.o [1]
GPIO_ResetBits          0x0801627b     0x6  Code  Gb  stm32f10x_gpio.o [1]
GPIO_SetBits            0x08016275     0x6  Code  Gb  stm32f10x_gpio.o [1]
GPIO_WriteBit           0x08016281    0x12  Code  Gb  stm32f10x_gpio.o [1]
GetModuleStatusDataFromQueue
                        0x08015065    0x2c  Code  Gb  logic_ctrl.o [1]
GetSendMsgFromQueue     0x080171fb     0xc  Code  Gb  fun.o [1]
GetUartSendDataFromQueue
                        0x08014ec9    0x2c  Code  Gb  logic_ctrl.o [1]
HardFault_Handler       0x0801a60b     0x2  Code  Gb  stm32f10x_it.o [1]
I2C1_ER_IRQHandler      0x0801a811          Code  Wk  startup_stm32f10x_cl.o [1]
I2C1_EV_IRQHandler      0x0801a80d          Code  Wk  startup_stm32f10x_cl.o [1]
I2C2_ER_IRQHandler      0x0801a819          Code  Wk  startup_stm32f10x_cl.o [1]
I2C2_EV_IRQHandler      0x0801a815          Code  Wk  startup_stm32f10x_cl.o [1]
InitCanSendQueue        0x08016331    0x16  Code  Gb  can_bus.o [1]
InitModuleStatusQueue   0x0801500d    0x16  Code  Gb  logic_ctrl.o [1]
InitSendMsgQueue        0x080171dd     0xe  Code  Gb  fun.o [1]
InitUartSendQueue       0x08014e75    0x16  Code  Gb  logic_ctrl.o [1]
InputScanProc           0x080150a5   0x7d6  Code  Gb  logic_ctrl.o [1]
IsModuleStatusQueueFree
                        0x08015091    0x14  Code  Gb  logic_ctrl.o [1]
IsUartSendQueueFree     0x08014ef5    0x14  Code  Gb  logic_ctrl.o [1]
Linkage_Stop_Photo_Ctrl_Handle
                        0x08015ad3   0x17e  Code  Gb  logic_ctrl.o [1]
Linkage_Stream_Ctrl_Handle
                        0x08015d5d    0xe0  Code  Gb  logic_ctrl.o [1]
Linkage_stream_extra_signal
                        0x08015c59    0xf2  Code  Gb  logic_ctrl.o [1]
LocalTime               0x2000db04     0x4  Data  Gb  main.o [1]
LwIP_Init               0x08019a0d    0x84  Code  Gb  netconf.o [1]
LwIP_Periodic_Handle    0x08019a9b    0x34  Code  Gb  netconf.o [1]
LwIP_Pkt_Handle         0x08019a91     0xa  Code  Gb  netconf.o [1]
MACaddr                 0x2000dae8     0x8  Data  Gb  ethernetif.o [1]
MemManage_Handler       0x0801a60d     0x2  Code  Gb  stm32f10x_it.o [1]
Modbus_RTU_Comm_Process
                        0x08018089   0x122  Code  Gb  modbus_rtu.o [1]
Modbus_RTU_Read_Reg_Cmd
                        0x08017947    0x58  Code  Gb  modbus_rtu.o [1]
Modbus_RTU_Write_Multi_Reg_Cmd
                        0x08017893    0xb4  Code  Gb  modbus_rtu.o [1]
NMI_Handler             0x0801a609     0x2  Code  Gb  stm32f10x_it.o [1]
NVIC_Configuration      0x08019999    0x72  Code  Gb  stm32f107.o [1]
NVIC_Init               0x0801a2ab    0x66  Code  Gb  misc.o [1]
NVIC_PriorityGroupConfig
                        0x0801a2a1     0xa  Code  Gb  misc.o [1]
NVIC_SetPriority        0x080193c1    0x26  Code  Lc  stm32f107.o [1]
NVIC_SetVectorTable     0x0801a311     0xc  Code  Gb  misc.o [1]
NVIC_SystemReset        0x08016315    0x1c  Code  Lc  can_bus.o [1]
NVIC_SystemReset        0x08017159    0x1c  Code  Lc  fun.o [1]
OTG_FS_IRQHandler       0x0801a881          Code  Wk  startup_stm32f10x_cl.o [1]
OTG_FS_WKUP_IRQHandler  0x0801a839          Code  Wk  startup_stm32f10x_cl.o [1]
PVD_IRQHandler          0x0801a795          Code  Wk  startup_stm32f10x_cl.o [1]
PWR_BackupAccessCmd     0x0801a295     0x8  Code  Gb  stm32f10x_pwr.o [1]
PendSV_Handler          0x0801a617     0x2  Code  Gb  stm32f10x_it.o [1]
RCC_AHBPeriphClockCmd   0x08017695    0x20  Code  Gb  stm32f10x_rcc.o [1]
RCC_AHBPeriphResetCmd   0x080176f5    0x20  Code  Gb  stm32f10x_rcc.o [1]
RCC_APB1PeriphClockCmd  0x080176d5    0x20  Code  Gb  stm32f10x_rcc.o [1]
RCC_APB1PeriphResetCmd  0x08017715    0x20  Code  Gb  stm32f10x_rcc.o [1]
RCC_APB2PeriphClockCmd  0x080176b5    0x20  Code  Gb  stm32f10x_rcc.o [1]
RCC_GetClocksFreq       0x08017589   0x10c  Code  Gb  stm32f10x_rcc.o [1]
RCC_IRQHandler          0x0801a7a5          Code  Wk  startup_stm32f10x_cl.o [1]
RCC_MCOConfig           0x08017735     0x6  Code  Gb  stm32f10x_rcc.o [1]
RTCAlarm_IRQHandler     0x0801a835          Code  Wk  startup_stm32f10x_cl.o [1]
RTC_IRQHandler          0x0801a79d          Code  Wk  startup_stm32f10x_cl.o [1]
Region$$Table$$Base     0x0801a6f8           --   Gb  - Linker created -
Region$$Table$$Limit    0x0801a71c           --   Gb  - Linker created -
Reset_Ctrl_Handle       0x08015f25    0x98  Code  Gb  logic_ctrl.o [1]
Reset_Start_Inverter_Handle
                        0x08015fc1    0x7e  Code  Gb  logic_ctrl.o [1]
Rx_Buff                 0x200096c0  0x17c0  Data  Gb  ethernetif.o [1]
SPI1_IRQHandler         0x0801a81d          Code  Wk  startup_stm32f10x_cl.o [1]
SPI2_IRQHandler         0x0801a821          Code  Wk  startup_stm32f10x_cl.o [1]
SPI3_IRQHandler         0x0801a841          Code  Wk  startup_stm32f10x_cl.o [1]
SVC_Handler             0x0801a613     0x2  Code  Gb  stm32f10x_it.o [1]
SetSysClock             0x0801a15b     0x8  Code  Lc  system_stm32f10x.o [1]
SetSysClockTo72         0x0801a163   0x10e  Code  Lc  system_stm32f10x.o [1]
Set_MAC_Address         0x0801a339    0x30  Code  Gb  ethernetif.o [1]
Speed_Ctrl_Process      0x0801587b   0x1a8  Code  Gb  logic_ctrl.o [1]
SysTick_Config          0x080193e7    0x36  Code  Lc  stm32f107.o [1]
SysTick_Handler         0x0801a619     0x8  Code  Gb  stm32f10x_it.o [1]
SystemInit              0x0801a0fd    0x5e  Code  Gb  system_stm32f10x.o [1]
System_Setup            0x080195ab    0x62  Code  Gb  stm32f107.o [1]
TAMPER_IRQHandler       0x0801a799          Code  Wk  startup_stm32f10x_cl.o [1]
TCPTimer                0x2000db14     0x4  Data  Gb  netconf.o [1]
TI1_Config              0x08019ffd    0x38  Code  Lc  stm32f10x_tim.o [1]
TI2_Config              0x0801a035    0x42  Code  Lc  stm32f10x_tim.o [1]
TI3_Config              0x0801a077    0x42  Code  Lc  stm32f10x_tim.o [1]
TI4_Config              0x0801a0b9    0x42  Code  Lc  stm32f10x_tim.o [1]
TIM1_BRK_IRQHandler     0x0801a7f1          Code  Wk  startup_stm32f10x_cl.o [1]
TIM1_CC_IRQHandler      0x0801a7fd          Code  Wk  startup_stm32f10x_cl.o [1]
TIM1_TRG_COM_IRQHandler
                        0x0801a7f9          Code  Wk  startup_stm32f10x_cl.o [1]
TIM1_UP_IRQHandler      0x0801a7f5          Code  Wk  startup_stm32f10x_cl.o [1]
TIM2_IRQHandler         0x0801a801          Code  Wk  startup_stm32f10x_cl.o [1]
TIM3_IRQHandler         0x0801a805          Code  Wk  startup_stm32f10x_cl.o [1]
TIM4_IRQHandler         0x0801a809          Code  Wk  startup_stm32f10x_cl.o [1]
TIM5_IRQHandler         0x0801a83d          Code  Wk  startup_stm32f10x_cl.o [1]
TIM6_IRQHandler         0x0801a84d          Code  Wk  startup_stm32f10x_cl.o [1]
TIM7_IRQHandler         0x0801a851          Code  Wk  startup_stm32f10x_cl.o [1]
TIM_Cmd                 0x08019f53    0x1c  Code  Gb  stm32f10x_tim.o [1]
TIM_EncoderInterfaceConfig
                        0x08019f6f    0x3e  Code  Gb  stm32f10x_tim.o [1]
TIM_ICInit              0x08019ecd    0x70  Code  Gb  stm32f10x_tim.o [1]
TIM_ICStructInit        0x08019f3d    0x16  Code  Gb  stm32f10x_tim.o [1]
TIM_SetCounter          0x08019fad     0x4  Code  Gb  stm32f10x_tim.o [1]
TIM_SetIC1Prescaler     0x08019fb1    0x12  Code  Gb  stm32f10x_tim.o [1]
TIM_SetIC2Prescaler     0x08019fc3    0x14  Code  Gb  stm32f10x_tim.o [1]
TIM_SetIC3Prescaler     0x08019fd7    0x12  Code  Gb  stm32f10x_tim.o [1]
TIM_SetIC4Prescaler     0x08019fe9    0x14  Code  Gb  stm32f10x_tim.o [1]
TIM_TimeBaseInit        0x08019e8d    0x36  Code  Gb  stm32f10x_tim.o [1]
Time_Update             0x08018f65   0x112  Code  Gb  main.o [1]
Tx_Buff                 0x2000ae80   0xbe0  Data  Gb  ethernetif.o [1]
UART4_IRQHandler        0x0801a845          Code  Wk  startup_stm32f10x_cl.o [1]
UART5_IRQHandler        0x0801a849          Code  Wk  startup_stm32f10x_cl.o [1]
USART1_IRQHandler       0x0801a621    0x48  Code  Gb  stm32f10x_it.o [1]
USART2_IRQHandler       0x0801a829          Code  Wk  startup_stm32f10x_cl.o [1]
USART3_IRQHandler       0x0801a82d          Code  Wk  startup_stm32f10x_cl.o [1]
USART_ClearFlag         0x08018527     0xc  Code  Gb  stm32f10x_usart.o [1]
USART_Cmd               0x0801848d    0x1c  Code  Gb  stm32f10x_usart.o [1]
USART_Configuration     0x0801941d    0x4e  Code  Gb  stm32f107.o [1]
USART_GetFlagStatus     0x0801850b    0x1c  Code  Gb  stm32f10x_usart.o [1]
USART_GetITStatus       0x08018533    0x64  Code  Gb  stm32f10x_usart.o [1]
USART_ITConfig          0x080184a9    0x52  Code  Gb  stm32f10x_usart.o [1]
USART_Init              0x080183f5    0x90  Code  Gb  stm32f10x_usart.o [1]
USART_ReceiveData       0x08018503     0x8  Code  Gb  stm32f10x_usart.o [1]
USART_SendData          0x080184fb     0x8  Code  Gb  stm32f10x_usart.o [1]
UsageFault_Handler      0x0801a611     0x2  Code  Gb  stm32f10x_it.o [1]
WWDG_IRQHandler         0x0801a791          Code  Wk  startup_stm32f10x_cl.o [1]
__aeabi_memcpy          0x08013551          Code  Gb  ABImemcpy.o [4]
__aeabi_memcpy4         0x0801356b          Code  Gb  ABImemcpy.o [4]
__aeabi_memcpy8         0x0801356b          Code  Gb  ABImemcpy.o [4]
__aeabi_memset          0x080135c1          Code  Gb  ABImemset.o [4]
__cmain                 0x0801a71d          Code  Gb  cmain.o [4]
__exit                  0x0801a74d    0x14  Code  Gb  exit.o [5]
__iar_Memset            0x080135c1          Code  Gb  ABImemset.o [4]
__iar_Memset_word       0x080135c9          Code  Gb  ABImemset.o [4]
__iar_copy_init3        0x08012e13    0x2e  Code  Gb  copy_init3.o [4]
__iar_data_init3        0x0801a6cd    0x2c  Code  Gb  data_init3.o [4]
__iar_program_start     0x0801a761          Code  Gb  cstartup_M.o [4]
__iar_zero_init3        0x080131c7    0x22  Code  Gb  zero_init3.o [4]
__low_level_init        0x0801a733     0x4  Code  Gb  low_level_init.o [3]
__vector_table          0x08010000          Data  Gb  startup_stm32f10x_cl.o [1]
_call_main              0x0801a729          Code  Gb  cmain.o [4]
_exit                   0x0801a741          Code  Gb  cexit.o [4]
_main                   0x0801a72f          Code  Gb  cmain.o [4]
ackno                   0x2000db58     0x4  Data  Lc  tcp_in.o [1]
arp_table               0x2000d6d4    0xc8  Data  Lc  etharp.o [1]
bEmergencyInfo          0x2000dab8     0xc  Data  Gb  logic_ctrl.o [1]
bPhoto1Info             0x2000da4c     0xc  Data  Gb  logic_ctrl.o [1]
bPhoto2Info             0x2000da58     0xc  Data  Gb  logic_ctrl.o [1]
bPhoto3Info             0x2000da64     0xc  Data  Gb  logic_ctrl.o [1]
bPhoto4Info             0x2000da70     0xc  Data  Gb  logic_ctrl.o [1]
bPhoto5Info             0x2000da7c     0xc  Data  Gb  logic_ctrl.o [1]
bResetInfo              0x2000da88     0xc  Data  Gb  logic_ctrl.o [1]
bStartInfo              0x2000da94     0xc  Data  Gb  logic_ctrl.o [1]
bStopInfo               0x2000daa0     0xc  Data  Gb  logic_ctrl.o [1]
bStreamInfo             0x2000daac     0xc  Data  Gb  logic_ctrl.o [1]
block_check_time_cnt    0x2000d9a0    0x28  Data  Gb  logic_ctrl.o [1]
buf                     0x2000c280   0x5e0  Data  Lc  ip_frag.o [1]
canSendQueue            0x2000da34     0xc  Data  Gb  can_bus.o [1]
canSendQueueBuff        0x2000cb30   0x2bc  Data  Gb  can_bus.o [1]
can_bus_frame_receive   0x08016539   0x264  Code  Gb  can_bus.o [1]
can_bus_reply_read_user_paras
                        0x080168a5    0x40  Code  Gb  can_bus.o [1]
can_bus_reply_write_user_paras
                        0x08016925    0x40  Code  Gb  can_bus.o [1]
can_bus_send_func_select_cmd
                        0x0801699d    0x20  Code  Gb  can_bus.o [1]
can_bus_send_module_status
                        0x080169bd    0x62  Code  Gb  can_bus.o [1]
can_bus_send_msg        0x0801679d    0xd4  Code  Gb  can_bus.o [1]
can_bus_send_one_frame  0x08016385    0x5c  Code  Gb  can_bus.o [1]
can_bus_send_read_user_paras
                        0x08016871    0x34  Code  Gb  can_bus.o [1]
can_bus_send_reset_cmd  0x08016983    0x1a  Code  Gb  can_bus.o [1]
can_bus_send_start_cmd  0x08016965    0x1e  Code  Gb  can_bus.o [1]
can_bus_send_write_user_paras
                        0x080168e5    0x40  Code  Gb  can_bus.o [1]
can_recv_buff           0x2000d2f0   0x12c  Data  Gb  can_bus.o [1]
can_recv_len            0x2000db6a     0x2  Data  Gb  can_bus.o [1]
can_send_buff           0x2000d1c4   0x12c  Data  Gb  can_bus.o [1]
can_send_frame_process  0x08016a1f    0x46  Code  Gb  can_bus.o [1]
can_send_len            0x2000db68     0x2  Data  Gb  can_bus.o [1]
comm_busy_flag          0x2000db93     0x1  Data  Gb  logic_ctrl.o [1]
comm_node               0x2000dadc     0xc  Data  Gb  logic_ctrl.o [1]
comm_recv_rw_comand     0x08017d89   0x300  Code  Gb  modbus_rtu.o [1]
comm_send_rw_comand     0x0801799f   0x3ea  Code  Gb  modbus_rtu.o [1]
creat_udp_connect_process
                        0x08019af1    0x92  Code  Gb  udpclient.o [1]
current_header          0x2000dafc     0x4  Data  Lc  ip.o [1]
current_netif           0x2000daf8     0x4  Data  Lc  ip.o [1]
delay                   0x08016c15    0x1c  Code  Lc  stm32f10x_flash.o [1]
enQueue                 0x08017185    0x32  Code  Gb  fun.o [1]
etharp_arp_input        0x08014873   0x156  Code  Gb  etharp.o [1]
etharp_cached_entry     0x2000db92     0x1  Data  Lc  etharp.o [1]
etharp_ip_input         0x0801484d    0x26  Code  Gb  etharp.o [1]
etharp_output           0x080149c9    0xc0  Code  Gb  etharp.o [1]
etharp_query            0x08014a89   0x1ac  Code  Gb  etharp.o [1]
etharp_raw              0x08014c3d    0xf0  Code  Lc  etharp.o [1]
etharp_request          0x08014d2d    0x28  Code  Gb  etharp.o [1]
etharp_send_ip          0x08014709    0x40  Code  Lc  etharp.o [1]
etharp_tmr              0x080143d5    0xba  Code  Gb  etharp.o [1]
ethbroadcast            0x08014db8     0x8  Data  Gb  etharp.o [1]
ethernet_input          0x08014d55    0x62  Code  Gb  etharp.o [1]
ethernetif_init         0x0801a4af    0x3c  Code  Gb  ethernetif.o [1]
ethernetif_input        0x0801a47b    0x34  Code  Gb  ethernetif.o [1]
ethzero                 0x08014dc0     0x8  Data  Gb  etharp.o [1]
exit                    0x0801a737     0x8  Code  Gb  exit.o [3]
find_entry              0x0801448f   0x27a  Code  Lc  etharp.o [1]
flags                   0x2000dba3     0x1  Data  Lc  tcp_in.o [1]
free_etharp_q           0x080143ad    0x28  Code  Lc  etharp.o [1]
freq_check_cnt          0x2000db8c     0x2  Data  Gb  modbus_rtu.o [1]
g_SegBytes              0x2000db6c     0x2  Data  Gb  can_bus.o [1]
g_SegNum                0x2000db91     0x1  Data  Gb  can_bus.o [1]
g_SegPolo               0x2000db90     0x1  Data  Gb  can_bus.o [1]
g_block_disable_flag    0x2000db98     0x1  Data  Gb  logic_ctrl.o [1]
g_link_down_stream_status
                        0x2000db96     0x1  Data  Gb  logic_ctrl.o [1]
g_link_up_stream_status
                        0x2000db95     0x1  Data  Gb  logic_ctrl.o [1]
g_speed_gear_status     0x2000db97     0x1  Data  Gb  logic_ctrl.o [1]
g_speed_set_sta         0x2000dba0     0x1  Data  Gb  modbus_rtu.o [1]
get_CRC                 0x080177bb    0x12  Code  Gb  modbus_rtu.o [1]
get_inverter_fault_status
                        0x08015aa1    0x32  Code  Gb  logic_ctrl.o [1]
get_ip_para_process     0x08019e19    0x64  Code  Gb  udpclient.o [1]
get_photo_input_status  0x08015a23    0x7a  Code  Gb  logic_ctrl.o [1]
half_sec_flag           0x2000db76     0x2  Data  Gb  main.o [1]
half_sec_reg            0x2000001a     0x2  Data  Gb  main.o [1]
heart_dely              0x2000db9a     0x1  Data  Gb  main.o [1]
htonl                   0x080114c3    0x18  Code  Gb  inet.o [1]
htons                   0x080114ad     0xc  Code  Gb  inet.o [1]
icmp_dest_unreach       0x08014323     0xe  Code  Gb  icmp.o [1]
icmp_input              0x080141b5   0x16e  Code  Gb  icmp.o [1]
icmp_send_response      0x0801433f    0x6e  Code  Lc  icmp.o [1]
icmp_time_exceeded      0x08014331     0xe  Code  Gb  icmp.o [1]
inet_chksum             0x08014e13     0xe  Code  Gb  inet_chksum.o [1]
inet_chksum_pbuf        0x08014e21    0x54  Code  Gb  inet_chksum.o [1]
initQueue               0x08017175    0x10  Code  Gb  fun.o [1]
inseg                   0x2000da20    0x14  Data  Lc  tcp_in.o [1]
inverter_status_buffer  0x2000d864    0x64  Data  Gb  logic_ctrl.o [1]
ip_addr_any             0x08011aa8     0x4  Data  Gb  ip_addr.o [1]
ip_addr_isbroadcast     0x08011a59    0x50  Code  Gb  ip_addr.o [1]
ip_frag                 0x08013bc7   0x16a  Code  Gb  ip_frag.o [1]
ip_input                0x08013235   0x19e  Code  Gb  ip.o [1]
ip_output               0x08013515    0x3c  Code  Gb  ip.o [1]
ip_output_if            0x080133d3   0x12c  Code  Gb  ip.o [1]
ip_reass                0x08013a21   0x1a6  Code  Gb  ip_frag.o [1]
ip_reass_chain_frag_into_datagram_and_validate
                        0x080138e7   0x13a  Code  Lc  ip_frag.o [1]
ip_reass_dequeue_datagram
                        0x080138c1    0x26  Code  Lc  ip_frag.o [1]
ip_reass_enqueue_new_datagram
                        0x08013867    0x5a  Code  Lc  ip_frag.o [1]
ip_reass_free_complete_datagram
                        0x08013769    0x86  Code  Lc  ip_frag.o [1]
ip_reass_pbufcount      0x2000db70     0x2  Data  Lc  ip_frag.o [1]
ip_reass_remove_oldest_datagram
                        0x080137ef    0x78  Code  Lc  ip_frag.o [1]
ip_route                0x080131e9    0x4c  Code  Gb  ip.o [1]
iphdr                   0x2000db50     0x4  Data  Lc  tcp_in.o [1]
isHost                  0x2000db9c     0x1  Data  Gb  main.o [1]
lfree                   0x2000db10     0x4  Data  Lc  mem.o [1]
local_station           0x2000db9b     0x1  Data  Gb  main.o [1]
logic_cycle_decrease    0x08014f77    0x96  Code  Gb  logic_ctrl.o [1]
logic_uarttmp_init      0x08014f09    0x22  Code  Gb  logic_ctrl.o [1]
logic_upstream_io_allow_output
                        0x08016107    0x28  Code  Gb  logic_ctrl.o [1]
low_level_init          0x0801a369    0x8c  Code  Lc  ethernetif.o [1]
low_level_input         0x0801a423    0x58  Code  Lc  ethernetif.o [1]
low_level_output        0x0801a3f5    0x2e  Code  Lc  ethernetif.o [1]
lwip_standard_chksum    0x08014dc9    0x4a  Code  Lc  inet_chksum.o [1]
mac_addr                0x2000daf0     0x8  Data  Gb  main.o [1]
main                    0x08018ee7    0x7e  Code  Gb  main.o [1]
main_msone_process      0x0801921f   0x114  Code  Gb  main.o [1]
main_upload_run_state   0x08019077   0x1a8  Code  Gb  main.o [1]
mem_free                0x08012f25    0x4a  Code  Gb  mem.o [1]
mem_init                0x08012ed1    0x54  Code  Gb  mem.o [1]
mem_malloc              0x08013071   0x11e  Code  Gb  mem.o [1]
mem_realloc             0x08012f6f   0x102  Code  Gb  mem.o [1]
mem_sem                 0x2000db9e     0x1  Data  Lc  mem.o [1]
memcpy                  0x080131a5     0xe  Code  Gb  tcp_out.o [1]
memp_free               0x08012377    0x24  Code  Gb  memp.o [1]
memp_init               0x080122e9    0x5e  Code  Gb  memp.o [1]
memp_malloc             0x08012347    0x30  Code  Gb  memp.o [1]
memp_memory             0x20005034  0x468c  Data  Lc  memp.o [1]
memp_num                0x080123b8    0x14  Data  Lc  memp.o [1]
memp_sizes              0x080123a4    0x14  Data  Lc  memp.o [1]
memp_tab                0x2000d9c8    0x24  Data  Lc  memp.o [1]
memset                  0x080131b3    0x14  Code  Gb  udp.o [1]
moduleStatusBuff        0x2000ba60   0x820  Data  Gb  logic_ctrl.o [1]
moduleStatusQueue       0x2000dac4     0xc  Data  Gb  logic_ctrl.o [1]
module_status_recv_process
                        0x08016453    0xe6  Code  Gb  can_bus.o [1]
modulestate_index       0x2000001e     0x2  Data  Gb  main.o [1]
modulestate_readcnt     0x2000db7a     0x2  Data  Gb  main.o [1]
msgQueueBuff            0x2000d79c    0xc8  Data  Gb  fun.o [1]
msgSendQueue            0x2000da40     0xc  Data  Gb  fun.o [1]
msone_flag              0x2000db9d     0x1  Data  Gb  main.o [1]
netif                   0x2000d970    0x30  Data  Gb  netconf.o [1]
netif_add               0x08013629    0x52  Code  Gb  netif.o [1]
netif_default           0x2000db20     0x4  Data  Gb  netif.o [1]
netif_is_up             0x0801375f     0xa  Code  Gb  netif.o [1]
netif_list              0x2000db1c     0x4  Data  Gb  netif.o [1]
netif_set_addr          0x0801367b    0x20  Code  Gb  netif.o [1]
netif_set_default       0x0801371d     0x6  Code  Gb  netif.o [1]
netif_set_gw            0x08013701     0xe  Code  Gb  netif.o [1]
netif_set_ipaddr        0x0801369b    0x66  Code  Gb  netif.o [1]
netif_set_netmask       0x0801370f     0xe  Code  Gb  netif.o [1]
netif_set_up            0x08013739    0x26  Code  Gb  netif.o [1]
ntohl                   0x080114db     0x8  Code  Gb  inet.o [1]
ntohs                   0x080114b9     0xa  Code  Gb  inet.o [1]
outQueue                0x080171b7    0x26  Code  Gb  fun.o [1]
para_data_recv_process  0x080163e1    0x72  Code  Gb  can_bus.o [1]
pbuf_alloc              0x080114e3   0x1ac  Code  Gb  pbuf.o [1]
pbuf_cat                0x08011839    0x32  Code  Gb  pbuf.o [1]
pbuf_chain              0x0801186b    0x12  Code  Gb  pbuf.o [1]
pbuf_clen               0x0801181b    0x12  Code  Gb  pbuf.o [1]
pbuf_copy               0x0801187d    0xbe  Code  Gb  pbuf.o [1]
pbuf_copy_partial       0x0801193b    0x98  Code  Gb  pbuf.o [1]
pbuf_free               0x080117a5    0x76  Code  Gb  pbuf.o [1]
pbuf_header             0x08011711    0x94  Code  Gb  pbuf.o [1]
pbuf_realloc            0x0801168f    0x82  Code  Gb  pbuf.o [1]
pbuf_ref                0x0801182d     0xc  Code  Gb  pbuf.o [1]
pbuf_take               0x080119d3    0x86  Code  Gb  pbuf.o [1]
plug_holes              0x08012e41    0x90  Code  Lc  mem.o [1]
polling_num             0x2000db94     0x1  Data  Gb  logic_ctrl.o [1]
ram                     0x2000db08     0x4  Data  Lc  mem.o [1]
ram_end                 0x2000db0c     0x4  Data  Lc  mem.o [1]
ram_heap                0x20000020  0x5014  Data  Lc  mem.o [1]
raw_input               0x08013d41    0x82  Code  Gb  raw.o [1]
raw_pcbs                0x2000db24     0x4  Data  Lc  raw.o [1]
read_mac_addrs          0x08018cb1    0x5c  Code  Gb  main.o [1]
read_user_paras         0x08016045    0x8c  Code  Gb  logic_ctrl.o [1]
reassdatagrams          0x2000db00     0x4  Data  Lc  ip_frag.o [1]
recv_data               0x2000db5c     0x4  Data  Lc  tcp_in.o [1]
recv_flags              0x2000dba4     0x1  Data  Lc  tcp_in.o [1]
recv_message_from_server
                        0x08017343    0x24  Code  Gb  fun.o [1]
recv_msg_check          0x08017207    0x56  Code  Gb  fun.o [1]
recv_msg_process        0x0801725d    0xe6  Code  Gb  fun.o [1]
reset_start_flag        0x2000db99     0x1  Data  Gb  logic_ctrl.o [1]
reset_start_time_cnt    0x2000db72     0x2  Data  Gb  logic_ctrl.o [1]
scan_local_station      0x08018d0d    0xd2  Code  Gb  main.o [1]
sec_flag                0x2000db74     0x2  Data  Gb  main.o [1]
sec_process             0x08018ddf   0x108  Code  Gb  main.o [1]
sec_reg                 0x20000018     0x2  Data  Gb  main.o [1]
send_message_to_server  0x080174db    0x78  Code  Gb  fun.o [1]
send_msg_module_status_cmd
                        0x08017453    0x88  Code  Gb  fun.o [1]
send_reply_read_para_cmd
                        0x08017367    0x76  Code  Gb  fun.o [1]
send_reply_write_para_cmd
                        0x080173dd    0x76  Code  Gb  fun.o [1]
seqno                   0x2000db54     0x4  Data  Lc  tcp_in.o [1]
stopspeed_default       0x2000da0c    0x14  Data  Gb  modbus_rtu.o [1]
tcp_abandon             0x08011beb    0xb0  Code  Gb  tcp.o [1]
tcp_active_pcbs         0x2000db40     0x4  Data  Gb  tcp.o [1]
tcp_alloc               0x080120e7    0xb6  Code  Gb  tcp.o [1]
tcp_backoff             0x080122d0    0x10  Data  Gb  tcp.o [1]
tcp_bound_pcbs          0x2000db38     0x4  Data  Gb  tcp.o [1]
tcp_client_list         0x2000cdec   0x270  Data  Gb  udpclient.o [1]
tcp_close               0x08011acb   0x120  Code  Gb  tcp.o [1]
tcp_eff_send_mss        0x080122a9    0x28  Code  Gb  tcp.o [1]
tcp_enqueue             0x0801245d   0x48e  Code  Gb  tcp_out.o [1]
tcp_fasttmr             0x08011f9d    0x6e  Code  Gb  tcp.o [1]
tcp_input               0x08010151   0x4bc  Code  Gb  tcp_in.o [1]
tcp_input_pcb           0x2000db60     0x4  Data  Gb  tcp_in.o [1]
tcp_keepalive           0x08012d6f    0x4a  Code  Gb  tcp_out.o [1]
tcp_kill_prio           0x08012069    0x4a  Code  Lc  tcp.o [1]
tcp_kill_timewait       0x080120b3    0x34  Code  Lc  tcp.o [1]
tcp_listen_input        0x0801060d   0x146  Code  Lc  tcp_in.o [1]
tcp_listen_pcbs         0x2000db3c     0x4  Data  Gb  tcp.o [1]
tcp_next_iss            0x08012263    0x14  Code  Gb  tcp.o [1]
tcp_output              0x080128eb   0x26c  Code  Gb  tcp_out.o [1]
tcp_output_segment      0x08012b57    0xbe  Code  Lc  tcp_out.o [1]
tcp_output_set_header   0x080123cd    0x76  Code  Lc  tcp_out.o [1]
tcp_parseopt            0x080113d9    0xae  Code  Lc  tcp_in.o [1]
tcp_pcb_purge           0x0801219d    0x3a  Code  Gb  tcp.o [1]
tcp_pcb_remove          0x080121d7    0x8c  Code  Gb  tcp.o [1]
tcp_persist_backoff     0x080122e0     0x8  Data  Gb  tcp.o [1]
tcp_process             0x080107a1   0x550  Code  Lc  tcp_in.o [1]
tcp_receive             0x08010d25   0x6ae  Code  Lc  tcp_in.o [1]
tcp_recv_null           0x0801204b    0x1e  Code  Lc  tcp.o [1]
tcp_rexmit              0x08012d1b    0x54  Code  Gb  tcp_out.o [1]
tcp_rexmit_rto          0x08012ce7    0x34  Code  Gb  tcp_out.o [1]
tcp_rst                 0x08012c21    0xc6  Code  Gb  tcp_out.o [1]
tcp_seg_free            0x08012025    0x26  Code  Gb  tcp.o [1]
tcp_segs_free           0x0801200b    0x1a  Code  Gb  tcp.o [1]
tcp_send_ctrl           0x08012443    0x1a  Code  Gb  tcp_out.o [1]
tcp_slowtmr             0x08011cd3   0x2ca  Code  Gb  tcp.o [1]
tcp_ticks               0x2000db34     0x4  Data  Gb  tcp.o [1]
tcp_timer               0x2000dba2     0x1  Data  Lc  tcp.o [1]
tcp_timewait_input      0x08010753    0x4e  Code  Lc  tcp_in.o [1]
tcp_tmp_pcb             0x2000db48     0x4  Data  Gb  tcp.o [1]
tcp_tmr                 0x08011aad    0x1e  Code  Gb  tcp.o [1]
tcp_tw_pcbs             0x2000db44     0x4  Data  Gb  tcp.o [1]
tcp_update_rcv_ann_wnd  0x08011c9b    0x38  Code  Gb  tcp.o [1]
tcp_zero_window_probe   0x08012db9    0x5a  Code  Gb  tcp_out.o [1]
tcphdr                  0x2000db4c     0x4  Data  Lc  tcp_in.o [1]
tcplen                  0x2000db8e     0x2  Data  Lc  tcp_in.o [1]
uart1_commu_state       0x2000db9f     0x1  Data  Gb  modbus_rtu.o [1]
uart1_recv_buff         0x2000d93c    0x34  Data  Gb  modbus_rtu.o [1]
uart1_recv_count        0x2000db88     0x2  Data  Gb  modbus_rtu.o [1]
uart1_send              0x08017823    0x70  Code  Gb  modbus_rtu.o [1]
uart1_send_buff         0x2000d908    0x34  Data  Gb  modbus_rtu.o [1]
uart1_send_count        0x2000db86     0x2  Data  Gb  modbus_rtu.o [1]
uart1_tmr               0x2000db8a     0x2  Data  Gb  modbus_rtu.o [1]
uartSendQueue           0x2000dad0     0xc  Data  Gb  logic_ctrl.o [1]
uartSendQueueBuff       0x2000d05c   0x168  Data  Gb  logic_ctrl.o [1]
uart_recv_timeout       0x080177cd    0x56  Code  Gb  modbus_rtu.o [1]
uarttmpQueueBuff        0x2000c860   0x2d0  Data  Gb  logic_ctrl.o [1]
udp_bind                0x080140b9    0x78  Code  Gb  udp.o [1]
udp_client_process      0x08019db5    0x64  Code  Gb  udpclient.o [1]
udp_connect             0x08014131    0x5a  Code  Gb  udp.o [1]
udp_echoclient_connect  0x08019b83    0xe4  Code  Gb  udpclient.o [1]
udp_input               0x08013dc9   0x1c6  Code  Gb  udp.o [1]
udp_new                 0x08014195    0x20  Code  Gb  udp.o [1]
udp_pcbs                0x2000db64     0x4  Data  Gb  udp.o [1]
udp_receive_callback    0x08019c67    0xe8  Code  Gb  udpclient.o [1]
udp_recv                0x0801418b     0x6  Code  Gb  udp.o [1]
udp_send                0x08013f8f     0xc  Code  Gb  udp.o [1]
udp_send_process        0x08019d4f    0x66  Code  Gb  udpclient.o [1]
udp_sendto              0x08013f9b    0x2c  Code  Gb  udp.o [1]
udp_sendto_if           0x08013fc7    0xf2  Code  Gb  udp.o [1]
update_arp_entry        0x08014749   0x104  Code  Lc  etharp.o [1]
upload_55ms             0x2000db7c     0x2  Data  Gb  main.o [1]
upload_600ms            0x2000db7e     0x2  Data  Gb  main.o [1]
upload_600ms_1          0x2000db84     0x2  Data  Gb  main.o [1]
upload_600ms_2          0x2000db82     0x2  Data  Gb  main.o [1]
upload_600ms_3          0x2000db80     0x2  Data  Gb  main.o [1]
upload_runcnt           0x2000db78     0x2  Data  Gb  main.o [1]
upload_time_delay       0x2000001c     0x2  Data  Gb  main.o [1]
user_paras_local        0x2000d41c    0xe8  Data  Gb  logic_ctrl.o [1]
user_paras_slave        0x2000d504    0xe8  Data  Gb  logic_ctrl.o [1]
user_paras_temp         0x2000d5ec    0xe8  Data  Gb  logic_ctrl.o [1]
write_user_paras        0x080160d5    0x32  Code  Gb  logic_ctrl.o [1]


[1] = E:\iotitem_vs\IOT_CTRL_PROJECT_1_2_V1.8_20230826\Project\EWARMv5_IAP\STM3210C-EVAL\Obj
[2] = command line
[3] = dl7M_tlf.a
[4] = rt7M_tl.a
[5] = shb_l.a

  43 104 bytes of readonly  code memory
      68 bytes of readonly  data memory
  60 325 bytes of readwrite data memory

Errors: none
Warnings: none
